Archive member included to satisfy reference by file (symbol)

f:/mounriver_studio/toolchain/risc-v embedded gcc/bin/../lib/gcc/riscv-none-embed/8.2.0/../../../../riscv-none-embed/lib/rv32imacxw/ilp32\libprintfloat.a(printfloat.o)
                              ./User/lcd.o (printf)
f:/mounriver_studio/toolchain/risc-v embedded gcc/bin/../lib/gcc/riscv-none-embed/8.2.0/rv32imacxw/ilp32\libgcc.a(_udivdi3.o)
                              f:/mounriver_studio/toolchain/risc-v embedded gcc/bin/../lib/gcc/riscv-none-embed/8.2.0/../../../../riscv-none-embed/lib/rv32imacxw/ilp32\libprintfloat.a(printfloat.o) (__udivdi3)
f:/mounriver_studio/toolchain/risc-v embedded gcc/bin/../lib/gcc/riscv-none-embed/8.2.0/rv32imacxw/ilp32\libgcc.a(_umoddi3.o)
                              f:/mounriver_studio/toolchain/risc-v embedded gcc/bin/../lib/gcc/riscv-none-embed/8.2.0/../../../../riscv-none-embed/lib/rv32imacxw/ilp32\libprintfloat.a(printfloat.o) (__umoddi3)
f:/mounriver_studio/toolchain/risc-v embedded gcc/bin/../lib/gcc/riscv-none-embed/8.2.0/rv32imacxw/ilp32\libgcc.a(divdf3.o)
                              ./User/serial.o (__divdf3)
f:/mounriver_studio/toolchain/risc-v embedded gcc/bin/../lib/gcc/riscv-none-embed/8.2.0/rv32imacxw/ilp32\libgcc.a(eqdf2.o)
                              ./User/serial.o (__nedf2)
f:/mounriver_studio/toolchain/risc-v embedded gcc/bin/../lib/gcc/riscv-none-embed/8.2.0/rv32imacxw/ilp32\libgcc.a(gedf2.o)
                              ./User/main.o (__gtdf2)
f:/mounriver_studio/toolchain/risc-v embedded gcc/bin/../lib/gcc/riscv-none-embed/8.2.0/rv32imacxw/ilp32\libgcc.a(ledf2.o)
                              ./User/main.o (__ltdf2)
f:/mounriver_studio/toolchain/risc-v embedded gcc/bin/../lib/gcc/riscv-none-embed/8.2.0/rv32imacxw/ilp32\libgcc.a(muldf3.o)
                              ./User/main.o (__muldf3)
f:/mounriver_studio/toolchain/risc-v embedded gcc/bin/../lib/gcc/riscv-none-embed/8.2.0/rv32imacxw/ilp32\libgcc.a(subdf3.o)
                              ./User/sht31_soft.o (__subdf3)
f:/mounriver_studio/toolchain/risc-v embedded gcc/bin/../lib/gcc/riscv-none-embed/8.2.0/rv32imacxw/ilp32\libgcc.a(fixunsdfsi.o)
                              ./User/main.o (__fixunsdfsi)
f:/mounriver_studio/toolchain/risc-v embedded gcc/bin/../lib/gcc/riscv-none-embed/8.2.0/rv32imacxw/ilp32\libgcc.a(floatsidf.o)
                              ./User/serial.o (__floatsidf)
f:/mounriver_studio/toolchain/risc-v embedded gcc/bin/../lib/gcc/riscv-none-embed/8.2.0/rv32imacxw/ilp32\libgcc.a(fixdfdi.o)
                              f:/mounriver_studio/toolchain/risc-v embedded gcc/bin/../lib/gcc/riscv-none-embed/8.2.0/../../../../riscv-none-embed/lib/rv32imacxw/ilp32\libprintfloat.a(printfloat.o) (__fixdfdi)
f:/mounriver_studio/toolchain/risc-v embedded gcc/bin/../lib/gcc/riscv-none-embed/8.2.0/rv32imacxw/ilp32\libgcc.a(floatdidf.o)
                              f:/mounriver_studio/toolchain/risc-v embedded gcc/bin/../lib/gcc/riscv-none-embed/8.2.0/../../../../riscv-none-embed/lib/rv32imacxw/ilp32\libprintfloat.a(printfloat.o) (__floatdidf)
f:/mounriver_studio/toolchain/risc-v embedded gcc/bin/../lib/gcc/riscv-none-embed/8.2.0/rv32imacxw/ilp32\libgcc.a(save-restore.o)
                              ./User/lcd.o (__riscv_save_12)
f:/mounriver_studio/toolchain/risc-v embedded gcc/bin/../lib/gcc/riscv-none-embed/8.2.0/rv32imacxw/ilp32\libgcc.a(_clz.o)
                              f:/mounriver_studio/toolchain/risc-v embedded gcc/bin/../lib/gcc/riscv-none-embed/8.2.0/rv32imacxw/ilp32\libgcc.a(_udivdi3.o) (__clz_tab)
f:/mounriver_studio/toolchain/risc-v embedded gcc/bin/../lib/gcc/riscv-none-embed/8.2.0/rv32imacxw/ilp32\libgcc.a(_clzsi2.o)
                              f:/mounriver_studio/toolchain/risc-v embedded gcc/bin/../lib/gcc/riscv-none-embed/8.2.0/rv32imacxw/ilp32\libgcc.a(divdf3.o) (__clzsi2)
f:/mounriver_studio/toolchain/risc-v embedded gcc/bin/../lib/gcc/riscv-none-embed/8.2.0/../../../../riscv-none-embed/lib/rv32imacxw/ilp32\libg_nano.a(lib_a-atoi.o)
                              ./User/output.o (atoi)
f:/mounriver_studio/toolchain/risc-v embedded gcc/bin/../lib/gcc/riscv-none-embed/8.2.0/../../../../riscv-none-embed/lib/rv32imacxw/ilp32\libg_nano.a(lib_a-memcpy.o)
                              ./User/main.o (memcpy)
f:/mounriver_studio/toolchain/risc-v embedded gcc/bin/../lib/gcc/riscv-none-embed/8.2.0/../../../../riscv-none-embed/lib/rv32imacxw/ilp32\libg_nano.a(lib_a-memset.o)
                              ./User/lcd.o (memset)
f:/mounriver_studio/toolchain/risc-v embedded gcc/bin/../lib/gcc/riscv-none-embed/8.2.0/../../../../riscv-none-embed/lib/rv32imacxw/ilp32\libg_nano.a(lib_a-strncpy.o)
                              ./User/output.o (strncpy)
f:/mounriver_studio/toolchain/risc-v embedded gcc/bin/../lib/gcc/riscv-none-embed/8.2.0/../../../../riscv-none-embed/lib/rv32imacxw/ilp32\libg_nano.a(lib_a-strstr.o)
                              ./User/serial.o (strstr)
[...]
Memory Configuration

Name             Origin             Length             Attributes
FLASH            0x0000000000000000 0x0000000000048000 xr
RAM              0x0000000020000000 0x0000000000008000 xrw
*default*        0x0000000000000000 0xffffffffffffffff

Linker script and memory map

LOAD ./User/AP3216C.o
LOAD ./User/IIC.o
LOAD ./User/MyI2C.o
LOAD ./User/ch32v30x_it.o
LOAD ./User/lcd.o
LOAD ./User/main.o
LOAD ./User/output.o
LOAD ./User/serial.o
LOAD ./User/sht31_soft.o
LOAD ./User/system_ch32v30x.o
LOAD ./Startup/startup_ch32v30x_D8C.o
LOAD ./Peripheral/src/ch32v30x_adc.o
LOAD ./Peripheral/src/ch32v30x_bkp.o
LOAD ./Peripheral/src/ch32v30x_can.o
LOAD ./Peripheral/src/ch32v30x_crc.o
LOAD ./Peripheral/src/ch32v30x_dac.o
LOAD ./Peripheral/src/ch32v30x_dbgmcu.o
LOAD ./Peripheral/src/ch32v30x_dma.o
LOAD ./Peripheral/src/ch32v30x_dvp.o
LOAD ./Peripheral/src/ch32v30x_eth.o
LOAD ./Peripheral/src/ch32v30x_exti.o
LOAD ./Peripheral/src/ch32v30x_flash.o
LOAD ./Peripheral/src/ch32v30x_fsmc.o
LOAD ./Peripheral/src/ch32v30x_gpio.o
LOAD ./Peripheral/src/ch32v30x_i2c.o
LOAD ./Peripheral/src/ch32v30x_iwdg.o
LOAD ./Peripheral/src/ch32v30x_misc.o
LOAD ./Peripheral/src/ch32v30x_opa.o
LOAD ./Peripheral/src/ch32v30x_pwr.o
LOAD ./Peripheral/src/ch32v30x_rcc.o
LOAD ./Peripheral/src/ch32v30x_rng.o
LOAD ./Peripheral/src/ch32v30x_rtc.o
LOAD ./Peripheral/src/ch32v30x_sdio.o
LOAD ./Peripheral/src/ch32v30x_spi.o
LOAD ./Peripheral/src/ch32v30x_tim.o
LOAD ./Peripheral/src/ch32v30x_usart.o
LOAD ./Peripheral/src/ch32v30x_wwdg.o
LOAD ./Debug/debug.o
LOAD ./Core/core_riscv.o
LOAD f:/mounriver_studio/toolchain/risc-v embedded gcc/bin/../lib/gcc/riscv-none-embed/8.2.0/../../../../riscv-none-embed/lib/rv32imacxw/ilp32\libm.a
LOAD f:/mounriver_studio/toolchain/risc-v embedded gcc/bin/../lib/gcc/riscv-none-embed/8.2.0/../../../../riscv-none-embed/lib/rv32imacxw/ilp32\libprintfloat.a
LOAD f:/mounriver_studio/toolchain/risc-v embedded gcc/bin/../lib/gcc/riscv-none-embed/8.2.0/rv32imacxw/ilp32\libgcc.a
LOAD f:/mounriver_studio/toolchain/risc-v embedded gcc/bin/../lib/gcc/riscv-none-embed/8.2.0/../../../../riscv-none-embed/lib/rv32imacxw/ilp32\libg_nano.a
LOAD f:/mounriver_studio/toolchain/risc-v embedded gcc/bin/../lib/gcc/riscv-none-embed/8.2.0/../../../../riscv-none-embed/lib/rv32imacxw/ilp32\libc_nano.a
LOAD f:/mounriver_studio/toolchain/risc-v embedded gcc/bin/../lib/gcc/riscv-none-embed/8.2.0/rv32imacxw/ilp32\libgcc.a
START GROUP
LOAD f:/mounriver_studio/toolchain/risc-v embedded gcc/bin/../lib/gcc/riscv-none-embed/8.2.0/rv32imacxw/ilp32\libgcc.a
LOAD f:/mounriver_studio/toolchain/risc-v embedded gcc/bin/../lib/gcc/riscv-none-embed/8.2.0/../../../../riscv-none-embed/lib/rv32imacxw/ilp32\libc_nano.a
LOAD f:/mounriver_studio/toolchain/risc-v embedded gcc/bin/../lib/gcc/riscv-none-embed/8.2.0/../../../../riscv-none-embed/lib/rv32imacxw/ilp32\libnosys.a
END GROUP
START GROUP
LOAD f:/mounriver_studio/toolchain/risc-v embedded gcc/bin/../lib/gcc/riscv-none-embed/8.2.0/rv32imacxw/ilp32\libgcc.a
LOAD f:/mounriver_studio/toolchain/risc-v embedded gcc/bin/../lib/gcc/riscv-none-embed/8.2.0/../../../../riscv-none-embed/lib/rv32imacxw/ilp32\libc_nano.a
LOAD f:/mounriver_studio/toolchain/risc-v embedded gcc/bin/../lib/gcc/riscv-none-embed/8.2.0/../../../../riscv-none-embed/lib/rv32imacxw/ilp32\libnosys.a
END GROUP
                0x0000000000000800                __stack_size = 0x800
                [!provide]                        PROVIDE (_stack_size = __stack_size)

.init           0x0000000000000000        0x4
                0x0000000000000000                _sinit = .
                0x0000000000000000                . = ALIGN (0x4)
 *(SORT_NONE(.init))
 .init          0x0000000000000000        0x4 ./Startup/startup_ch32v30x_D8C.o
                0x0000000000000000                _start
                0x0000000000000004                . = ALIGN (0x4)
                0x0000000000000004                _einit = .

.vector         0x0000000000000004      0x1bc
 *(.vector)
 .vector        0x0000000000000004      0x1a0 ./Startup/startup_ch32v30x_D8C.o
                0x00000000000001c0                . = ALIGN (0x40)
 *fill*         0x00000000000001a4       0x1c 

.text           0x00000000000001c0     0xa08c
                0x00000000000001c0                . = ALIGN (0x4)
 *(.text)
 .text          0x00000000000001c0       0x60 f:/mounriver_studio/toolchain/risc-v embedded gcc/bin/../lib/gcc/riscv-none-embed/8.2.0/rv32imacxw/ilp32\libgcc.a(save-restore.o)
                0x00000000000001c0                __riscv_save_12
                0x00000000000001c8                __riscv_save_9
                0x00000000000001c8                __riscv_save_11
                0x00000000000001c8                __riscv_save_10
                0x00000000000001c8                __riscv_save_8
                0x00000000000001d6                __riscv_save_4
                0x00000000000001d6                __riscv_save_6
                0x00000000000001d6                __riscv_save_5
                0x00000000000001d6                __riscv_save_7
                0x00000000000001f0                __riscv_save_3
                0x00000000000001f0                __riscv_save_2
                0x00000000000001f0                __riscv_save_1
                0x00000000000001f0                __riscv_save_0
                0x00000000000001fc                __riscv_restore_12
                0x0000000000000200                __riscv_restore_11
                0x0000000000000200                __riscv_restore_9
                0x0000000000000200                __riscv_restore_10
                0x0000000000000200                __riscv_restore_8
                0x000000000000020a                __riscv_restore_5
                0x000000000000020a                __riscv_restore_7
                0x000000000000020a                __riscv_restore_6
                0x000000000000020a                __riscv_restore_4
                0x0000000000000214                __riscv_restore_3
                0x0000000000000214                __riscv_restore_0
                0x0000000000000214                __riscv_restore_2
                0x0000000000000214                __riscv_restore_1
 .text          0x0000000000000220       0xa8 f:/mounriver_studio/toolchain/risc-v embedded gcc/bin/../lib/gcc/riscv-none-embed/8.2.0/../../../../riscv-none-embed/lib/rv32imacxw/ilp32\libg_nano.a(lib_a-memset.o)
                0x0000000000000220                memset
 *(.text.*)
 .text.AP3216C_WriteOneByte
                0x00000000000002c8       0xb8 ./User/AP3216C.o
                0x00000000000002c8                AP3216C_WriteOneByte
 .text.AP3216C_ReadOneByte
                0x0000000000000380       0xda ./User/AP3216C.o
                0x0000000000000380                AP3216C_ReadOneByte
 .text.AP3216C_Init
                0x000000000000045a       0x30 ./User/AP3216C.o
                0x000000000000045a                AP3216C_Init
 .text.AP3216C_ReadData
                0x000000000000048a       0x74 ./User/AP3216C.o
                0x000000000000048a                AP3216C_ReadData
 .text.IIC_Init
                0x00000000000004fe       0x86 ./User/IIC.o
                0x00000000000004fe                IIC_Init
 .text.IIC_WaitEvent
                0x0000000000000584       0x26 ./User/IIC.o
                0x0000000000000584                IIC_WaitEvent
 .text.NMI_Handler
                0x00000000000005aa        0x2 ./User/ch32v30x_it.o
                0x00000000000005aa                NMI_Handler
 .text.HardFault_Handler
                0x00000000000005ac        0x2 ./User/ch32v30x_it.o
                0x00000000000005ac                HardFault_Handler
 .text.lcd_write_half_word
                0x00000000000005ae       0x12 ./User/lcd.o
                0x00000000000005ae                lcd_write_half_word
 .text.lcd_read_data
                0x00000000000005c0       0x14 ./User/lcd.o
                0x00000000000005c0                lcd_read_data
 .text.lcd_fsmc_init
                0x00000000000005d4       0xf2 ./User/lcd.o
                0x00000000000005d4                lcd_fsmc_init
 .text.lcd_gpio_init
                0x00000000000006c6       0x44 ./User/lcd.o
                0x00000000000006c6                lcd_gpio_init
 .text.lcd_set_color
                0x000000000000070a        0xe ./User/lcd.o
                0x000000000000070a                lcd_set_color
 .text.lcd_address_set
                0x0000000000000718       0x4e ./User/lcd.o
                0x0000000000000718                lcd_address_set
 .text.lcd_clear
                0x0000000000000766       0x3c ./User/lcd.o
                0x0000000000000766                lcd_clear
 .text.lcd_init
                0x00000000000007a2      0x18e ./User/lcd.o
                0x00000000000007a2                lcd_init
 .text.lcd_show_char
                0x0000000000000930      0x172 ./User/lcd.o
                0x0000000000000930                lcd_show_char
 .text.lcd_show_string
                0x0000000000000aa2       0xc8 ./User/lcd.o
                0x0000000000000aa2                lcd_show_string
 .text.lcd_show_num
                0x0000000000000b6a       0x18 ./User/lcd.o
                0x0000000000000b6a                lcd_show_num
 .text.startup.main
                0x0000000000000b82      0x4e0 ./User/main.o
                0x0000000000000b82                main
 .text.TIM6_IRQHandler
                0x0000000000001062       0x12 ./User/main.o
                0x0000000000001062                TIM6_IRQHandler
 .text.GPIO_Toggle_INIT
                0x0000000000001074       0x52 ./User/output.o
                0x0000000000001074                GPIO_Toggle_INIT
 .text.PWM_setcompare
                0x00000000000010c6       0x76 ./User/output.o
                0x00000000000010c6                PWM_setcompare
 .text.output_push
                0x000000000000113c       0x54 ./User/output.o
                0x000000000000113c                output_push
 .text.combine_output_to_msb_lsb
                0x0000000000001190       0x70 ./User/output.o
                0x0000000000001190                combine_output_to_msb_lsb
 .text.TIM1drv_PWMOut_Init
                0x0000000000001200       0xfe ./User/output.o
                0x0000000000001200                TIM1drv_PWMOut_Init
 .text.TIM9drv_PWMOut_Init
                0x00000000000012fe       0xd8 ./User/output.o
                0x00000000000012fe                TIM9drv_PWMOut_Init
 .text.TIM10drv_PWMOut_Init
                0x00000000000013d6       0xbe ./User/output.o
                0x00000000000013d6                TIM10drv_PWMOut_Init
 .text.PWM_Init
                0x0000000000001494       0x2c ./User/output.o
                0x0000000000001494                PWM_Init
 .text.Serial_SendByte
                0x00000000000014c0       0x26 ./User/serial.o
                0x00000000000014c0                Serial_SendByte
 .text.Serial_SendArray
                0x00000000000014e6       0x2a ./User/serial.o
                0x00000000000014e6                Serial_SendArray
 .text.USARTy_CFG
                0x0000000000001510       0xaa ./User/serial.o
                0x0000000000001510                USARTy_CFG
 .text.USART4_CFG
                0x00000000000015ba       0xb4 ./User/serial.o
                0x00000000000015ba                USART4_CFG
 .text.DMA_INIT
                0x000000000000166e       0x72 ./User/serial.o
                0x000000000000166e                DMA_INIT
 .text.USART6_CFG
                0x00000000000016e0       0x82 ./User/serial.o
                0x00000000000016e0                USART6_CFG
 .text.uartWriteWiFi
                0x0000000000001762       0x4c ./User/serial.o
                0x0000000000001762                uartWriteWiFi
 .text.uartWriteWiFiStr
                0x00000000000017ae       0x1e ./User/serial.o
                0x00000000000017ae                uartWriteWiFiStr
 .text.uartReadWiFi
                0x00000000000017cc       0x76 ./User/serial.o
                0x00000000000017cc                uartReadWiFi
 .text.uartAvailableWiFi
                0x0000000000001842       0x34 ./User/serial.o
                0x0000000000001842                uartAvailableWiFi
 .text.send_AT_command
                0x0000000000001876       0xaa ./User/serial.o
                0x0000000000001876                send_AT_command
 .text.send_sensor_data
                0x0000000000001920       0xcc ./User/serial.o
                0x0000000000001920                send_sensor_data
 .text.print_output
                0x00000000000019ec       0x9a ./User/serial.o
                0x00000000000019ec                print_output
 .text.get_esp_data1
                0x0000000000001a86       0xc8 ./User/serial.o
                0x0000000000001a86                get_esp_data1
 .text.crc16    0x0000000000001b4e       0x3e ./User/serial.o
                0x0000000000001b4e                crc16
 .text.crc_veri
                0x0000000000001b8c       0x4a ./User/serial.o
                0x0000000000001b8c                crc_veri
 .text.get_soil_temp
                0x0000000000001bd6       0x3e ./User/serial.o
                0x0000000000001bd6                get_soil_temp
 .text.get_soil_water
                0x0000000000001c14       0x28 ./User/serial.o
                0x0000000000001c14                get_soil_water
 .text.get_soil_elec
                0x0000000000001c3c       0x28 ./User/serial.o
                0x0000000000001c3c                get_soil_elec
 .text.get_soil_ph
                0x0000000000001c64       0x28 ./User/serial.o
                0x0000000000001c64                get_soil_ph
 .text.get_soil_data
                0x0000000000001c8c       0x52 ./User/serial.o
                0x0000000000001c8c                get_soil_data
 .text.USART2_IRQHandler
                0x0000000000001cde      0x108 ./User/serial.o
                0x0000000000001cde                USART2_IRQHandler
 .text.UART4_IRQHandler
                0x0000000000001de6       0x66 ./User/serial.o
                0x0000000000001de6                UART4_IRQHandler
 .text.sht31_WaitEvent
                0x0000000000001e4c       0x28 ./User/sht31_soft.o
                0x0000000000001e4c                sht31_WaitEvent
 .text.sht31_WriteReg
                0x0000000000001e74       0x88 ./User/sht31_soft.o
                0x0000000000001e74                sht31_WriteReg
 .text.sht31_Init
                0x0000000000001efc       0x1e ./User/sht31_soft.o
                0x0000000000001efc                sht31_Init
 .text.sht31_ReadTempHumi
                0x0000000000001f1a      0x1a2 ./User/sht31_soft.o
                0x0000000000001f1a                sht31_ReadTempHumi
 .text.TIM6_Init
                0x00000000000020bc       0x4e ./User/sht31_soft.o
                0x00000000000020bc                TIM6_Init
 .text.Interrupt_Init
                0x000000000000210a       0x22 ./User/sht31_soft.o
                0x000000000000210a                Interrupt_Init
 .text.SystemInit
                0x000000000000212c       0xfa ./User/system_ch32v30x.o
                0x000000000000212c                SystemInit
 .text.vector_handler
                0x0000000000002226        0x2 ./Startup/startup_ch32v30x_D8C.o
                0x0000000000002226                EXTI2_IRQHandler
                0x0000000000002226                TIM8_TRG_COM_IRQHandler
                0x0000000000002226                TIM8_CC_IRQHandler
                0x0000000000002226                UART8_IRQHandler
                0x0000000000002226                TIM1_CC_IRQHandler
                0x0000000000002226                SysTick_Handler
                0x0000000000002226                PVD_IRQHandler
                0x0000000000002226                SDIO_IRQHandler
                0x0000000000002226                TIM9_BRK_IRQHandler
                0x0000000000002226                DMA2_Channel8_IRQHandler
                0x0000000000002226                CAN2_RX1_IRQHandler
                0x0000000000002226                EXTI3_IRQHandler
                0x0000000000002226                USBHS_IRQHandler
                0x0000000000002226                DMA2_Channel9_IRQHandler
                0x0000000000002226                TIM10_CC_IRQHandler
                0x0000000000002226                USBFS_IRQHandler
                0x0000000000002226                EXTI0_IRQHandler
                0x0000000000002226                I2C2_EV_IRQHandler
                0x0000000000002226                TIM10_TRG_COM_IRQHandler
                0x0000000000002226                CAN2_SCE_IRQHandler
                0x0000000000002226                ADC1_2_IRQHandler
                0x0000000000002226                Break_Point_Handler
                0x0000000000002226                SPI1_IRQHandler
                0x0000000000002226                TAMPER_IRQHandler
                0x0000000000002226                CAN2_RX0_IRQHandler
                0x0000000000002226                TIM8_UP_IRQHandler
                0x0000000000002226                Ecall_M_Mode_Handler
                0x0000000000002226                DMA2_Channel2_IRQHandler
                0x0000000000002226                DMA1_Channel4_IRQHandler
                0x0000000000002226                TIM9_UP_IRQHandler
                0x0000000000002226                USART3_IRQHandler
                0x0000000000002226                RTC_IRQHandler
                0x0000000000002226                DMA1_Channel7_IRQHandler
                0x0000000000002226                CAN1_RX1_IRQHandler
                0x0000000000002226                DVP_IRQHandler
                0x0000000000002226                UART5_IRQHandler
                0x0000000000002226                TIM4_IRQHandler
                0x0000000000002226                DMA2_Channel1_IRQHandler
                0x0000000000002226                I2C1_EV_IRQHandler
                0x0000000000002226                DMA1_Channel6_IRQHandler
                0x0000000000002226                DMA2_Channel4_IRQHandler
                0x0000000000002226                TIM3_IRQHandler
                0x0000000000002226                RCC_IRQHandler
                0x0000000000002226                TIM1_TRG_COM_IRQHandler
                0x0000000000002226                DMA1_Channel1_IRQHandler
                0x0000000000002226                DMA2_Channel7_IRQHandler
                0x0000000000002226                EXTI15_10_IRQHandler
                0x0000000000002226                TIM7_IRQHandler
                0x0000000000002226                CAN2_TX_IRQHandler
                0x0000000000002226                TIM5_IRQHandler
                0x0000000000002226                EXTI9_5_IRQHandler
                0x0000000000002226                ETH_WKUP_IRQHandler
                0x0000000000002226                SPI2_IRQHandler
                0x0000000000002226                TIM10_BRK_IRQHandler
                0x0000000000002226                TIM9_CC_IRQHandler
                0x0000000000002226                DMA2_Channel5_IRQHandler
                0x0000000000002226                DMA1_Channel5_IRQHandler
                0x0000000000002226                EXTI4_IRQHandler
                0x0000000000002226                USB_LP_CAN1_RX0_IRQHandler
                0x0000000000002226                RNG_IRQHandler
                0x0000000000002226                USB_HP_CAN1_TX_IRQHandler
                0x0000000000002226                DMA1_Channel3_IRQHandler
                0x0000000000002226                ETH_IRQHandler
                0x0000000000002226                TIM1_UP_IRQHandler
                0x0000000000002226                WWDG_IRQHandler
                0x0000000000002226                USBHSWakeup_IRQHandler
                0x0000000000002226                DMA2_Channel11_IRQHandler
                0x0000000000002226                Ecall_U_Mode_Handler
                0x0000000000002226                DMA2_Channel6_IRQHandler
                0x0000000000002226                TIM2_IRQHandler
                0x0000000000002226                SW_Handler
                0x0000000000002226                TIM1_BRK_IRQHandler
                0x0000000000002226                DMA2_Channel10_IRQHandler
                0x0000000000002226                EXTI1_IRQHandler
                0x0000000000002226                RTCAlarm_IRQHandler
                0x0000000000002226                TIM10_UP_IRQHandler
                0x0000000000002226                TIM9_TRG_COM_IRQHandler
                0x0000000000002226                UART7_IRQHandler
                0x0000000000002226                UART6_IRQHandler
                0x0000000000002226                I2C2_ER_IRQHandler
                0x0000000000002226                DMA1_Channel2_IRQHandler
                0x0000000000002226                TIM8_BRK_IRQHandler
                0x0000000000002226                CAN1_SCE_IRQHandler
                0x0000000000002226                FLASH_IRQHandler
                0x0000000000002226                USART1_IRQHandler
                0x0000000000002226                SPI3_IRQHandler
                0x0000000000002226                I2C1_ER_IRQHandler
                0x0000000000002226                USBWakeUp_IRQHandler
                0x0000000000002226                DMA2_Channel3_IRQHandler
 .text.handle_reset
                0x0000000000002228       0x8a ./Startup/startup_ch32v30x_D8C.o
                0x0000000000002228                handle_reset
 .text.DMA_DeInit
                0x00000000000022b2      0x16c ./Peripheral/src/ch32v30x_dma.o
                0x00000000000022b2                DMA_DeInit
 .text.DMA_Init
                0x000000000000241e       0x38 ./Peripheral/src/ch32v30x_dma.o
                0x000000000000241e                DMA_Init
 .text.DMA_Cmd  0x0000000000002456       0x14 ./Peripheral/src/ch32v30x_dma.o
                0x0000000000002456                DMA_Cmd
 .text.DMA_SetCurrDataCounter
                0x000000000000246a        0x4 ./Peripheral/src/ch32v30x_dma.o
                0x000000000000246a                DMA_SetCurrDataCounter
 .text.DMA_GetCurrDataCounter
                0x000000000000246e        0x8 ./Peripheral/src/ch32v30x_dma.o
                0x000000000000246e                DMA_GetCurrDataCounter
 .text.DMA_ClearFlag
                0x0000000000002476       0x2c ./Peripheral/src/ch32v30x_dma.o
                0x0000000000002476                DMA_ClearFlag
 .text.FSMC_NORSRAMInit
                0x00000000000024a2       0xae ./Peripheral/src/ch32v30x_fsmc.o
                0x00000000000024a2                FSMC_NORSRAMInit
 .text.FSMC_NORSRAMCmd
                0x0000000000002550       0x1e ./Peripheral/src/ch32v30x_fsmc.o
                0x0000000000002550                FSMC_NORSRAMCmd
 .text.GPIO_Init
                0x000000000000256e       0xc0 ./Peripheral/src/ch32v30x_gpio.o
                0x000000000000256e                GPIO_Init
 .text.GPIO_SetBits
                0x000000000000262e        0x4 ./Peripheral/src/ch32v30x_gpio.o
                0x000000000000262e                GPIO_SetBits
 .text.GPIO_WriteBit
                0x0000000000002632        0xa ./Peripheral/src/ch32v30x_gpio.o
                0x0000000000002632                GPIO_WriteBit
 .text.GPIO_PinRemapConfig
                0x000000000000263c       0xd6 ./Peripheral/src/ch32v30x_gpio.o
                0x000000000000263c                GPIO_PinRemapConfig
 .text.I2C_Init
                0x0000000000002712       0xfe ./Peripheral/src/ch32v30x_i2c.o
                0x0000000000002712                I2C_Init
 .text.I2C_Cmd  0x0000000000002810       0x18 ./Peripheral/src/ch32v30x_i2c.o
                0x0000000000002810                I2C_Cmd
 .text.I2C_GenerateSTART
                0x0000000000002828       0x1a ./Peripheral/src/ch32v30x_i2c.o
                0x0000000000002828                I2C_GenerateSTART
 .text.I2C_GenerateSTOP
                0x0000000000002842       0x1a ./Peripheral/src/ch32v30x_i2c.o
                0x0000000000002842                I2C_GenerateSTOP
 .text.I2C_AcknowledgeConfig
                0x000000000000285c       0x1a ./Peripheral/src/ch32v30x_i2c.o
                0x000000000000285c                I2C_AcknowledgeConfig
 .text.I2C_SendData
                0x0000000000002876        0x4 ./Peripheral/src/ch32v30x_i2c.o
                0x0000000000002876                I2C_SendData
 .text.I2C_ReceiveData
                0x000000000000287a        0x8 ./Peripheral/src/ch32v30x_i2c.o
                0x000000000000287a                I2C_ReceiveData
 .text.I2C_Send7bitAddress
                0x0000000000002882       0x12 ./Peripheral/src/ch32v30x_i2c.o
                0x0000000000002882                I2C_Send7bitAddress
 .text.I2C_CheckEvent
                0x0000000000002894       0x16 ./Peripheral/src/ch32v30x_i2c.o
                0x0000000000002894                I2C_CheckEvent
 .text.I2C_GetFlagStatus
                0x00000000000028aa       0x32 ./Peripheral/src/ch32v30x_i2c.o
                0x00000000000028aa                I2C_GetFlagStatus
 .text.NVIC_PriorityGroupConfig
                0x00000000000028dc        0x6 ./Peripheral/src/ch32v30x_misc.o
                0x00000000000028dc                NVIC_PriorityGroupConfig
 .text.NVIC_Init
                0x00000000000028e2       0x4e ./Peripheral/src/ch32v30x_misc.o
                0x00000000000028e2                NVIC_Init
 .text.RCC_GetClocksFreq
                0x0000000000002930      0x176 ./Peripheral/src/ch32v30x_rcc.o
                0x0000000000002930                RCC_GetClocksFreq
 .text.RCC_AHBPeriphClockCmd
                0x0000000000002aa6       0x1e ./Peripheral/src/ch32v30x_rcc.o
                0x0000000000002aa6                RCC_AHBPeriphClockCmd
 .text.RCC_APB2PeriphClockCmd
                0x0000000000002ac4       0x1e ./Peripheral/src/ch32v30x_rcc.o
                0x0000000000002ac4                RCC_APB2PeriphClockCmd
 .text.RCC_APB1PeriphClockCmd
                0x0000000000002ae2       0x1e ./Peripheral/src/ch32v30x_rcc.o
                0x0000000000002ae2                RCC_APB1PeriphClockCmd
 .text.TIM_TimeBaseInit
                0x0000000000002b00       0xaa ./Peripheral/src/ch32v30x_tim.o
                0x0000000000002b00                TIM_TimeBaseInit
 .text.TIM_OC1Init
                0x0000000000002baa       0x82 ./Peripheral/src/ch32v30x_tim.o
                0x0000000000002baa                TIM_OC1Init
 .text.TIM_OC2Init
                0x0000000000002c2c       0xae ./Peripheral/src/ch32v30x_tim.o
                0x0000000000002c2c                TIM_OC2Init
 .text.TIM_OC3Init
                0x0000000000002cda       0xac ./Peripheral/src/ch32v30x_tim.o
                0x0000000000002cda                TIM_OC3Init
 .text.TIM_OC4Init
                0x0000000000002d86       0x88 ./Peripheral/src/ch32v30x_tim.o
                0x0000000000002d86                TIM_OC4Init
 .text.TIM_Cmd  0x0000000000002e0e       0x18 ./Peripheral/src/ch32v30x_tim.o
                0x0000000000002e0e                TIM_Cmd
 .text.TIM_CtrlPWMOutputs
                0x0000000000002e26       0x16 ./Peripheral/src/ch32v30x_tim.o
                0x0000000000002e26                TIM_CtrlPWMOutputs
 .text.TIM_ITConfig
                0x0000000000002e3c       0x12 ./Peripheral/src/ch32v30x_tim.o
                0x0000000000002e3c                TIM_ITConfig
 .text.TIM_ARRPreloadConfig
                0x0000000000002e4e       0x1a ./Peripheral/src/ch32v30x_tim.o
                0x0000000000002e4e                TIM_ARRPreloadConfig
 .text.TIM_OC2PreloadConfig
                0x0000000000002e68       0x16 ./Peripheral/src/ch32v30x_tim.o
                0x0000000000002e68                TIM_OC2PreloadConfig
 .text.TIM_SetCompare1
                0x0000000000002e7e        0x4 ./Peripheral/src/ch32v30x_tim.o
                0x0000000000002e7e                TIM_SetCompare1
 .text.TIM_SetCompare2
                0x0000000000002e82        0x4 ./Peripheral/src/ch32v30x_tim.o
                0x0000000000002e82                TIM_SetCompare2
 .text.TIM_SetCompare3
                0x0000000000002e86        0x4 ./Peripheral/src/ch32v30x_tim.o
                0x0000000000002e86                TIM_SetCompare3
 .text.TIM_SetCompare4
                0x0000000000002e8a        0x6 ./Peripheral/src/ch32v30x_tim.o
                0x0000000000002e8a                TIM_SetCompare4
 .text.TIM_ClearFlag
                0x0000000000002e90        0xc ./Peripheral/src/ch32v30x_tim.o
                0x0000000000002e90                TIM_ClearFlag
 .text.USART_Init
                0x0000000000002e9c       0x90 ./Peripheral/src/ch32v30x_usart.o
                0x0000000000002e9c                USART_Init
 .text.USART_Cmd
                0x0000000000002f2c       0x16 ./Peripheral/src/ch32v30x_usart.o
                0x0000000000002f2c                USART_Cmd
 .text.USART_ITConfig
                0x0000000000002f42       0x36 ./Peripheral/src/ch32v30x_usart.o
                0x0000000000002f42                USART_ITConfig
 .text.USART_DMACmd
                0x0000000000002f78       0x12 ./Peripheral/src/ch32v30x_usart.o
                0x0000000000002f78                USART_DMACmd
 .text.USART_SendData
                0x0000000000002f8a        0x8 ./Peripheral/src/ch32v30x_usart.o
                0x0000000000002f8a                USART_SendData
 .text.USART_ReceiveData
                0x0000000000002f92        0x8 ./Peripheral/src/ch32v30x_usart.o
                0x0000000000002f92                USART_ReceiveData
 .text.USART_GetFlagStatus
                0x0000000000002f9a        0xa ./Peripheral/src/ch32v30x_usart.o
                0x0000000000002f9a                USART_GetFlagStatus
 .text.USART_GetITStatus
                0x0000000000002fa4       0x3c ./Peripheral/src/ch32v30x_usart.o
                0x0000000000002fa4                USART_GetITStatus
 .text.Delay_Init
                0x0000000000002fe0       0x26 ./Debug/debug.o
                0x0000000000002fe0                Delay_Init
 .text.Delay_Ms
                0x0000000000003006       0x36 ./Debug/debug.o
                0x0000000000003006                Delay_Ms
 .text.USART_Printf_Init
                0x000000000000303c       0x6e ./Debug/debug.o
                0x000000000000303c                USART_Printf_Init
 .text._write   0x00000000000030aa       0x3e ./Debug/debug.o
                0x00000000000030aa                _write
 .text._sbrk    0x00000000000030e8       0x26 ./Debug/debug.o
                0x00000000000030e8                _sbrk
 .text.printchar
                0x000000000000310e       0x4a f:/mounriver_studio/toolchain/risc-v embedded gcc/bin/../lib/gcc/riscv-none-embed/8.2.0/../../../../riscv-none-embed/lib/rv32imacxw/ilp32\libprintfloat.a(printfloat.o)
                0x000000000000310e                printchar
 .text.prints   0x0000000000003158       0xe0 f:/mounriver_studio/toolchain/risc-v embedded gcc/bin/../lib/gcc/riscv-none-embed/8.2.0/../../../../riscv-none-embed/lib/rv32imacxw/ilp32\libprintfloat.a(printfloat.o)
                0x0000000000003158                prints
 .text.printInt
                0x0000000000003238       0xf2 f:/mounriver_studio/toolchain/risc-v embedded gcc/bin/../lib/gcc/riscv-none-embed/8.2.0/../../../../riscv-none-embed/lib/rv32imacxw/ilp32\libprintfloat.a(printfloat.o)
                0x0000000000003238                printInt
 .text.printLongLongInt
                0x000000000000332a      0x120 f:/mounriver_studio/toolchain/risc-v embedded gcc/bin/../lib/gcc/riscv-none-embed/8.2.0/../../../../riscv-none-embed/lib/rv32imacxw/ilp32\libprintfloat.a(printfloat.o)
                0x000000000000332a                printLongLongInt
 .text.printDouble
                0x000000000000344a      0x100 f:/mounriver_studio/toolchain/risc-v embedded gcc/bin/../lib/gcc/riscv-none-embed/8.2.0/../../../../riscv-none-embed/lib/rv32imacxw/ilp32\libprintfloat.a(printfloat.o)
                0x000000000000344a                printDouble
 .text.print    0x000000000000354a      0x358 f:/mounriver_studio/toolchain/risc-v embedded gcc/bin/../lib/gcc/riscv-none-embed/8.2.0/../../../../riscv-none-embed/lib/rv32imacxw/ilp32\libprintfloat.a(printfloat.o)
                0x000000000000354a                print
 .text.printf   0x00000000000038a2       0x24 f:/mounriver_studio/toolchain/risc-v embedded gcc/bin/../lib/gcc/riscv-none-embed/8.2.0/../../../../riscv-none-embed/lib/rv32imacxw/ilp32\libprintfloat.a(printfloat.o)
                0x00000000000038a2                printf
 .text.sprintf  0x00000000000038c6       0x28 f:/mounriver_studio/toolchain/risc-v embedded gcc/bin/../lib/gcc/riscv-none-embed/8.2.0/../../../../riscv-none-embed/lib/rv32imacxw/ilp32\libprintfloat.a(printfloat.o)
                0x00000000000038c6                sprintf
 .text.snprintf
                0x00000000000038ee       0x2a f:/mounriver_studio/toolchain/risc-v embedded gcc/bin/../lib/gcc/riscv-none-embed/8.2.0/../../../../riscv-none-embed/lib/rv32imacxw/ilp32\libprintfloat.a(printfloat.o)
                0x00000000000038ee                snprintf
 .text.__udivdi3
                0x0000000000003918      0x392 f:/mounriver_studio/toolchain/risc-v embedded gcc/bin/../lib/gcc/riscv-none-embed/8.2.0/rv32imacxw/ilp32\libgcc.a(_udivdi3.o)
                0x0000000000003918                __udivdi3
 .text.__umoddi3
                0x0000000000003caa      0x38a f:/mounriver_studio/toolchain/risc-v embedded gcc/bin/../lib/gcc/riscv-none-embed/8.2.0/rv32imacxw/ilp32\libgcc.a(_umoddi3.o)
                0x0000000000003caa                __umoddi3
 .text.__divdf3
                0x0000000000004034      0x5b4 f:/mounriver_studio/toolchain/risc-v embedded gcc/bin/../lib/gcc/riscv-none-embed/8.2.0/rv32imacxw/ilp32\libgcc.a(divdf3.o)
                0x0000000000004034                __divdf3
 .text.__eqdf2  0x00000000000045e8       0x6a f:/mounriver_studio/toolchain/risc-v embedded gcc/bin/../lib/gcc/riscv-none-embed/8.2.0/rv32imacxw/ilp32\libgcc.a(eqdf2.o)
                0x00000000000045e8                __nedf2
                0x00000000000045e8                __eqdf2
 .text.__gedf2  0x0000000000004652       0xae f:/mounriver_studio/toolchain/risc-v embedded gcc/bin/../lib/gcc/riscv-none-embed/8.2.0/rv32imacxw/ilp32\libgcc.a(gedf2.o)
                0x0000000000004652                __gedf2
                0x0000000000004652                __gtdf2
 .text.__ledf2  0x0000000000004700       0xb6 f:/mounriver_studio/toolchain/risc-v embedded gcc/bin/../lib/gcc/riscv-none-embed/8.2.0/rv32imacxw/ilp32\libgcc.a(ledf2.o)
                0x0000000000004700                __ledf2
                0x0000000000004700                __ltdf2
 .text.__muldf3
                0x00000000000047b6      0x4b8 f:/mounriver_studio/toolchain/risc-v embedded gcc/bin/../lib/gcc/riscv-none-embed/8.2.0/rv32imacxw/ilp32\libgcc.a(muldf3.o)
                0x00000000000047b6                __muldf3
 .text.__subdf3
                0x0000000000004c6e      0x73c f:/mounriver_studio/toolchain/risc-v embedded gcc/bin/../lib/gcc/riscv-none-embed/8.2.0/rv32imacxw/ilp32\libgcc.a(subdf3.o)
                0x0000000000004c6e                __subdf3
 .text.__fixunsdfsi
                0x00000000000053aa       0x5c f:/mounriver_studio/toolchain/risc-v embedded gcc/bin/../lib/gcc/riscv-none-embed/8.2.0/rv32imacxw/ilp32\libgcc.a(fixunsdfsi.o)
                0x00000000000053aa                __fixunsdfsi
 .text.__floatsidf
                0x0000000000005406       0x70 f:/mounriver_studio/toolchain/risc-v embedded gcc/bin/../lib/gcc/riscv-none-embed/8.2.0/rv32imacxw/ilp32\libgcc.a(floatsidf.o)
                0x0000000000005406                __floatsidf
 .text.__fixdfdi
                0x0000000000005476       0xbc f:/mounriver_studio/toolchain/risc-v embedded gcc/bin/../lib/gcc/riscv-none-embed/8.2.0/rv32imacxw/ilp32\libgcc.a(fixdfdi.o)
                0x0000000000005476                __fixdfdi
 .text.__floatdidf
                0x0000000000005532      0x1b2 f:/mounriver_studio/toolchain/risc-v embedded gcc/bin/../lib/gcc/riscv-none-embed/8.2.0/rv32imacxw/ilp32\libgcc.a(floatdidf.o)
                0x0000000000005532                __floatdidf
 .text.__clzsi2
                0x00000000000056e4       0x6e f:/mounriver_studio/toolchain/risc-v embedded gcc/bin/../lib/gcc/riscv-none-embed/8.2.0/rv32imacxw/ilp32\libgcc.a(_clzsi2.o)
                0x00000000000056e4                __clzsi2
 .text.atoi     0x0000000000005752        0x6 f:/mounriver_studio/toolchain/risc-v embedded gcc/bin/../lib/gcc/riscv-none-embed/8.2.0/../../../../riscv-none-embed/lib/rv32imacxw/ilp32\libg_nano.a(lib_a-atoi.o)
                0x0000000000005752                atoi
 .text.memcpy   0x0000000000005758       0xb2 f:/mounriver_studio/toolchain/risc-v embedded gcc/bin/../lib/gcc/riscv-none-embed/8.2.0/../../../../riscv-none-embed/lib/rv32imacxw/ilp32\libg_nano.a(lib_a-memcpy.o)
                0x0000000000005758                memcpy
 .text.strncpy  0x000000000000580a       0x24 f:/mounriver_studio/toolchain/risc-v embedded gcc/bin/../lib/gcc/riscv-none-embed/8.2.0/../../../../riscv-none-embed/lib/rv32imacxw/ilp32\libg_nano.a(lib_a-strncpy.o)
                0x000000000000580a                strncpy
 .text.strstr   0x000000000000582e       0x34 f:/mounriver_studio/toolchain/risc-v embedded gcc/bin/../lib/gcc/riscv-none-embed/8.2.0/../../../../riscv-none-embed/lib/rv32imacxw/ilp32\libg_nano.a(lib_a-strstr.o)
                0x000000000000582e                strstr
 .text._strtol_l.isra.0
                0x0000000000005862      0x138 f:/mounriver_studio/toolchain/risc-v embedded gcc/bin/../lib/gcc/riscv-none-embed/8.2.0/../../../../riscv-none-embed/lib/rv32imacxw/ilp32\libg_nano.a(lib_a-strtol.o)
 .text.strtol   0x000000000000599a       0x1e f:/mounriver_studio/toolchain/risc-v embedded gcc/bin/../lib/gcc/riscv-none-embed/8.2.0/../../../../riscv-none-embed/lib/rv32imacxw/ilp32\libg_nano.a(lib_a-strtol.o)
                0x000000000000599a                strtol
 .text._vsnprintf_r
                0x00000000000059b8       0x5a f:/mounriver_studio/toolchain/risc-v embedded gcc/bin/../lib/gcc/riscv-none-embed/8.2.0/../../../../riscv-none-embed/lib/rv32imacxw/ilp32\libg_nano.a(lib_a-vsnprintf.o)
                0x00000000000059b8                _vsniprintf_r
                0x00000000000059b8                _vsnprintf_r
 .text.vsnprintf
                0x0000000000005a12       0x12 f:/mounriver_studio/toolchain/risc-v embedded gcc/bin/../lib/gcc/riscv-none-embed/8.2.0/../../../../riscv-none-embed/lib/rv32imacxw/ilp32\libg_nano.a(lib_a-vsnprintf.o)
                0x0000000000005a12                vsniprintf
                0x0000000000005a12                vsnprintf
 .text.__locale_ctype_ptr_l
                0x0000000000005a24        0x6 f:/mounriver_studio/toolchain/risc-v embedded gcc/bin/../lib/gcc/riscv-none-embed/8.2.0/../../../../riscv-none-embed/lib/rv32imacxw/ilp32\libg_nano.a(lib_a-locale.o)
                0x0000000000005a24                __locale_ctype_ptr_l
 .text.__ascii_mbtowc
                0x0000000000005a2a       0x32 f:/mounriver_studio/toolchain/risc-v embedded gcc/bin/../lib/gcc/riscv-none-embed/8.2.0/../../../../riscv-none-embed/lib/rv32imacxw/ilp32\libg_nano.a(lib_a-mbtowc_r.o)
                0x0000000000005a2a                __ascii_mbtowc
 .text.__ssputs_r
                0x0000000000005a5c       0xe0 f:/mounriver_studio/toolchain/risc-v embedded gcc/bin/../lib/gcc/riscv-none-embed/8.2.0/../../../../riscv-none-embed/lib/rv32imacxw/ilp32\libg_nano.a(lib_a-nano-svfprintf.o)
                0x0000000000005a5c                __ssputs_r
 .text._svfprintf_r
                0x0000000000005b3c      0x262 f:/mounriver_studio/toolchain/risc-v embedded gcc/bin/../lib/gcc/riscv-none-embed/8.2.0/../../../../riscv-none-embed/lib/rv32imacxw/ilp32\libg_nano.a(lib_a-nano-svfprintf.o)
                0x0000000000005b3c                _svfiprintf_r
                0x0000000000005b3c                _svfprintf_r
 .text._printf_common
                0x0000000000005d9e      0x10c f:/mounriver_studio/toolchain/risc-v embedded gcc/bin/../lib/gcc/riscv-none-embed/8.2.0/../../../../riscv-none-embed/lib/rv32imacxw/ilp32\libg_nano.a(lib_a-nano-vfprintf_i.o)
                0x0000000000005d9e                _printf_common
 .text._printf_i
                0x0000000000005eaa      0x2a2 f:/mounriver_studio/toolchain/risc-v embedded gcc/bin/../lib/gcc/riscv-none-embed/8.2.0/../../../../riscv-none-embed/lib/rv32imacxw/ilp32\libg_nano.a(lib_a-nano-vfprintf_i.o)
                0x0000000000005eaa                _printf_i
 .text.__ascii_wctomb
                0x000000000000614c       0x1e f:/mounriver_studio/toolchain/risc-v embedded gcc/bin/../lib/gcc/riscv-none-embed/8.2.0/../../../../riscv-none-embed/lib/rv32imacxw/ilp32\libg_nano.a(lib_a-wctomb_r.o)
                0x000000000000614c                __ascii_wctomb
 .text.memchr   0x000000000000616a       0x18 f:/mounriver_studio/toolchain/risc-v embedded gcc/bin/../lib/gcc/riscv-none-embed/8.2.0/../../../../riscv-none-embed/lib/rv32imacxw/ilp32\libg_nano.a(lib_a-memchr.o)
                0x000000000000616a                memchr
 .text.memmove  0x0000000000006182       0x46 f:/mounriver_studio/toolchain/risc-v embedded gcc/bin/../lib/gcc/riscv-none-embed/8.2.0/../../../../riscv-none-embed/lib/rv32imacxw/ilp32\libg_nano.a(lib_a-memmove.o)
                0x0000000000006182                memmove
 .text._free_r  0x00000000000061c8       0xa4 f:/mounriver_studio/toolchain/risc-v embedded gcc/bin/../lib/gcc/riscv-none-embed/8.2.0/../../../../riscv-none-embed/lib/rv32imacxw/ilp32\libg_nano.a(lib_a-nano-freer.o)
                0x00000000000061c8                _free_r
 .text._malloc_r
                0x000000000000626c       0xce f:/mounriver_studio/toolchain/risc-v embedded gcc/bin/../lib/gcc/riscv-none-embed/8.2.0/../../../../riscv-none-embed/lib/rv32imacxw/ilp32\libg_nano.a(lib_a-nano-mallocr.o)
                0x000000000000626c                _malloc_r
 .text._realloc_r
                0x000000000000633a       0x58 f:/mounriver_studio/toolchain/risc-v embedded gcc/bin/../lib/gcc/riscv-none-embed/8.2.0/../../../../riscv-none-embed/lib/rv32imacxw/ilp32\libg_nano.a(lib_a-nano-reallocr.o)
                0x000000000000633a                _realloc_r
 .text._sbrk_r  0x0000000000006392       0x2a f:/mounriver_studio/toolchain/risc-v embedded gcc/bin/../lib/gcc/riscv-none-embed/8.2.0/../../../../riscv-none-embed/lib/rv32imacxw/ilp32\libg_nano.a(lib_a-sbrkr.o)
                0x0000000000006392                _sbrk_r
 .text.__malloc_lock
                0x00000000000063bc        0x2 f:/mounriver_studio/toolchain/risc-v embedded gcc/bin/../lib/gcc/riscv-none-embed/8.2.0/../../../../riscv-none-embed/lib/rv32imacxw/ilp32\libg_nano.a(lib_a-mlock.o)
                0x00000000000063bc                __malloc_lock
 .text.__malloc_unlock
                0x00000000000063be        0x2 f:/mounriver_studio/toolchain/risc-v embedded gcc/bin/../lib/gcc/riscv-none-embed/8.2.0/../../../../riscv-none-embed/lib/rv32imacxw/ilp32\libg_nano.a(lib_a-mlock.o)
                0x00000000000063be                __malloc_unlock
 .text._malloc_usable_size_r
                0x00000000000063c0       0x14 f:/mounriver_studio/toolchain/risc-v embedded gcc/bin/../lib/gcc/riscv-none-embed/8.2.0/../../../../riscv-none-embed/lib/rv32imacxw/ilp32\libg_nano.a(lib_a-nano-msizer.o)
                0x00000000000063c0                _malloc_usable_size_r
 *(.rodata)
 *fill*         0x00000000000063d4        0x0 
 .rodata        0x00000000000063d4      0x40c ./User/main.o
 .rodata        0x00000000000067e0      0x400 ./User/serial.o
 *(.rodata*)
 .rodata.asc2_1608
                0x0000000000006be0      0x5e0 ./User/lcd.o
                0x0000000000006be0                asc2_1608
 .rodata.asc2_2412
                0x00000000000071c0     0x11a0 ./User/lcd.o
                0x00000000000071c0                asc2_2412
 .rodata.asc2_3216
                0x0000000000008360     0x1780 ./User/lcd.o
                0x0000000000008360                asc2_3216
 .rodata.lcd_init.str1.4
                0x0000000000009ae0        0xa ./User/lcd.o
 *fill*         0x0000000000009aea        0x2 
 .rodata.lcd_show_char.str1.4
                0x0000000000009aec       0x4a ./User/lcd.o
 *fill*         0x0000000000009b36        0x2 
 .rodata.lcd_show_num.str1.4
                0x0000000000009b38        0x3 ./User/lcd.o
 *fill*         0x0000000000009b3b        0x1 
 .rodata.lcd_show_string.str1.4
                0x0000000000009b3c       0x1e ./User/lcd.o
 *fill*         0x0000000000009b5a        0x6 
 .rodata.main.cst8
                0x0000000000009b60       0x18 ./User/main.o
 .rodata.main.str1.4
                0x0000000000009b78       0x83 ./User/main.o
 *fill*         0x0000000000009bfb        0x1 
 .rodata.combine_output_to_msb_lsb.str1.4
                0x0000000000009bfc       0x16 ./User/output.o
 *fill*         0x0000000000009c12        0x2 
 .rodata.get_esp_data.str1.4
                0x0000000000009c14       0x58 ./User/serial.o
                                         0x68 (size before relaxing)
 .rodata.get_esp_data1.str1.4
                0x0000000000009c6c       0x58 ./User/serial.o
                                          0x3 (size before relaxing)
 .rodata.get_soil_temp.cst8
                0x0000000000009c6c        0x8 ./User/serial.o
 .rodata.print_output.str1.4
                0x0000000000009c6c       0x77 ./User/serial.o
 *fill*         0x0000000000009ce3        0x1 
 .rodata.send_AT_command.str1.4
                0x0000000000009ce4      0x1b3 ./User/serial.o
 *fill*         0x0000000000009e97        0x1 
 .rodata.send_sensor_data.str1.4
                0x0000000000009e98       0xca ./User/serial.o
 *fill*         0x0000000000009f62        0x6 
 .rodata.sht31soft_ReadTempHumi.cst8
                0x0000000000009f68       0x10 ./User/sht31_soft.o
                                         0x20 (size before relaxing)
 .rodata.print.str1.4
                0x0000000000009f78        0x7 f:/mounriver_studio/toolchain/risc-v embedded gcc/bin/../lib/gcc/riscv-none-embed/8.2.0/../../../../riscv-none-embed/lib/rv32imacxw/ilp32\libprintfloat.a(printfloat.o)
 *fill*         0x0000000000009f7f        0x1 
 .rodata.__divdf3
                0x0000000000009f80       0x40 f:/mounriver_studio/toolchain/risc-v embedded gcc/bin/../lib/gcc/riscv-none-embed/8.2.0/rv32imacxw/ilp32\libgcc.a(divdf3.o)
 .rodata.__muldf3
                0x0000000000009fc0       0x40 f:/mounriver_studio/toolchain/risc-v embedded gcc/bin/../lib/gcc/riscv-none-embed/8.2.0/rv32imacxw/ilp32\libgcc.a(muldf3.o)
 .rodata.__clz_tab
                0x000000000000a000      0x100 f:/mounriver_studio/toolchain/risc-v embedded gcc/bin/../lib/gcc/riscv-none-embed/8.2.0/rv32imacxw/ilp32\libgcc.a(_clz.o)
                0x000000000000a000                __clz_tab
 .rodata._setlocale_r.str1.4
                0x000000000000a100        0xa f:/mounriver_studio/toolchain/risc-v embedded gcc/bin/../lib/gcc/riscv-none-embed/8.2.0/../../../../riscv-none-embed/lib/rv32imacxw/ilp32\libg_nano.a(lib_a-locale.o)
                                          0xd (size before relaxing)
 .rodata.str1.4
                0x000000000000a10a        0x2 f:/mounriver_studio/toolchain/risc-v embedded gcc/bin/../lib/gcc/riscv-none-embed/8.2.0/../../../../riscv-none-embed/lib/rv32imacxw/ilp32\libg_nano.a(lib_a-locale.o)
 *fill*         0x000000000000a10a        0x2 
 .rodata._svfprintf_r.str1.4
                0x000000000000a10c       0x13 f:/mounriver_studio/toolchain/risc-v embedded gcc/bin/../lib/gcc/riscv-none-embed/8.2.0/../../../../riscv-none-embed/lib/rv32imacxw/ilp32\libg_nano.a(lib_a-nano-svfprintf.o)
 *fill*         0x000000000000a11f        0x1 
 .rodata._printf_i.str1.4
                0x000000000000a120       0x28 f:/mounriver_studio/toolchain/risc-v embedded gcc/bin/../lib/gcc/riscv-none-embed/8.2.0/../../../../riscv-none-embed/lib/rv32imacxw/ilp32\libg_nano.a(lib_a-nano-vfprintf_i.o)
                                         0x25 (size before relaxing)
 .rodata._ctype_
                0x000000000000a148      0x101 f:/mounriver_studio/toolchain/risc-v embedded gcc/bin/../lib/gcc/riscv-none-embed/8.2.0/../../../../riscv-none-embed/lib/rv32imacxw/ilp32\libg_nano.a(lib_a-ctype_.o)
                0x000000000000a148                _ctype_
 *(.gnu.linkonce.t.*)
                0x000000000000a24c                . = ALIGN (0x4)
 *fill*         0x000000000000a249        0x3 

.rela.dyn       0x000000000000a24c        0x0
 .rela.text.lcd_init
                0x000000000000a24c        0x0 ./User/AP3216C.o
 .rela.text.lcd_show_char
                0x000000000000a24c        0x0 ./User/AP3216C.o
 .rela.text.lcd_show_string
                0x000000000000a24c        0x0 ./User/AP3216C.o
 .rela.text.startup.main
                0x000000000000a24c        0x0 ./User/AP3216C.o
 .rela.text.print_output
                0x000000000000a24c        0x0 ./User/AP3216C.o
 .rela.init     0x000000000000a24c        0x0 ./User/AP3216C.o
 .rela.vector   0x000000000000a24c        0x0 ./User/AP3216C.o
 .rela.text.handle_reset
                0x000000000000a24c        0x0 ./User/AP3216C.o
 .rela.text._sbrk
                0x000000000000a24c        0x0 ./User/AP3216C.o
 .rela.sdata.curbrk.5266
                0x000000000000a24c        0x0 ./User/AP3216C.o
 .rela.text.prints
                0x000000000000a24c        0x0 ./User/AP3216C.o
 .rela.text.printInt
                0x000000000000a24c        0x0 ./User/AP3216C.o
 .rela.text.printLongLongInt
                0x000000000000a24c        0x0 ./User/AP3216C.o
 .rela.text.printDouble
                0x000000000000a24c        0x0 ./User/AP3216C.o
 .rela.text.print
                0x000000000000a24c        0x0 ./User/AP3216C.o
 .rela.text.printf
                0x000000000000a24c        0x0 ./User/AP3216C.o
 .rela.text.sprintf
                0x000000000000a24c        0x0 ./User/AP3216C.o
 .rela.text.snprintf
                0x000000000000a24c        0x0 ./User/AP3216C.o
 .rela.data.impure_data
                0x000000000000a24c        0x0 ./User/AP3216C.o
 .rela.text._svfprintf_r
                0x000000000000a24c        0x0 ./User/AP3216C.o
 .rela.text._sbrk_r
                0x000000000000a24c        0x0 ./User/AP3216C.o

.fini           0x000000000000a24c        0x0
 *(SORT_NONE(.fini))
                0x000000000000a24c                . = ALIGN (0x4)
                [!provide]                        PROVIDE (_etext = .)
                [!provide]                        PROVIDE (_eitcm = .)

.preinit_array  0x000000000000a24c        0x0
                [!provide]                        PROVIDE (__preinit_array_start = .)
 *(.preinit_array)
                [!provide]                        PROVIDE (__preinit_array_end = .)

.init_array     0x000000000000a24c        0x0
                [!provide]                        PROVIDE (__init_array_start = .)
 *(SORT_BY_INIT_PRIORITY(.init_array.*) SORT_BY_INIT_PRIORITY(.ctors.*))
 *(.init_array EXCLUDE_FILE(*crtend?.o *crtend.o *crtbegin?.o *crtbegin.o) .ctors)
                [!provide]                        PROVIDE (__init_array_end = .)

.fini_array     0x000000000000a24c        0x0
                [!provide]                        PROVIDE (__fini_array_start = .)
 *(SORT_BY_INIT_PRIORITY(.fini_array.*) SORT_BY_INIT_PRIORITY(.dtors.*))
 *(.fini_array EXCLUDE_FILE(*crtend?.o *crtend.o *crtbegin?.o *crtbegin.o) .dtors)
                [!provide]                        PROVIDE (__fini_array_end = .)

.ctors
 *crtbegin.o(.ctors)
 *crtbegin?.o(.ctors)
 *(EXCLUDE_FILE(*crtend?.o *crtend.o) .ctors)
 *(SORT_BY_NAME(.ctors.*))
 *(.ctors)

.dtors
 *crtbegin.o(.dtors)
 *crtbegin?.o(.dtors)
 *(EXCLUDE_FILE(*crtend?.o *crtend.o) .dtors)
 *(SORT_BY_NAME(.dtors.*))
 *(.dtors)

.dalign         0x0000000020000000        0x0 load address 0x000000000000a24c
                0x0000000020000000                . = ALIGN (0x4)
                0x0000000020000000                PROVIDE (_data_vma = .)

.dlalign        0x000000000000a24c        0x0
                0x000000000000a24c                . = ALIGN (0x4)
                0x000000000000a24c                PROVIDE (_data_lma = .)

.data           0x0000000020000000      0x200 load address 0x000000000000a24c
 *(.gnu.linkonce.r.*)
 *(.data .data.*)
 .data.soil1_detect_command
                0x0000000020000000        0x9 ./User/main.o
                0x0000000020000000                soil1_detect_command
 *fill*         0x0000000020000009        0x3 
 .data.APBAHBPrescTable
                0x000000002000000c       0x10 ./Peripheral/src/ch32v30x_rcc.o
 .data.impure_data
                0x000000002000001c       0x60 f:/mounriver_studio/toolchain/risc-v embedded gcc/bin/../lib/gcc/riscv-none-embed/8.2.0/../../../../riscv-none-embed/lib/rv32imacxw/ilp32\libg_nano.a(lib_a-impure.o)
 .data.__global_locale
                0x000000002000007c      0x16c f:/mounriver_studio/toolchain/risc-v embedded gcc/bin/../lib/gcc/riscv-none-embed/8.2.0/../../../../riscv-none-embed/lib/rv32imacxw/ilp32\libg_nano.a(lib_a-locale.o)
                0x000000002000007c                __global_locale
 *(.gnu.linkonce.d.*)
                0x00000000200001e8                . = ALIGN (0x8)
                0x00000000200009e8                PROVIDE (__global_pointer$ = (. + 0x800))
 *(.sdata .sdata.*)
 .sdata.FORE_COLOR
                0x00000000200001e8        0x2 ./User/lcd.o
                0x00000000200001e8                FORE_COLOR
 .sdata.soil_rx_flag
                0x00000000200001ea        0x1 ./User/main.o
                0x00000000200001ea                soil_rx_flag
 *fill*         0x00000000200001eb        0x1 
 .sdata.TxBuffer
                0x00000000200001ec        0x2 ./User/serial.o
                0x00000000200001ec                TxBuffer
 *fill*         0x00000000200001ee        0x2 
 .sdata.SystemCoreClock
                0x00000000200001f0        0x4 ./User/system_ch32v30x.o
                0x00000000200001f0                SystemCoreClock
 .sdata.ADCPrescTable
                0x00000000200001f4        0x4 ./Peripheral/src/ch32v30x_rcc.o
 .sdata.curbrk.5266
                0x00000000200001f8        0x4 ./Debug/debug.o
 .sdata._impure_ptr
                0x00000000200001fc        0x4 f:/mounriver_studio/toolchain/risc-v embedded gcc/bin/../lib/gcc/riscv-none-embed/8.2.0/../../../../riscv-none-embed/lib/rv32imacxw/ilp32\libg_nano.a(lib_a-impure.o)
                0x00000000200001fc                _impure_ptr
 *(.sdata2.*)
 *(.gnu.linkonce.s.*)
                0x0000000020000200                . = ALIGN (0x8)
 *(.srodata.cst16)
 *(.srodata.cst8)
 *(.srodata.cst4)
 *(.srodata.cst2)
 *(.srodata .srodata.*)
                0x0000000020000200                . = ALIGN (0x4)
                0x0000000020000200                PROVIDE (_edata = .)

.bss            0x0000000020000200      0x5cc load address 0x000000000000a44c
                0x0000000020000200                . = ALIGN (0x4)
                0x0000000020000200                PROVIDE (_sbss = .)
 *(.sbss*)
 .sbss.BACK_COLOR
                0x0000000020000200        0x2 ./User/lcd.o
                0x0000000020000200                BACK_COLOR
 .sbss.RxState  0x0000000020000202        0x1 ./User/serial.o
 .sbss.Serial_RxData
                0x0000000020000203        0x1 ./User/serial.o
                0x0000000020000203                Serial_RxData
 .sbss.buf_size
                0x0000000020000204        0x2 ./User/serial.o
                0x0000000020000204                buf_size
 .sbss.rxBufferReadPos
                0x0000000020000206        0x2 ./User/serial.o
                0x0000000020000206                rxBufferReadPos
 .sbss.NVIC_Priority_Group
                0x0000000020000208        0x4 ./Peripheral/src/ch32v30x_misc.o
                0x0000000020000208                NVIC_Priority_Group
 .sbss.p_ms     0x000000002000020c        0x2 ./Debug/debug.o
 .sbss.p_us     0x000000002000020e        0x1 ./Debug/debug.o
 *fill*         0x000000002000020f        0x1 
 .sbss.__malloc_free_list
                0x0000000020000210        0x4 f:/mounriver_studio/toolchain/risc-v embedded gcc/bin/../lib/gcc/riscv-none-embed/8.2.0/../../../../riscv-none-embed/lib/rv32imacxw/ilp32\libg_nano.a(lib_a-nano-mallocr.o)
                0x0000000020000210                __malloc_free_list
 .sbss.__malloc_sbrk_start
                0x0000000020000214        0x4 f:/mounriver_studio/toolchain/risc-v embedded gcc/bin/../lib/gcc/riscv-none-embed/8.2.0/../../../../riscv-none-embed/lib/rv32imacxw/ilp32\libg_nano.a(lib_a-nano-mallocr.o)
                0x0000000020000214                __malloc_sbrk_start
 *(.gnu.linkonce.sb.*)
 *(.bss*)
 .bss.output    0x0000000020000218        0xa ./User/output.o
                0x0000000020000218                output
 *fill*         0x0000000020000222        0x2 
 .bss.RxBuffer  0x0000000020000224      0x400 ./User/serial.o
                0x0000000020000224                RxBuffer
 .bss.Serial_RxPacket
                0x0000000020000624       0x22 ./User/serial.o
                0x0000000020000624                Serial_RxPacket
 *fill*         0x0000000020000646        0x2 
 .bss.atstr     0x0000000020000648      0x100 ./User/serial.o
                0x0000000020000648                atstr
 .bss.sht31_data
                0x0000000020000748       0x10 ./User/serial.o
                0x0000000020000748                sht31_data
 .bss.sht31_data_send.5657
                0x0000000020000758       0x10 ./User/serial.o
 .bss.soil_data1
                0x0000000020000768       0x20 ./User/serial.o
                0x0000000020000768                soil_data1
 .bss.soil_data2
                0x0000000020000788       0x20 ./User/serial.o
                0x0000000020000788                soil_data2
 .bss.soil_data3
                0x00000000200007a8       0x20 ./User/serial.o
                0x00000000200007a8                soil_data3
 *(.gnu.linkonce.b.*)
 *(COMMON*)
 COMMON         0x00000000200007c8        0x4 f:/mounriver_studio/toolchain/risc-v embedded gcc/bin/../lib/gcc/riscv-none-embed/8.2.0/../../../../riscv-none-embed/lib/rv32imacxw/ilp32\libg_nano.a(lib_a-reent.o)
                0x00000000200007c8                errno
                0x00000000200007cc                . = ALIGN (0x4)
                0x00000000200007cc                PROVIDE (_ebss = .)
                0x00000000200007cc                PROVIDE (_end = _ebss)
                [!provide]                        PROVIDE (end = .)

.stack          0x0000000020007800      0x800
                0x0000000020007800                PROVIDE (_heap_end = .)
                0x0000000020007800                . = ALIGN (0x4)
                [!provide]                        PROVIDE (_susrstack = .)
                0x0000000020008000                . = (. + __stack_size)
 *fill*         0x0000000020007800      0x800 
                0x0000000020008000                PROVIDE (_eusrstack = .)
OUTPUT(Merge-loop.elf elf32-littleriscv)

.debug_info     0x0000000000000000    0x189b3
 .debug_info    0x0000000000000000      0xfe4 ./User/AP3216C.o
 .debug_info    0x0000000000000fe4     0x13c2 ./User/IIC.o
 .debug_info    0x00000000000023a6      0x962 ./User/ch32v30x_it.o
 .debug_info    0x0000000000002d08     0x2a11 ./User/lcd.o
 .debug_info    0x0000000000005719     0x18d8 ./User/main.o
 .debug_info    0x0000000000006ff1     0x18e7 ./User/output.o
 .debug_info    0x00000000000088d8     0x2789 ./User/serial.o
 .debug_info    0x000000000000b061     0x18b6 ./User/sht31_soft.o
 .debug_info    0x000000000000c917      0xb99 ./User/system_ch32v30x.o
 .debug_info    0x000000000000d4b0       0x22 ./Startup/startup_ch32v30x_D8C.o
 .debug_info    0x000000000000d4d2      0xd16 ./Peripheral/src/ch32v30x_dma.o
 .debug_info    0x000000000000e1e8      0xf08 ./Peripheral/src/ch32v30x_fsmc.o
 .debug_info    0x000000000000f0f0     0x11cb ./Peripheral/src/ch32v30x_gpio.o
 .debug_info    0x00000000000102bb     0x1481 ./Peripheral/src/ch32v30x_i2c.o
 .debug_info    0x000000000001173c      0xf60 ./Peripheral/src/ch32v30x_misc.o
 .debug_info    0x000000000001269c     0x156e ./Peripheral/src/ch32v30x_rcc.o
 .debug_info    0x0000000000013c0a     0x2a16 ./Peripheral/src/ch32v30x_tim.o
 .debug_info    0x0000000000016620     0x13b1 ./Peripheral/src/ch32v30x_usart.o
 .debug_info    0x00000000000179d1      0xfe2 ./Debug/debug.o

.debug_abbrev   0x0000000000000000     0x3b24
 .debug_abbrev  0x0000000000000000      0x350 ./User/AP3216C.o
 .debug_abbrev  0x0000000000000350      0x2da ./User/IIC.o
 .debug_abbrev  0x000000000000062a      0x1cf ./User/ch32v30x_it.o
 .debug_abbrev  0x00000000000007f9      0x478 ./User/lcd.o
 .debug_abbrev  0x0000000000000c71      0x31b ./User/main.o
 .debug_abbrev  0x0000000000000f8c      0x327 ./User/output.o
 .debug_abbrev  0x00000000000012b3      0x573 ./User/serial.o
 .debug_abbrev  0x0000000000001826      0x343 ./User/sht31_soft.o
 .debug_abbrev  0x0000000000001b69      0x2c0 ./User/system_ch32v30x.o
 .debug_abbrev  0x0000000000001e29       0x12 ./Startup/startup_ch32v30x_D8C.o
 .debug_abbrev  0x0000000000001e3b      0x2fd ./Peripheral/src/ch32v30x_dma.o
 .debug_abbrev  0x0000000000002138      0x2d9 ./Peripheral/src/ch32v30x_fsmc.o
 .debug_abbrev  0x0000000000002411      0x31a ./Peripheral/src/ch32v30x_gpio.o
 .debug_abbrev  0x000000000000272b      0x3a7 ./Peripheral/src/ch32v30x_i2c.o
 .debug_abbrev  0x0000000000002ad2      0x2e3 ./Peripheral/src/ch32v30x_misc.o
 .debug_abbrev  0x0000000000002db5      0x351 ./Peripheral/src/ch32v30x_rcc.o
 .debug_abbrev  0x0000000000003106      0x408 ./Peripheral/src/ch32v30x_tim.o
 .debug_abbrev  0x000000000000350e      0x312 ./Peripheral/src/ch32v30x_usart.o
 .debug_abbrev  0x0000000000003820      0x304 ./Debug/debug.o

.debug_loc      0x0000000000000000     0x6878
 .debug_loc     0x0000000000000000      0x154 ./User/AP3216C.o
 .debug_loc     0x0000000000000154      0x26d ./User/IIC.o
 .debug_loc     0x00000000000003c1     0x1513 ./User/lcd.o
 .debug_loc     0x00000000000018d4       0x2c ./User/main.o
 .debug_loc     0x0000000000001900      0x40c ./User/output.o
 .debug_loc     0x0000000000001d0c      0x7de ./User/serial.o
 .debug_loc     0x00000000000024ea      0x2d1 ./User/sht31_soft.o
 .debug_loc     0x00000000000027bb      0x163 ./User/system_ch32v30x.o
 .debug_loc     0x000000000000291e      0x19a ./Peripheral/src/ch32v30x_dma.o
 .debug_loc     0x0000000000002ab8      0x2ae ./Peripheral/src/ch32v30x_fsmc.o
 .debug_loc     0x0000000000002d66      0x6d6 ./Peripheral/src/ch32v30x_gpio.o
 .debug_loc     0x000000000000343c      0x6cc ./Peripheral/src/ch32v30x_i2c.o
 .debug_loc     0x0000000000003b08       0x47 ./Peripheral/src/ch32v30x_misc.o
 .debug_loc     0x0000000000003b4f      0xadb ./Peripheral/src/ch32v30x_rcc.o
 .debug_loc     0x000000000000462a     0x195e ./Peripheral/src/ch32v30x_tim.o
 .debug_loc     0x0000000000005f88      0x779 ./Peripheral/src/ch32v30x_usart.o
 .debug_loc     0x0000000000006701      0x177 ./Debug/debug.o

.debug_aranges  0x0000000000000000      0xc50
 .debug_aranges
                0x0000000000000000       0x38 ./User/AP3216C.o
 .debug_aranges
                0x0000000000000038       0x40 ./User/IIC.o
 .debug_aranges
                0x0000000000000078       0x28 ./User/ch32v30x_it.o
 .debug_aranges
                0x00000000000000a0       0xf0 ./User/lcd.o
 .debug_aranges
                0x0000000000000190       0x28 ./User/main.o
 .debug_aranges
                0x00000000000001b8       0x70 ./User/output.o
 .debug_aranges
                0x0000000000000228      0x100 ./User/serial.o
 .debug_aranges
                0x0000000000000328       0x60 ./User/sht31_soft.o
 .debug_aranges
                0x0000000000000388       0x28 ./User/system_ch32v30x.o
 .debug_aranges
                0x00000000000003b0       0x30 ./Startup/startup_ch32v30x_D8C.o
 .debug_aranges
                0x00000000000003e0       0x60 ./Peripheral/src/ch32v30x_dma.o
 .debug_aranges
                0x0000000000000440       0x70 ./Peripheral/src/ch32v30x_fsmc.o
 .debug_aranges
                0x00000000000004b0       0xb0 ./Peripheral/src/ch32v30x_gpio.o
 .debug_aranges
                0x0000000000000560      0x110 ./Peripheral/src/ch32v30x_i2c.o
 .debug_aranges
                0x0000000000000670       0x28 ./Peripheral/src/ch32v30x_misc.o
 .debug_aranges
                0x0000000000000698      0x1a8 ./Peripheral/src/ch32v30x_rcc.o
 .debug_aranges
                0x0000000000000840      0x2d0 ./Peripheral/src/ch32v30x_tim.o
 .debug_aranges
                0x0000000000000b10       0xf0 ./Peripheral/src/ch32v30x_usart.o
 .debug_aranges
                0x0000000000000c00       0x50 ./Debug/debug.o

.debug_ranges   0x0000000000000000      0xc48
 .debug_ranges  0x0000000000000000       0x28 ./User/AP3216C.o
 .debug_ranges  0x0000000000000028       0x30 ./User/IIC.o
 .debug_ranges  0x0000000000000058       0x18 ./User/ch32v30x_it.o
 .debug_ranges  0x0000000000000070      0x148 ./User/lcd.o
 .debug_ranges  0x00000000000001b8       0x30 ./User/main.o
 .debug_ranges  0x00000000000001e8       0x60 ./User/output.o
 .debug_ranges  0x0000000000000248      0x110 ./User/serial.o
 .debug_ranges  0x0000000000000358       0x50 ./User/sht31_soft.o
 .debug_ranges  0x00000000000003a8       0x38 ./User/system_ch32v30x.o
 .debug_ranges  0x00000000000003e0       0x28 ./Startup/startup_ch32v30x_D8C.o
 .debug_ranges  0x0000000000000408       0x50 ./Peripheral/src/ch32v30x_dma.o
 .debug_ranges  0x0000000000000458       0x60 ./Peripheral/src/ch32v30x_fsmc.o
 .debug_ranges  0x00000000000004b8       0xa0 ./Peripheral/src/ch32v30x_gpio.o
 .debug_ranges  0x0000000000000558      0x100 ./Peripheral/src/ch32v30x_i2c.o
 .debug_ranges  0x0000000000000658       0x48 ./Peripheral/src/ch32v30x_misc.o
 .debug_ranges  0x00000000000006a0      0x198 ./Peripheral/src/ch32v30x_rcc.o
 .debug_ranges  0x0000000000000838      0x2f0 ./Peripheral/src/ch32v30x_tim.o
 .debug_ranges  0x0000000000000b28       0xe0 ./Peripheral/src/ch32v30x_usart.o
 .debug_ranges  0x0000000000000c08       0x40 ./Debug/debug.o

.debug_line     0x0000000000000000    0x11f49
 .debug_line    0x0000000000000000      0x733 ./User/AP3216C.o
 .debug_line    0x0000000000000733      0x998 ./User/IIC.o
 .debug_line    0x00000000000010cb      0x22f ./User/ch32v30x_it.o
 .debug_line    0x00000000000012fa     0x21c0 ./User/lcd.o
 .debug_line    0x00000000000034ba      0x7e7 ./User/main.o
 .debug_line    0x0000000000003ca1      0xe3d ./User/output.o
 .debug_line    0x0000000000004ade     0x20d7 ./User/serial.o
 .debug_line    0x0000000000006bb5      0x9b5 ./User/sht31_soft.o
 .debug_line    0x000000000000756a      0x8ea ./User/system_ch32v30x.o
 .debug_line    0x0000000000007e54      0x158 ./Startup/startup_ch32v30x_D8C.o
 .debug_line    0x0000000000007fac      0xa03 ./Peripheral/src/ch32v30x_dma.o
 .debug_line    0x00000000000089af      0xc48 ./Peripheral/src/ch32v30x_fsmc.o
 .debug_line    0x00000000000095f7     0x1050 ./Peripheral/src/ch32v30x_gpio.o
 .debug_line    0x000000000000a647     0x116b ./Peripheral/src/ch32v30x_i2c.o
 .debug_line    0x000000000000b7b2      0x400 ./Peripheral/src/ch32v30x_misc.o
 .debug_line    0x000000000000bbb2     0x19bb ./Peripheral/src/ch32v30x_rcc.o
 .debug_line    0x000000000000d56d     0x3328 ./Peripheral/src/ch32v30x_tim.o
 .debug_line    0x0000000000010895      0xf28 ./Peripheral/src/ch32v30x_usart.o
 .debug_line    0x00000000000117bd      0x78c ./Debug/debug.o

.debug_str      0x0000000000000000     0x3e00
 .debug_str     0x0000000000000000      0x6d8 ./User/AP3216C.o
                                        0x772 (size before relaxing)
 .debug_str     0x00000000000006d8      0x25e ./User/IIC.o
                                        0x96d (size before relaxing)
 .debug_str     0x0000000000000936       0x34 ./User/ch32v30x_it.o
                                        0x5c4 (size before relaxing)
 .debug_str     0x000000000000096a      0x7bc ./User/lcd.o
                                        0xf88 (size before relaxing)
 .debug_str     0x0000000000001126      0x28f ./User/main.o
                                        0xa7a (size before relaxing)
 .debug_str     0x00000000000013b5      0x155 ./User/output.o
                                        0xc07 (size before relaxing)
 .debug_str     0x000000000000150a      0xa11 ./User/serial.o
                                       0x1447 (size before relaxing)
 .debug_str     0x0000000000001f1b      0x10c ./User/sht31_soft.o
                                       0x100a (size before relaxing)
 .debug_str     0x0000000000002027      0x114 ./User/system_ch32v30x.o
                                        0x6e3 (size before relaxing)
 .debug_str     0x000000000000213b       0x64 ./Startup/startup_ch32v30x_D8C.o
                                         0xae (size before relaxing)
 .debug_str     0x000000000000219f      0x119 ./Peripheral/src/ch32v30x_dma.o
                                        0x837 (size before relaxing)
 .debug_str     0x00000000000022b8      0x2af ./Peripheral/src/ch32v30x_fsmc.o
                                        0xaa4 (size before relaxing)
 .debug_str     0x0000000000002567      0x22d ./Peripheral/src/ch32v30x_gpio.o
                                        0x9f4 (size before relaxing)
 .debug_str     0x0000000000002794      0x348 ./Peripheral/src/ch32v30x_i2c.o
                                        0xb24 (size before relaxing)
 .debug_str     0x0000000000002adc      0x129 ./Peripheral/src/ch32v30x_misc.o
                                        0xcfd (size before relaxing)
 .debug_str     0x0000000000002c05      0x52b ./Peripheral/src/ch32v30x_rcc.o
                                        0xd0e (size before relaxing)
 .debug_str     0x0000000000003130      0x90c ./Peripheral/src/ch32v30x_tim.o
                                       0x12bf (size before relaxing)
 .debug_str     0x0000000000003a3c      0x31a ./Peripheral/src/ch32v30x_usart.o
                                        0xb2e (size before relaxing)
 .debug_str     0x0000000000003d56       0xaa ./Debug/debug.o
                                        0xa0f (size before relaxing)

.comment        0x0000000000000000       0x33
 .comment       0x0000000000000000       0x33 ./User/AP3216C.o
                                         0x34 (size before relaxing)
 .comment       0x0000000000000033       0x34 ./User/IIC.o
 .comment       0x0000000000000033       0x34 ./User/ch32v30x_it.o
 .comment       0x0000000000000033       0x34 ./User/lcd.o
 .comment       0x0000000000000033       0x34 ./User/main.o
 .comment       0x0000000000000033       0x34 ./User/output.o
 .comment       0x0000000000000033       0x34 ./User/serial.o
 .comment       0x0000000000000033       0x34 ./User/sht31_soft.o
 .comment       0x0000000000000033       0x34 ./User/system_ch32v30x.o
 .comment       0x0000000000000033       0x34 ./Peripheral/src/ch32v30x_dma.o
 .comment       0x0000000000000033       0x34 ./Peripheral/src/ch32v30x_fsmc.o
 .comment       0x0000000000000033       0x34 ./Peripheral/src/ch32v30x_gpio.o
 .comment       0x0000000000000033       0x34 ./Peripheral/src/ch32v30x_i2c.o
 .comment       0x0000000000000033       0x34 ./Peripheral/src/ch32v30x_misc.o
 .comment       0x0000000000000033       0x34 ./Peripheral/src/ch32v30x_rcc.o
 .comment       0x0000000000000033       0x34 ./Peripheral/src/ch32v30x_tim.o
 .comment       0x0000000000000033       0x34 ./Peripheral/src/ch32v30x_usart.o
 .comment       0x0000000000000033       0x34 ./Debug/debug.o
 .comment       0x0000000000000033       0x34 f:/mounriver_studio/toolchain/risc-v embedded gcc/bin/../lib/gcc/riscv-none-embed/8.2.0/../../../../riscv-none-embed/lib/rv32imacxw/ilp32\libprintfloat.a(printfloat.o)

.debug_frame    0x0000000000000000     0x2630
 .debug_frame   0x0000000000000000       0xac ./User/AP3216C.o
 .debug_frame   0x00000000000000ac      0x100 ./User/IIC.o
 .debug_frame   0x00000000000001ac       0x30 ./User/ch32v30x_it.o
 .debug_frame   0x00000000000001dc      0x3d0 ./User/lcd.o
 .debug_frame   0x00000000000005ac       0x54 ./User/main.o
 .debug_frame   0x0000000000000600      0x190 ./User/output.o
 .debug_frame   0x0000000000000790      0x3c4 ./User/serial.o
 .debug_frame   0x0000000000000b54      0x168 ./User/sht31_soft.o
 .debug_frame   0x0000000000000cbc       0x3c ./User/system_ch32v30x.o
 .debug_frame   0x0000000000000cf8       0xd8 ./Peripheral/src/ch32v30x_dma.o
 .debug_frame   0x0000000000000dd0       0xc0 ./Peripheral/src/ch32v30x_fsmc.o
 .debug_frame   0x0000000000000e90      0x174 ./Peripheral/src/ch32v30x_gpio.o
 .debug_frame   0x0000000000001004      0x264 ./Peripheral/src/ch32v30x_i2c.o
 .debug_frame   0x0000000000001268       0x30 ./Peripheral/src/ch32v30x_misc.o
 .debug_frame   0x0000000000001298      0x344 ./Peripheral/src/ch32v30x_rcc.o
 .debug_frame   0x00000000000015dc      0x614 ./Peripheral/src/ch32v30x_tim.o
 .debug_frame   0x0000000000001bf0      0x1e4 ./Peripheral/src/ch32v30x_usart.o
 .debug_frame   0x0000000000001dd4       0xb8 ./Debug/debug.o
 .debug_frame   0x0000000000001e8c       0x50 f:/mounriver_studio/toolchain/risc-v embedded gcc/bin/../lib/gcc/riscv-none-embed/8.2.0/rv32imacxw/ilp32\libgcc.a(divdf3.o)
 .debug_frame   0x0000000000001edc       0x20 f:/mounriver_studio/toolchain/risc-v embedded gcc/bin/../lib/gcc/riscv-none-embed/8.2.0/rv32imacxw/ilp32\libgcc.a(eqdf2.o)
 .debug_frame   0x0000000000001efc       0x20 f:/mounriver_studio/toolchain/risc-v embedded gcc/bin/../lib/gcc/riscv-none-embed/8.2.0/rv32imacxw/ilp32\libgcc.a(gedf2.o)
 .debug_frame   0x0000000000001f1c       0x20 f:/mounriver_studio/toolchain/risc-v embedded gcc/bin/../lib/gcc/riscv-none-embed/8.2.0/rv32imacxw/ilp32\libgcc.a(ledf2.o)
 .debug_frame   0x0000000000001f3c       0x54 f:/mounriver_studio/toolchain/risc-v embedded gcc/bin/../lib/gcc/riscv-none-embed/8.2.0/rv32imacxw/ilp32\libgcc.a(muldf3.o)
 .debug_frame   0x0000000000001f90       0x44 f:/mounriver_studio/toolchain/risc-v embedded gcc/bin/../lib/gcc/riscv-none-embed/8.2.0/rv32imacxw/ilp32\libgcc.a(subdf3.o)
 .debug_frame   0x0000000000001fd4       0x20 f:/mounriver_studio/toolchain/risc-v embedded gcc/bin/../lib/gcc/riscv-none-embed/8.2.0/rv32imacxw/ilp32\libgcc.a(fixunsdfsi.o)
 .debug_frame   0x0000000000001ff4       0x38 f:/mounriver_studio/toolchain/risc-v embedded gcc/bin/../lib/gcc/riscv-none-embed/8.2.0/rv32imacxw/ilp32\libgcc.a(floatsidf.o)
 .debug_frame   0x000000000000202c       0x20 f:/mounriver_studio/toolchain/risc-v embedded gcc/bin/../lib/gcc/riscv-none-embed/8.2.0/rv32imacxw/ilp32\libgcc.a(fixdfdi.o)
 .debug_frame   0x000000000000204c       0x40 f:/mounriver_studio/toolchain/risc-v embedded gcc/bin/../lib/gcc/riscv-none-embed/8.2.0/rv32imacxw/ilp32\libgcc.a(floatdidf.o)
 .debug_frame   0x000000000000208c       0x20 f:/mounriver_studio/toolchain/risc-v embedded gcc/bin/../lib/gcc/riscv-none-embed/8.2.0/rv32imacxw/ilp32\libgcc.a(_clzsi2.o)
 .debug_frame   0x00000000000020ac       0x30 f:/mounriver_studio/toolchain/risc-v embedded gcc/bin/../lib/gcc/riscv-none-embed/8.2.0/../../../../riscv-none-embed/lib/rv32imacxw/ilp32\libg_nano.a(lib_a-atoi.o)
 .debug_frame   0x00000000000020dc       0x20 f:/mounriver_studio/toolchain/risc-v embedded gcc/bin/../lib/gcc/riscv-none-embed/8.2.0/../../../../riscv-none-embed/lib/rv32imacxw/ilp32\libg_nano.a(lib_a-memcpy.o)
 .debug_frame   0x00000000000020fc       0x20 f:/mounriver_studio/toolchain/risc-v embedded gcc/bin/../lib/gcc/riscv-none-embed/8.2.0/../../../../riscv-none-embed/lib/rv32imacxw/ilp32\libg_nano.a(lib_a-strncpy.o)
 .debug_frame   0x000000000000211c       0x20 f:/mounriver_studio/toolchain/risc-v embedded gcc/bin/../lib/gcc/riscv-none-embed/8.2.0/../../../../riscv-none-embed/lib/rv32imacxw/ilp32\libg_nano.a(lib_a-strstr.o)
 .debug_frame   0x000000000000213c       0x70 f:/mounriver_studio/toolchain/risc-v embedded gcc/bin/../lib/gcc/riscv-none-embed/8.2.0/../../../../riscv-none-embed/lib/rv32imacxw/ilp32\libg_nano.a(lib_a-strtol.o)
 .debug_frame   0x00000000000021ac       0x48 f:/mounriver_studio/toolchain/risc-v embedded gcc/bin/../lib/gcc/riscv-none-embed/8.2.0/../../../../riscv-none-embed/lib/rv32imacxw/ilp32\libg_nano.a(lib_a-vsnprintf.o)
 .debug_frame   0x00000000000021f4       0x78 f:/mounriver_studio/toolchain/risc-v embedded gcc/bin/../lib/gcc/riscv-none-embed/8.2.0/../../../../riscv-none-embed/lib/rv32imacxw/ilp32\libg_nano.a(lib_a-locale.o)
 .debug_frame   0x000000000000226c       0x38 f:/mounriver_studio/toolchain/risc-v embedded gcc/bin/../lib/gcc/riscv-none-embed/8.2.0/../../../../riscv-none-embed/lib/rv32imacxw/ilp32\libg_nano.a(lib_a-mbtowc_r.o)
 .debug_frame   0x00000000000022a4       0xe0 f:/mounriver_studio/toolchain/risc-v embedded gcc/bin/../lib/gcc/riscv-none-embed/8.2.0/../../../../riscv-none-embed/lib/rv32imacxw/ilp32\libg_nano.a(lib_a-nano-svfprintf.o)
 .debug_frame   0x0000000000002384       0x8c f:/mounriver_studio/toolchain/risc-v embedded gcc/bin/../lib/gcc/riscv-none-embed/8.2.0/../../../../riscv-none-embed/lib/rv32imacxw/ilp32\libg_nano.a(lib_a-nano-vfprintf_i.o)
 .debug_frame   0x0000000000002410       0x30 f:/mounriver_studio/toolchain/risc-v embedded gcc/bin/../lib/gcc/riscv-none-embed/8.2.0/../../../../riscv-none-embed/lib/rv32imacxw/ilp32\libg_nano.a(lib_a-wctomb_r.o)
 .debug_frame   0x0000000000002440       0x20 f:/mounriver_studio/toolchain/risc-v embedded gcc/bin/../lib/gcc/riscv-none-embed/8.2.0/../../../../riscv-none-embed/lib/rv32imacxw/ilp32\libg_nano.a(lib_a-memchr.o)
 .debug_frame   0x0000000000002460       0x20 f:/mounriver_studio/toolchain/risc-v embedded gcc/bin/../lib/gcc/riscv-none-embed/8.2.0/../../../../riscv-none-embed/lib/rv32imacxw/ilp32\libg_nano.a(lib_a-memmove.o)
 .debug_frame   0x0000000000002480       0x40 f:/mounriver_studio/toolchain/risc-v embedded gcc/bin/../lib/gcc/riscv-none-embed/8.2.0/../../../../riscv-none-embed/lib/rv32imacxw/ilp32\libg_nano.a(lib_a-nano-freer.o)
 .debug_frame   0x00000000000024c0       0x40 f:/mounriver_studio/toolchain/risc-v embedded gcc/bin/../lib/gcc/riscv-none-embed/8.2.0/../../../../riscv-none-embed/lib/rv32imacxw/ilp32\libg_nano.a(lib_a-nano-mallocr.o)
 .debug_frame   0x0000000000002500       0x40 f:/mounriver_studio/toolchain/risc-v embedded gcc/bin/../lib/gcc/riscv-none-embed/8.2.0/../../../../riscv-none-embed/lib/rv32imacxw/ilp32\libg_nano.a(lib_a-nano-reallocr.o)
 .debug_frame   0x0000000000002540       0x30 f:/mounriver_studio/toolchain/risc-v embedded gcc/bin/../lib/gcc/riscv-none-embed/8.2.0/../../../../riscv-none-embed/lib/rv32imacxw/ilp32\libg_nano.a(lib_a-sbrkr.o)
 .debug_frame   0x0000000000002570       0x30 f:/mounriver_studio/toolchain/risc-v embedded gcc/bin/../lib/gcc/riscv-none-embed/8.2.0/../../../../riscv-none-embed/lib/rv32imacxw/ilp32\libg_nano.a(lib_a-mlock.o)
 .debug_frame   0x00000000000025a0       0x20 f:/mounriver_studio/toolchain/risc-v embedded gcc/bin/../lib/gcc/riscv-none-embed/8.2.0/../../../../riscv-none-embed/lib/rv32imacxw/ilp32\libg_nano.a(lib_a-nano-msizer.o)
 .debug_frame   0x00000000000025c0       0x70 f:/mounriver_studio/toolchain/risc-v embedded gcc/bin/../lib/gcc/riscv-none-embed/8.2.0/../../../../riscv-none-embed/lib/rv32imacxw/ilp32\libg_nano.a(lib_a-reent.o)
