Archive member included to satisfy reference by file (symbol)

f:/mounriver_studio/toolchain/risc-v embedded gcc/bin/../lib/gcc/riscv-none-embed/8.2.0/../../../../riscv-none-embed/lib/rv32imacxw/ilp32\libprintfloat.a(printfloat.o)
                              ./User/lcd.o (printf)
f:/mounriver_studio/toolchain/risc-v embedded gcc/bin/../lib/gcc/riscv-none-embed/8.2.0/rv32imacxw/ilp32\libgcc.a(_udivdi3.o)
                              f:/mounriver_studio/toolchain/risc-v embedded gcc/bin/../lib/gcc/riscv-none-embed/8.2.0/../../../../riscv-none-embed/lib/rv32imacxw/ilp32\libprintfloat.a(printfloat.o) (__udivdi3)
f:/mounriver_studio/toolchain/risc-v embedded gcc/bin/../lib/gcc/riscv-none-embed/8.2.0/rv32imacxw/ilp32\libgcc.a(_umoddi3.o)
                              f:/mounriver_studio/toolchain/risc-v embedded gcc/bin/../lib/gcc/riscv-none-embed/8.2.0/../../../../riscv-none-embed/lib/rv32imacxw/ilp32\libprintfloat.a(printfloat.o) (__umoddi3)
f:/mounriver_studio/toolchain/risc-v embedded gcc/bin/../lib/gcc/riscv-none-embed/8.2.0/rv32imacxw/ilp32\libgcc.a(ledf2.o)
                              f:/mounriver_studio/toolchain/risc-v embedded gcc/bin/../lib/gcc/riscv-none-embed/8.2.0/../../../../riscv-none-embed/lib/rv32imacxw/ilp32\libprintfloat.a(printfloat.o) (__ltdf2)
f:/mounriver_studio/toolchain/risc-v embedded gcc/bin/../lib/gcc/riscv-none-embed/8.2.0/rv32imacxw/ilp32\libgcc.a(muldf3.o)
                              f:/mounriver_studio/toolchain/risc-v embedded gcc/bin/../lib/gcc/riscv-none-embed/8.2.0/../../../../riscv-none-embed/lib/rv32imacxw/ilp32\libprintfloat.a(printfloat.o) (__muldf3)
f:/mounriver_studio/toolchain/risc-v embedded gcc/bin/../lib/gcc/riscv-none-embed/8.2.0/rv32imacxw/ilp32\libgcc.a(subdf3.o)
                              f:/mounriver_studio/toolchain/risc-v embedded gcc/bin/../lib/gcc/riscv-none-embed/8.2.0/../../../../riscv-none-embed/lib/rv32imacxw/ilp32\libprintfloat.a(printfloat.o) (__subdf3)
f:/mounriver_studio/toolchain/risc-v embedded gcc/bin/../lib/gcc/riscv-none-embed/8.2.0/rv32imacxw/ilp32\libgcc.a(fixdfdi.o)
                              f:/mounriver_studio/toolchain/risc-v embedded gcc/bin/../lib/gcc/riscv-none-embed/8.2.0/../../../../riscv-none-embed/lib/rv32imacxw/ilp32\libprintfloat.a(printfloat.o) (__fixdfdi)
f:/mounriver_studio/toolchain/risc-v embedded gcc/bin/../lib/gcc/riscv-none-embed/8.2.0/rv32imacxw/ilp32\libgcc.a(floatdidf.o)
                              f:/mounriver_studio/toolchain/risc-v embedded gcc/bin/../lib/gcc/riscv-none-embed/8.2.0/../../../../riscv-none-embed/lib/rv32imacxw/ilp32\libprintfloat.a(printfloat.o) (__floatdidf)
f:/mounriver_studio/toolchain/risc-v embedded gcc/bin/../lib/gcc/riscv-none-embed/8.2.0/rv32imacxw/ilp32\libgcc.a(save-restore.o)
                              ./User/lcd.o (__riscv_save_12)
f:/mounriver_studio/toolchain/risc-v embedded gcc/bin/../lib/gcc/riscv-none-embed/8.2.0/rv32imacxw/ilp32\libgcc.a(_clz.o)
                              f:/mounriver_studio/toolchain/risc-v embedded gcc/bin/../lib/gcc/riscv-none-embed/8.2.0/rv32imacxw/ilp32\libgcc.a(_udivdi3.o) (__clz_tab)
f:/mounriver_studio/toolchain/risc-v embedded gcc/bin/../lib/gcc/riscv-none-embed/8.2.0/rv32imacxw/ilp32\libgcc.a(_clzsi2.o)
                              f:/mounriver_studio/toolchain/risc-v embedded gcc/bin/../lib/gcc/riscv-none-embed/8.2.0/rv32imacxw/ilp32\libgcc.a(muldf3.o) (__clzsi2)
f:/mounriver_studio/toolchain/risc-v embedded gcc/bin/../lib/gcc/riscv-none-embed/8.2.0/../../../../riscv-none-embed/lib/rv32imacxw/ilp32\libg_nano.a(lib_a-memset.o)
                              ./User/lcd.o (memset)
f:/mounriver_studio/toolchain/risc-v embedded gcc/bin/../lib/gcc/riscv-none-embed/8.2.0/../../../../riscv-none-embed/lib/rv32imacxw/ilp32\libg_nano.a(lib_a-vsnprintf.o)
                              ./User/lcd.o (vsnprintf)
f:/mounriver_studio/toolchain/risc-v embedded gcc/bin/../lib/gcc/riscv-none-embed/8.2.0/../../../../riscv-none-embed/lib/rv32imacxw/ilp32\libg_nano.a(lib_a-impure.o)
                              f:/mounriver_studio/toolchain/risc-v embedded gcc/bin/../lib/gcc/riscv-none-embed/8.2.0/../../../../riscv-none-embed/lib/rv32imacxw/ilp32\libg_nano.a(lib_a-vsnprintf.o) (_impure_ptr)
f:/mounriver_studio/toolchain/risc-v embedded gcc/bin/../lib/gcc/riscv-none-embed/8.2.0/../../../../riscv-none-embed/lib/rv32imacxw/ilp32\libg_nano.a(lib_a-nano-svfprintf.o)
                              f:/mounriver_studio/toolchain/risc-v embedded gcc/bin/../lib/gcc/riscv-none-embed/8.2.0/../../../../riscv-none-embed/lib/rv32imacxw/ilp32\libg_nano.a(lib_a-vsnprintf.o) (_svfprintf_r)
f:/mounriver_studio/toolchain/risc-v embedded gcc/bin/../lib/gcc/riscv-none-embed/8.2.0/../../../../riscv-none-embed/lib/rv32imacxw/ilp32\libg_nano.a(lib_a-nano-vfprintf_i.o)
                              f:/mounriver_studio/toolchain/risc-v embedded gcc/bin/../lib/gcc/riscv-none-embed/8.2.0/../../../../riscv-none-embed/lib/rv32imacxw/ilp32\libg_nano.a(lib_a-nano-svfprintf.o) (_printf_i)
[...]
Memory Configuration

Name             Origin             Length             Attributes
FLASH            0x0000000000000000 0x0000000000048000 xr
RAM              0x0000000020000000 0x0000000000008000 xrw
*default*        0x0000000000000000 0xffffffffffffffff

Linker script and memory map

LOAD ./User/AP3216C.o
LOAD ./User/IIC.o
LOAD ./User/MyI2C.o
LOAD ./User/ch32v30x_it.o
LOAD ./User/lcd.o
LOAD ./User/main.o
LOAD ./User/serial.o
LOAD ./User/system_ch32v30x.o
LOAD ./Startup/startup_ch32v30x_D8C.o
LOAD ./Peripheral/src/ch32v30x_adc.o
LOAD ./Peripheral/src/ch32v30x_bkp.o
LOAD ./Peripheral/src/ch32v30x_can.o
LOAD ./Peripheral/src/ch32v30x_crc.o
LOAD ./Peripheral/src/ch32v30x_dac.o
LOAD ./Peripheral/src/ch32v30x_dbgmcu.o
LOAD ./Peripheral/src/ch32v30x_dma.o
LOAD ./Peripheral/src/ch32v30x_dvp.o
LOAD ./Peripheral/src/ch32v30x_eth.o
LOAD ./Peripheral/src/ch32v30x_exti.o
LOAD ./Peripheral/src/ch32v30x_flash.o
LOAD ./Peripheral/src/ch32v30x_fsmc.o
LOAD ./Peripheral/src/ch32v30x_gpio.o
LOAD ./Peripheral/src/ch32v30x_i2c.o
LOAD ./Peripheral/src/ch32v30x_iwdg.o
LOAD ./Peripheral/src/ch32v30x_misc.o
LOAD ./Peripheral/src/ch32v30x_opa.o
LOAD ./Peripheral/src/ch32v30x_pwr.o
LOAD ./Peripheral/src/ch32v30x_rcc.o
LOAD ./Peripheral/src/ch32v30x_rng.o
LOAD ./Peripheral/src/ch32v30x_rtc.o
LOAD ./Peripheral/src/ch32v30x_sdio.o
LOAD ./Peripheral/src/ch32v30x_spi.o
LOAD ./Peripheral/src/ch32v30x_tim.o
LOAD ./Peripheral/src/ch32v30x_usart.o
LOAD ./Peripheral/src/ch32v30x_wwdg.o
LOAD ./Debug/debug.o
LOAD ./Core/core_riscv.o
LOAD f:/mounriver_studio/toolchain/risc-v embedded gcc/bin/../lib/gcc/riscv-none-embed/8.2.0/../../../../riscv-none-embed/lib/rv32imacxw/ilp32\libm.a
LOAD f:/mounriver_studio/toolchain/risc-v embedded gcc/bin/../lib/gcc/riscv-none-embed/8.2.0/../../../../riscv-none-embed/lib/rv32imacxw/ilp32\libprintfloat.a
LOAD f:/mounriver_studio/toolchain/risc-v embedded gcc/bin/../lib/gcc/riscv-none-embed/8.2.0/rv32imacxw/ilp32\libgcc.a
LOAD f:/mounriver_studio/toolchain/risc-v embedded gcc/bin/../lib/gcc/riscv-none-embed/8.2.0/../../../../riscv-none-embed/lib/rv32imacxw/ilp32\libg_nano.a
LOAD f:/mounriver_studio/toolchain/risc-v embedded gcc/bin/../lib/gcc/riscv-none-embed/8.2.0/../../../../riscv-none-embed/lib/rv32imacxw/ilp32\libc_nano.a
LOAD f:/mounriver_studio/toolchain/risc-v embedded gcc/bin/../lib/gcc/riscv-none-embed/8.2.0/rv32imacxw/ilp32\libgcc.a
START GROUP
LOAD f:/mounriver_studio/toolchain/risc-v embedded gcc/bin/../lib/gcc/riscv-none-embed/8.2.0/rv32imacxw/ilp32\libgcc.a
LOAD f:/mounriver_studio/toolchain/risc-v embedded gcc/bin/../lib/gcc/riscv-none-embed/8.2.0/../../../../riscv-none-embed/lib/rv32imacxw/ilp32\libc_nano.a
LOAD f:/mounriver_studio/toolchain/risc-v embedded gcc/bin/../lib/gcc/riscv-none-embed/8.2.0/../../../../riscv-none-embed/lib/rv32imacxw/ilp32\libnosys.a
END GROUP
START GROUP
LOAD f:/mounriver_studio/toolchain/risc-v embedded gcc/bin/../lib/gcc/riscv-none-embed/8.2.0/rv32imacxw/ilp32\libgcc.a
LOAD f:/mounriver_studio/toolchain/risc-v embedded gcc/bin/../lib/gcc/riscv-none-embed/8.2.0/../../../../riscv-none-embed/lib/rv32imacxw/ilp32\libc_nano.a
LOAD f:/mounriver_studio/toolchain/risc-v embedded gcc/bin/../lib/gcc/riscv-none-embed/8.2.0/../../../../riscv-none-embed/lib/rv32imacxw/ilp32\libnosys.a
END GROUP
                0x0000000000000800                __stack_size = 0x800
                [!provide]                        PROVIDE (_stack_size = __stack_size)

.init           0x0000000000000000        0x4
                0x0000000000000000                _sinit = .
                0x0000000000000000                . = ALIGN (0x4)
 *(SORT_NONE(.init))
 .init          0x0000000000000000        0x4 ./Startup/startup_ch32v30x_D8C.o
                0x0000000000000000                _start
                0x0000000000000004                . = ALIGN (0x4)
                0x0000000000000004                _einit = .

.vector         0x0000000000000004      0x1bc
 *(.vector)
 .vector        0x0000000000000004      0x1a0 ./Startup/startup_ch32v30x_D8C.o
                0x00000000000001c0                . = ALIGN (0x40)
 *fill*         0x00000000000001a4       0x1c 

.text           0x00000000000001c0     0x7058
                0x00000000000001c0                . = ALIGN (0x4)
 *(.text)
 .text          0x00000000000001c0       0x60 f:/mounriver_studio/toolchain/risc-v embedded gcc/bin/../lib/gcc/riscv-none-embed/8.2.0/rv32imacxw/ilp32\libgcc.a(save-restore.o)
                0x00000000000001c0                __riscv_save_12
                0x00000000000001c8                __riscv_save_9
                0x00000000000001c8                __riscv_save_11
                0x00000000000001c8                __riscv_save_10
                0x00000000000001c8                __riscv_save_8
                0x00000000000001d6                __riscv_save_4
                0x00000000000001d6                __riscv_save_6
                0x00000000000001d6                __riscv_save_5
                0x00000000000001d6                __riscv_save_7
                0x00000000000001f0                __riscv_save_3
                0x00000000000001f0                __riscv_save_2
                0x00000000000001f0                __riscv_save_1
                0x00000000000001f0                __riscv_save_0
                0x00000000000001fc                __riscv_restore_12
                0x0000000000000200                __riscv_restore_11
                0x0000000000000200                __riscv_restore_9
                0x0000000000000200                __riscv_restore_10
                0x0000000000000200                __riscv_restore_8
                0x000000000000020a                __riscv_restore_5
                0x000000000000020a                __riscv_restore_7
                0x000000000000020a                __riscv_restore_6
                0x000000000000020a                __riscv_restore_4
                0x0000000000000214                __riscv_restore_3
                0x0000000000000214                __riscv_restore_0
                0x0000000000000214                __riscv_restore_2
                0x0000000000000214                __riscv_restore_1
 .text          0x0000000000000220       0xa8 f:/mounriver_studio/toolchain/risc-v embedded gcc/bin/../lib/gcc/riscv-none-embed/8.2.0/../../../../riscv-none-embed/lib/rv32imacxw/ilp32\libg_nano.a(lib_a-memset.o)
                0x0000000000000220                memset
 *(.text.*)
 .text.AP3216C_WriteOneByte
                0x00000000000002c8       0xb8 ./User/AP3216C.o
                0x00000000000002c8                AP3216C_WriteOneByte
 .text.AP3216C_ReadOneByte
                0x0000000000000380       0xda ./User/AP3216C.o
                0x0000000000000380                AP3216C_ReadOneByte
 .text.AP3216C_Init
                0x000000000000045a       0x30 ./User/AP3216C.o
                0x000000000000045a                AP3216C_Init
 .text.AP3216C_ReadData
                0x000000000000048a       0x74 ./User/AP3216C.o
                0x000000000000048a                AP3216C_ReadData
 .text.IIC_Init
                0x00000000000004fe       0x86 ./User/IIC.o
                0x00000000000004fe                IIC_Init
 .text.IIC_WaitEvent
                0x0000000000000584       0x26 ./User/IIC.o
                0x0000000000000584                IIC_WaitEvent
 .text.NMI_Handler
                0x00000000000005aa        0x2 ./User/ch32v30x_it.o
                0x00000000000005aa                NMI_Handler
 .text.HardFault_Handler
                0x00000000000005ac        0x2 ./User/ch32v30x_it.o
                0x00000000000005ac                HardFault_Handler
 .text.lcd_write_half_word
                0x00000000000005ae       0x12 ./User/lcd.o
                0x00000000000005ae                lcd_write_half_word
 .text.lcd_read_data
                0x00000000000005c0       0x14 ./User/lcd.o
                0x00000000000005c0                lcd_read_data
 .text.lcd_fsmc_init
                0x00000000000005d4       0xf2 ./User/lcd.o
                0x00000000000005d4                lcd_fsmc_init
 .text.TIM1_PWMOut_Init
                0x00000000000006c6       0x6e ./User/lcd.o
                0x00000000000006c6                TIM1_PWMOut_Init
 .text.lcd_gpio_init
                0x0000000000000734       0x46 ./User/lcd.o
                0x0000000000000734                lcd_gpio_init
 .text.lcd_set_color
                0x000000000000077a        0xe ./User/lcd.o
                0x000000000000077a                lcd_set_color
 .text.lcd_address_set
                0x0000000000000788       0x4e ./User/lcd.o
                0x0000000000000788                lcd_address_set
 .text.lcd_clear
                0x00000000000007d6       0x3c ./User/lcd.o
                0x00000000000007d6                lcd_clear
 .text.lcd_init
                0x0000000000000812      0x18e ./User/lcd.o
                0x0000000000000812                lcd_init
 .text.lcd_show_char
                0x00000000000009a0      0x172 ./User/lcd.o
                0x00000000000009a0                lcd_show_char
 .text.lcd_show_string
                0x0000000000000b12       0xc8 ./User/lcd.o
                0x0000000000000b12                lcd_show_string
 .text.startup.main
                0x0000000000000bda      0x132 ./User/main.o
                0x0000000000000bda                main
 .text.USART2_IRQHandler
                0x0000000000000d0c       0x8e ./User/serial.o
                0x0000000000000d0c                USART2_IRQHandler
 .text.SystemInit
                0x0000000000000d9a       0xfa ./User/system_ch32v30x.o
                0x0000000000000d9a                SystemInit
 .text.vector_handler
                0x0000000000000e94        0x2 ./Startup/startup_ch32v30x_D8C.o
                0x0000000000000e94                EXTI2_IRQHandler
                0x0000000000000e94                TIM8_TRG_COM_IRQHandler
                0x0000000000000e94                TIM8_CC_IRQHandler
                0x0000000000000e94                UART8_IRQHandler
                0x0000000000000e94                TIM1_CC_IRQHandler
                0x0000000000000e94                TIM6_IRQHandler
                0x0000000000000e94                SysTick_Handler
                0x0000000000000e94                PVD_IRQHandler
                0x0000000000000e94                SDIO_IRQHandler
                0x0000000000000e94                TIM9_BRK_IRQHandler
                0x0000000000000e94                DMA2_Channel8_IRQHandler
                0x0000000000000e94                CAN2_RX1_IRQHandler
                0x0000000000000e94                EXTI3_IRQHandler
                0x0000000000000e94                USBHS_IRQHandler
                0x0000000000000e94                DMA2_Channel9_IRQHandler
                0x0000000000000e94                TIM10_CC_IRQHandler
                0x0000000000000e94                USBFS_IRQHandler
                0x0000000000000e94                EXTI0_IRQHandler
                0x0000000000000e94                I2C2_EV_IRQHandler
                0x0000000000000e94                TIM10_TRG_COM_IRQHandler
                0x0000000000000e94                CAN2_SCE_IRQHandler
                0x0000000000000e94                ADC1_2_IRQHandler
                0x0000000000000e94                Break_Point_Handler
                0x0000000000000e94                SPI1_IRQHandler
                0x0000000000000e94                TAMPER_IRQHandler
                0x0000000000000e94                CAN2_RX0_IRQHandler
                0x0000000000000e94                TIM8_UP_IRQHandler
                0x0000000000000e94                Ecall_M_Mode_Handler
                0x0000000000000e94                DMA2_Channel2_IRQHandler
                0x0000000000000e94                DMA1_Channel4_IRQHandler
                0x0000000000000e94                TIM9_UP_IRQHandler
                0x0000000000000e94                USART3_IRQHandler
                0x0000000000000e94                RTC_IRQHandler
                0x0000000000000e94                DMA1_Channel7_IRQHandler
                0x0000000000000e94                CAN1_RX1_IRQHandler
                0x0000000000000e94                DVP_IRQHandler
                0x0000000000000e94                UART5_IRQHandler
                0x0000000000000e94                TIM4_IRQHandler
                0x0000000000000e94                DMA2_Channel1_IRQHandler
                0x0000000000000e94                I2C1_EV_IRQHandler
                0x0000000000000e94                DMA1_Channel6_IRQHandler
                0x0000000000000e94                UART4_IRQHandler
                0x0000000000000e94                DMA2_Channel4_IRQHandler
                0x0000000000000e94                TIM3_IRQHandler
                0x0000000000000e94                RCC_IRQHandler
                0x0000000000000e94                TIM1_TRG_COM_IRQHandler
                0x0000000000000e94                DMA1_Channel1_IRQHandler
                0x0000000000000e94                DMA2_Channel7_IRQHandler
                0x0000000000000e94                EXTI15_10_IRQHandler
                0x0000000000000e94                TIM7_IRQHandler
                0x0000000000000e94                CAN2_TX_IRQHandler
                0x0000000000000e94                TIM5_IRQHandler
                0x0000000000000e94                EXTI9_5_IRQHandler
                0x0000000000000e94                ETH_WKUP_IRQHandler
                0x0000000000000e94                SPI2_IRQHandler
                0x0000000000000e94                TIM10_BRK_IRQHandler
                0x0000000000000e94                TIM9_CC_IRQHandler
                0x0000000000000e94                DMA2_Channel5_IRQHandler
                0x0000000000000e94                DMA1_Channel5_IRQHandler
                0x0000000000000e94                EXTI4_IRQHandler
                0x0000000000000e94                USB_LP_CAN1_RX0_IRQHandler
                0x0000000000000e94                RNG_IRQHandler
                0x0000000000000e94                USB_HP_CAN1_TX_IRQHandler
                0x0000000000000e94                DMA1_Channel3_IRQHandler
                0x0000000000000e94                ETH_IRQHandler
                0x0000000000000e94                TIM1_UP_IRQHandler
                0x0000000000000e94                WWDG_IRQHandler
                0x0000000000000e94                USBHSWakeup_IRQHandler
                0x0000000000000e94                DMA2_Channel11_IRQHandler
                0x0000000000000e94                Ecall_U_Mode_Handler
                0x0000000000000e94                DMA2_Channel6_IRQHandler
                0x0000000000000e94                TIM2_IRQHandler
                0x0000000000000e94                SW_Handler
                0x0000000000000e94                TIM1_BRK_IRQHandler
                0x0000000000000e94                DMA2_Channel10_IRQHandler
                0x0000000000000e94                EXTI1_IRQHandler
                0x0000000000000e94                RTCAlarm_IRQHandler
                0x0000000000000e94                TIM10_UP_IRQHandler
                0x0000000000000e94                TIM9_TRG_COM_IRQHandler
                0x0000000000000e94                UART7_IRQHandler
                0x0000000000000e94                UART6_IRQHandler
                0x0000000000000e94                I2C2_ER_IRQHandler
                0x0000000000000e94                DMA1_Channel2_IRQHandler
                0x0000000000000e94                TIM8_BRK_IRQHandler
                0x0000000000000e94                CAN1_SCE_IRQHandler
                0x0000000000000e94                FLASH_IRQHandler
                0x0000000000000e94                USART1_IRQHandler
                0x0000000000000e94                SPI3_IRQHandler
                0x0000000000000e94                I2C1_ER_IRQHandler
                0x0000000000000e94                USBWakeUp_IRQHandler
                0x0000000000000e94                DMA2_Channel3_IRQHandler
 .text.handle_reset
                0x0000000000000e96       0x8a ./Startup/startup_ch32v30x_D8C.o
                0x0000000000000e96                handle_reset
 .text.FSMC_NORSRAMInit
                0x0000000000000f20       0xae ./Peripheral/src/ch32v30x_fsmc.o
                0x0000000000000f20                FSMC_NORSRAMInit
 .text.FSMC_NORSRAMCmd
                0x0000000000000fce       0x1e ./Peripheral/src/ch32v30x_fsmc.o
                0x0000000000000fce                FSMC_NORSRAMCmd
 .text.GPIO_Init
                0x0000000000000fec       0xc0 ./Peripheral/src/ch32v30x_gpio.o
                0x0000000000000fec                GPIO_Init
 .text.GPIO_SetBits
                0x00000000000010ac        0x4 ./Peripheral/src/ch32v30x_gpio.o
                0x00000000000010ac                GPIO_SetBits
 .text.I2C_Init
                0x00000000000010b0       0xfe ./Peripheral/src/ch32v30x_i2c.o
                0x00000000000010b0                I2C_Init
 .text.I2C_Cmd  0x00000000000011ae       0x18 ./Peripheral/src/ch32v30x_i2c.o
                0x00000000000011ae                I2C_Cmd
 .text.I2C_GenerateSTART
                0x00000000000011c6       0x1a ./Peripheral/src/ch32v30x_i2c.o
                0x00000000000011c6                I2C_GenerateSTART
 .text.I2C_GenerateSTOP
                0x00000000000011e0       0x1a ./Peripheral/src/ch32v30x_i2c.o
                0x00000000000011e0                I2C_GenerateSTOP
 .text.I2C_AcknowledgeConfig
                0x00000000000011fa       0x1a ./Peripheral/src/ch32v30x_i2c.o
                0x00000000000011fa                I2C_AcknowledgeConfig
 .text.I2C_SendData
                0x0000000000001214        0x4 ./Peripheral/src/ch32v30x_i2c.o
                0x0000000000001214                I2C_SendData
 .text.I2C_ReceiveData
                0x0000000000001218        0x8 ./Peripheral/src/ch32v30x_i2c.o
                0x0000000000001218                I2C_ReceiveData
 .text.I2C_Send7bitAddress
                0x0000000000001220       0x12 ./Peripheral/src/ch32v30x_i2c.o
                0x0000000000001220                I2C_Send7bitAddress
 .text.I2C_CheckEvent
                0x0000000000001232       0x16 ./Peripheral/src/ch32v30x_i2c.o
                0x0000000000001232                I2C_CheckEvent
 .text.I2C_GetFlagStatus
                0x0000000000001248       0x32 ./Peripheral/src/ch32v30x_i2c.o
                0x0000000000001248                I2C_GetFlagStatus
 .text.RCC_GetClocksFreq
                0x000000000000127a      0x176 ./Peripheral/src/ch32v30x_rcc.o
                0x000000000000127a                RCC_GetClocksFreq
 .text.RCC_AHBPeriphClockCmd
                0x00000000000013f0       0x1e ./Peripheral/src/ch32v30x_rcc.o
                0x00000000000013f0                RCC_AHBPeriphClockCmd
 .text.RCC_APB2PeriphClockCmd
                0x000000000000140e       0x1e ./Peripheral/src/ch32v30x_rcc.o
                0x000000000000140e                RCC_APB2PeriphClockCmd
 .text.RCC_APB1PeriphClockCmd
                0x000000000000142c       0x1e ./Peripheral/src/ch32v30x_rcc.o
                0x000000000000142c                RCC_APB1PeriphClockCmd
 .text.TIM_TimeBaseInit
                0x000000000000144a       0xaa ./Peripheral/src/ch32v30x_tim.o
                0x000000000000144a                TIM_TimeBaseInit
 .text.TIM_OC2Init
                0x00000000000014f4       0xae ./Peripheral/src/ch32v30x_tim.o
                0x00000000000014f4                TIM_OC2Init
 .text.TIM_Cmd  0x00000000000015a2       0x18 ./Peripheral/src/ch32v30x_tim.o
                0x00000000000015a2                TIM_Cmd
 .text.TIM_CtrlPWMOutputs
                0x00000000000015ba       0x16 ./Peripheral/src/ch32v30x_tim.o
                0x00000000000015ba                TIM_CtrlPWMOutputs
 .text.TIM_ARRPreloadConfig
                0x00000000000015d0       0x1a ./Peripheral/src/ch32v30x_tim.o
                0x00000000000015d0                TIM_ARRPreloadConfig
 .text.TIM_OC2PreloadConfig
                0x00000000000015ea       0x16 ./Peripheral/src/ch32v30x_tim.o
                0x00000000000015ea                TIM_OC2PreloadConfig
 .text.USART_Init
                0x0000000000001600       0x8e ./Peripheral/src/ch32v30x_usart.o
                0x0000000000001600                USART_Init
 .text.USART_Cmd
                0x000000000000168e       0x16 ./Peripheral/src/ch32v30x_usart.o
                0x000000000000168e                USART_Cmd
 .text.USART_SendData
                0x00000000000016a4        0x8 ./Peripheral/src/ch32v30x_usart.o
                0x00000000000016a4                USART_SendData
 .text.USART_ReceiveData
                0x00000000000016ac        0x8 ./Peripheral/src/ch32v30x_usart.o
                0x00000000000016ac                USART_ReceiveData
 .text.USART_GetFlagStatus
                0x00000000000016b4        0xa ./Peripheral/src/ch32v30x_usart.o
                0x00000000000016b4                USART_GetFlagStatus
 .text.USART_GetITStatus
                0x00000000000016be       0x3c ./Peripheral/src/ch32v30x_usart.o
                0x00000000000016be                USART_GetITStatus
 .text.USART_ClearITPendingBit
                0x00000000000016fa       0x14 ./Peripheral/src/ch32v30x_usart.o
                0x00000000000016fa                USART_ClearITPendingBit
 .text.Delay_Init
                0x000000000000170e       0x2a ./Debug/debug.o
                0x000000000000170e                Delay_Init
 .text.Delay_Ms
                0x0000000000001738       0x36 ./Debug/debug.o
                0x0000000000001738                Delay_Ms
 .text.USART_Printf_Init
                0x000000000000176e       0x58 ./Debug/debug.o
                0x000000000000176e                USART_Printf_Init
 .text._write   0x00000000000017c6       0x3a ./Debug/debug.o
                0x00000000000017c6                _write
 .text._sbrk    0x0000000000001800       0x26 ./Debug/debug.o
                0x0000000000001800                _sbrk
 .text.printchar
                0x0000000000001826       0x48 f:/mounriver_studio/toolchain/risc-v embedded gcc/bin/../lib/gcc/riscv-none-embed/8.2.0/../../../../riscv-none-embed/lib/rv32imacxw/ilp32\libprintfloat.a(printfloat.o)
                0x0000000000001826                printchar
 .text.prints   0x000000000000186e       0xd8 f:/mounriver_studio/toolchain/risc-v embedded gcc/bin/../lib/gcc/riscv-none-embed/8.2.0/../../../../riscv-none-embed/lib/rv32imacxw/ilp32\libprintfloat.a(printfloat.o)
                0x000000000000186e                prints
 .text.printInt
                0x0000000000001946       0xe6 f:/mounriver_studio/toolchain/risc-v embedded gcc/bin/../lib/gcc/riscv-none-embed/8.2.0/../../../../riscv-none-embed/lib/rv32imacxw/ilp32\libprintfloat.a(printfloat.o)
                0x0000000000001946                printInt
 .text.printLongLongInt
                0x0000000000001a2c      0x11a f:/mounriver_studio/toolchain/risc-v embedded gcc/bin/../lib/gcc/riscv-none-embed/8.2.0/../../../../riscv-none-embed/lib/rv32imacxw/ilp32\libprintfloat.a(printfloat.o)
                0x0000000000001a2c                printLongLongInt
 .text.printDouble
                0x0000000000001b46       0xfa f:/mounriver_studio/toolchain/risc-v embedded gcc/bin/../lib/gcc/riscv-none-embed/8.2.0/../../../../riscv-none-embed/lib/rv32imacxw/ilp32\libprintfloat.a(printfloat.o)
                0x0000000000001b46                printDouble
 .text.print    0x0000000000001c40      0x356 f:/mounriver_studio/toolchain/risc-v embedded gcc/bin/../lib/gcc/riscv-none-embed/8.2.0/../../../../riscv-none-embed/lib/rv32imacxw/ilp32\libprintfloat.a(printfloat.o)
                0x0000000000001c40                print
 .text.printf   0x0000000000001f96       0x22 f:/mounriver_studio/toolchain/risc-v embedded gcc/bin/../lib/gcc/riscv-none-embed/8.2.0/../../../../riscv-none-embed/lib/rv32imacxw/ilp32\libprintfloat.a(printfloat.o)
                0x0000000000001f96                printf
 .text.__udivdi3
                0x0000000000001fb8      0x392 f:/mounriver_studio/toolchain/risc-v embedded gcc/bin/../lib/gcc/riscv-none-embed/8.2.0/rv32imacxw/ilp32\libgcc.a(_udivdi3.o)
                0x0000000000001fb8                __udivdi3
 .text.__umoddi3
                0x000000000000234a      0x38a f:/mounriver_studio/toolchain/risc-v embedded gcc/bin/../lib/gcc/riscv-none-embed/8.2.0/rv32imacxw/ilp32\libgcc.a(_umoddi3.o)
                0x000000000000234a                __umoddi3
 .text.__ledf2  0x00000000000026d4       0xb6 f:/mounriver_studio/toolchain/risc-v embedded gcc/bin/../lib/gcc/riscv-none-embed/8.2.0/rv32imacxw/ilp32\libgcc.a(ledf2.o)
                0x00000000000026d4                __ledf2
                0x00000000000026d4                __ltdf2
 .text.__muldf3
                0x000000000000278a      0x4b8 f:/mounriver_studio/toolchain/risc-v embedded gcc/bin/../lib/gcc/riscv-none-embed/8.2.0/rv32imacxw/ilp32\libgcc.a(muldf3.o)
                0x000000000000278a                __muldf3
 .text.__subdf3
                0x0000000000002c42      0x73c f:/mounriver_studio/toolchain/risc-v embedded gcc/bin/../lib/gcc/riscv-none-embed/8.2.0/rv32imacxw/ilp32\libgcc.a(subdf3.o)
                0x0000000000002c42                __subdf3
 .text.__fixdfdi
                0x000000000000337e       0xbc f:/mounriver_studio/toolchain/risc-v embedded gcc/bin/../lib/gcc/riscv-none-embed/8.2.0/rv32imacxw/ilp32\libgcc.a(fixdfdi.o)
                0x000000000000337e                __fixdfdi
 .text.__floatdidf
                0x000000000000343a      0x1b2 f:/mounriver_studio/toolchain/risc-v embedded gcc/bin/../lib/gcc/riscv-none-embed/8.2.0/rv32imacxw/ilp32\libgcc.a(floatdidf.o)
                0x000000000000343a                __floatdidf
 .text.__clzsi2
                0x00000000000035ec       0x6e f:/mounriver_studio/toolchain/risc-v embedded gcc/bin/../lib/gcc/riscv-none-embed/8.2.0/rv32imacxw/ilp32\libgcc.a(_clzsi2.o)
                0x00000000000035ec                __clzsi2
 .text._vsnprintf_r
                0x000000000000365a       0x5a f:/mounriver_studio/toolchain/risc-v embedded gcc/bin/../lib/gcc/riscv-none-embed/8.2.0/../../../../riscv-none-embed/lib/rv32imacxw/ilp32\libg_nano.a(lib_a-vsnprintf.o)
                0x000000000000365a                _vsniprintf_r
                0x000000000000365a                _vsnprintf_r
 .text.vsnprintf
                0x00000000000036b4       0x10 f:/mounriver_studio/toolchain/risc-v embedded gcc/bin/../lib/gcc/riscv-none-embed/8.2.0/../../../../riscv-none-embed/lib/rv32imacxw/ilp32\libg_nano.a(lib_a-vsnprintf.o)
                0x00000000000036b4                vsniprintf
                0x00000000000036b4                vsnprintf
 .text.__ssputs_r
                0x00000000000036c4       0xde f:/mounriver_studio/toolchain/risc-v embedded gcc/bin/../lib/gcc/riscv-none-embed/8.2.0/../../../../riscv-none-embed/lib/rv32imacxw/ilp32\libg_nano.a(lib_a-nano-svfprintf.o)
                0x00000000000036c4                __ssputs_r
 .text._svfprintf_r
                0x00000000000037a2      0x260 f:/mounriver_studio/toolchain/risc-v embedded gcc/bin/../lib/gcc/riscv-none-embed/8.2.0/../../../../riscv-none-embed/lib/rv32imacxw/ilp32\libg_nano.a(lib_a-nano-svfprintf.o)
                0x00000000000037a2                _svfiprintf_r
                0x00000000000037a2                _svfprintf_r
 .text._printf_common
                0x0000000000003a02      0x10c f:/mounriver_studio/toolchain/risc-v embedded gcc/bin/../lib/gcc/riscv-none-embed/8.2.0/../../../../riscv-none-embed/lib/rv32imacxw/ilp32\libg_nano.a(lib_a-nano-vfprintf_i.o)
                0x0000000000003a02                _printf_common
 .text._printf_i
                0x0000000000003b0e      0x2a0 f:/mounriver_studio/toolchain/risc-v embedded gcc/bin/../lib/gcc/riscv-none-embed/8.2.0/../../../../riscv-none-embed/lib/rv32imacxw/ilp32\libg_nano.a(lib_a-nano-vfprintf_i.o)
                0x0000000000003b0e                _printf_i
 .text.memchr   0x0000000000003dae       0x18 f:/mounriver_studio/toolchain/risc-v embedded gcc/bin/../lib/gcc/riscv-none-embed/8.2.0/../../../../riscv-none-embed/lib/rv32imacxw/ilp32\libg_nano.a(lib_a-memchr.o)
                0x0000000000003dae                memchr
 .text.memcpy   0x0000000000003dc6       0xb2 f:/mounriver_studio/toolchain/risc-v embedded gcc/bin/../lib/gcc/riscv-none-embed/8.2.0/../../../../riscv-none-embed/lib/rv32imacxw/ilp32\libg_nano.a(lib_a-memcpy.o)
                0x0000000000003dc6                memcpy
 .text.memmove  0x0000000000003e78       0x46 f:/mounriver_studio/toolchain/risc-v embedded gcc/bin/../lib/gcc/riscv-none-embed/8.2.0/../../../../riscv-none-embed/lib/rv32imacxw/ilp32\libg_nano.a(lib_a-memmove.o)
                0x0000000000003e78                memmove
 .text._free_r  0x0000000000003ebe       0xa4 f:/mounriver_studio/toolchain/risc-v embedded gcc/bin/../lib/gcc/riscv-none-embed/8.2.0/../../../../riscv-none-embed/lib/rv32imacxw/ilp32\libg_nano.a(lib_a-nano-freer.o)
                0x0000000000003ebe                _free_r
 .text._malloc_r
                0x0000000000003f62       0xce f:/mounriver_studio/toolchain/risc-v embedded gcc/bin/../lib/gcc/riscv-none-embed/8.2.0/../../../../riscv-none-embed/lib/rv32imacxw/ilp32\libg_nano.a(lib_a-nano-mallocr.o)
                0x0000000000003f62                _malloc_r
 .text._realloc_r
                0x0000000000004030       0x4e f:/mounriver_studio/toolchain/risc-v embedded gcc/bin/../lib/gcc/riscv-none-embed/8.2.0/../../../../riscv-none-embed/lib/rv32imacxw/ilp32\libg_nano.a(lib_a-nano-reallocr.o)
                0x0000000000004030                _realloc_r
 .text._sbrk_r  0x000000000000407e       0x2a f:/mounriver_studio/toolchain/risc-v embedded gcc/bin/../lib/gcc/riscv-none-embed/8.2.0/../../../../riscv-none-embed/lib/rv32imacxw/ilp32\libg_nano.a(lib_a-sbrkr.o)
                0x000000000000407e                _sbrk_r
 .text.__malloc_lock
                0x00000000000040a8        0x2 f:/mounriver_studio/toolchain/risc-v embedded gcc/bin/../lib/gcc/riscv-none-embed/8.2.0/../../../../riscv-none-embed/lib/rv32imacxw/ilp32\libg_nano.a(lib_a-mlock.o)
                0x00000000000040a8                __malloc_lock
 .text.__malloc_unlock
                0x00000000000040aa        0x2 f:/mounriver_studio/toolchain/risc-v embedded gcc/bin/../lib/gcc/riscv-none-embed/8.2.0/../../../../riscv-none-embed/lib/rv32imacxw/ilp32\libg_nano.a(lib_a-mlock.o)
                0x00000000000040aa                __malloc_unlock
 .text._malloc_usable_size_r
                0x00000000000040ac       0x14 f:/mounriver_studio/toolchain/risc-v embedded gcc/bin/../lib/gcc/riscv-none-embed/8.2.0/../../../../riscv-none-embed/lib/rv32imacxw/ilp32\libg_nano.a(lib_a-nano-msizer.o)
                0x00000000000040ac                _malloc_usable_size_r
 *(.rodata)
 *(.rodata*)
 *fill*         0x00000000000040c0        0x0 
 .rodata.asc2_1608
                0x00000000000040c0      0x5e0 ./User/lcd.o
                0x00000000000040c0                asc2_1608
 .rodata.asc2_2412
                0x00000000000046a0     0x11a0 ./User/lcd.o
                0x00000000000046a0                asc2_2412
 .rodata.asc2_3216
                0x0000000000005840     0x1780 ./User/lcd.o
                0x0000000000005840                asc2_3216
 .rodata.lcd_init.str1.4
                0x0000000000006fc0        0xa ./User/lcd.o
 *fill*         0x0000000000006fca        0x2 
 .rodata.lcd_show_char.str1.4
                0x0000000000006fcc       0x4a ./User/lcd.o
 *fill*         0x0000000000007016        0x2 
 .rodata.lcd_show_string.str1.4
                0x0000000000007018       0x1e ./User/lcd.o
 *fill*         0x0000000000007036        0x2 
 .rodata.main.str1.4
                0x0000000000007038       0x59 ./User/main.o
 *fill*         0x0000000000007091        0x3 
 .rodata.print.str1.4
                0x0000000000007094        0x7 f:/mounriver_studio/toolchain/risc-v embedded gcc/bin/../lib/gcc/riscv-none-embed/8.2.0/../../../../riscv-none-embed/lib/rv32imacxw/ilp32\libprintfloat.a(printfloat.o)
 *fill*         0x000000000000709b        0x1 
 .rodata.__muldf3
                0x000000000000709c       0x40 f:/mounriver_studio/toolchain/risc-v embedded gcc/bin/../lib/gcc/riscv-none-embed/8.2.0/rv32imacxw/ilp32\libgcc.a(muldf3.o)
 .rodata.__clz_tab
                0x00000000000070dc      0x100 f:/mounriver_studio/toolchain/risc-v embedded gcc/bin/../lib/gcc/riscv-none-embed/8.2.0/rv32imacxw/ilp32\libgcc.a(_clz.o)
                0x00000000000070dc                __clz_tab
 .rodata._svfprintf_r.str1.4
                0x00000000000071dc       0x13 f:/mounriver_studio/toolchain/risc-v embedded gcc/bin/../lib/gcc/riscv-none-embed/8.2.0/../../../../riscv-none-embed/lib/rv32imacxw/ilp32\libg_nano.a(lib_a-nano-svfprintf.o)
 *fill*         0x00000000000071ef        0x1 
 .rodata._printf_i.str1.4
                0x00000000000071f0       0x28 f:/mounriver_studio/toolchain/risc-v embedded gcc/bin/../lib/gcc/riscv-none-embed/8.2.0/../../../../riscv-none-embed/lib/rv32imacxw/ilp32\libg_nano.a(lib_a-nano-vfprintf_i.o)
                                         0x25 (size before relaxing)
 *(.gnu.linkonce.t.*)
                0x0000000000007218                . = ALIGN (0x4)

.rela.dyn       0x0000000000007218        0x0
 .rela.text.lcd_init
                0x0000000000007218        0x0 ./User/AP3216C.o
 .rela.text.lcd_show_char
                0x0000000000007218        0x0 ./User/AP3216C.o
 .rela.text.lcd_show_string
                0x0000000000007218        0x0 ./User/AP3216C.o
 .rela.text.startup.main
                0x0000000000007218        0x0 ./User/AP3216C.o
 .rela.init     0x0000000000007218        0x0 ./User/AP3216C.o
 .rela.vector   0x0000000000007218        0x0 ./User/AP3216C.o
 .rela.text.handle_reset
                0x0000000000007218        0x0 ./User/AP3216C.o
 .rela.text._sbrk
                0x0000000000007218        0x0 ./User/AP3216C.o
 .rela.sdata.curbrk.5265
                0x0000000000007218        0x0 ./User/AP3216C.o
 .rela.text.prints
                0x0000000000007218        0x0 ./User/AP3216C.o
 .rela.text.printInt
                0x0000000000007218        0x0 ./User/AP3216C.o
 .rela.text.printLongLongInt
                0x0000000000007218        0x0 ./User/AP3216C.o
 .rela.text.printDouble
                0x0000000000007218        0x0 ./User/AP3216C.o
 .rela.text.print
                0x0000000000007218        0x0 ./User/AP3216C.o
 .rela.text.printf
                0x0000000000007218        0x0 ./User/AP3216C.o
 .rela.data.impure_data
                0x0000000000007218        0x0 ./User/AP3216C.o
 .rela.text._svfprintf_r
                0x0000000000007218        0x0 ./User/AP3216C.o
 .rela.text._sbrk_r
                0x0000000000007218        0x0 ./User/AP3216C.o

.fini           0x0000000000007218        0x0
 *(SORT_NONE(.fini))
                0x0000000000007218                . = ALIGN (0x4)
                [!provide]                        PROVIDE (_etext = .)
                [!provide]                        PROVIDE (_eitcm = .)

.preinit_array  0x0000000000007218        0x0
                [!provide]                        PROVIDE (__preinit_array_start = .)
 *(.preinit_array)
                [!provide]                        PROVIDE (__preinit_array_end = .)

.init_array     0x0000000000007218        0x0
                [!provide]                        PROVIDE (__init_array_start = .)
 *(SORT_BY_INIT_PRIORITY(.init_array.*) SORT_BY_INIT_PRIORITY(.ctors.*))
 *(.init_array EXCLUDE_FILE(*crtend?.o *crtend.o *crtbegin?.o *crtbegin.o) .ctors)
                [!provide]                        PROVIDE (__init_array_end = .)

.fini_array     0x0000000000007218        0x0
                [!provide]                        PROVIDE (__fini_array_start = .)
 *(SORT_BY_INIT_PRIORITY(.fini_array.*) SORT_BY_INIT_PRIORITY(.dtors.*))
 *(.fini_array EXCLUDE_FILE(*crtend?.o *crtend.o *crtbegin?.o *crtbegin.o) .dtors)
                [!provide]                        PROVIDE (__fini_array_end = .)

.ctors
 *crtbegin.o(.ctors)
 *crtbegin?.o(.ctors)
 *(EXCLUDE_FILE(*crtend?.o *crtend.o) .ctors)
 *(SORT_BY_NAME(.ctors.*))
 *(.ctors)

.dtors
 *crtbegin.o(.dtors)
 *crtbegin?.o(.dtors)
 *(EXCLUDE_FILE(*crtend?.o *crtend.o) .dtors)
 *(SORT_BY_NAME(.dtors.*))
 *(.dtors)

.dalign         0x0000000020000000        0x0 load address 0x0000000000007218
                0x0000000020000000                . = ALIGN (0x4)
                0x0000000020000000                PROVIDE (_data_vma = .)

.dlalign        0x0000000000007218        0x0
                0x0000000000007218                . = ALIGN (0x4)
                0x0000000000007218                PROVIDE (_data_lma = .)

.data           0x0000000020000000       0x88 load address 0x0000000000007218
 *(.gnu.linkonce.r.*)
 *(.data .data.*)
 .data.APBAHBPrescTable
                0x0000000020000000       0x10 ./Peripheral/src/ch32v30x_rcc.o
 .data.impure_data
                0x0000000020000010       0x60 f:/mounriver_studio/toolchain/risc-v embedded gcc/bin/../lib/gcc/riscv-none-embed/8.2.0/../../../../riscv-none-embed/lib/rv32imacxw/ilp32\libg_nano.a(lib_a-impure.o)
 *(.gnu.linkonce.d.*)
                0x0000000020000070                . = ALIGN (0x8)
                0x0000000020000870                PROVIDE (__global_pointer$ = (. + 0x800))
 *(.sdata .sdata.*)
 .sdata.FORE_COLOR
                0x0000000020000070        0x2 ./User/lcd.o
                0x0000000020000070                FORE_COLOR
 *fill*         0x0000000020000072        0x2 
 .sdata.SystemCoreClock
                0x0000000020000074        0x4 ./User/system_ch32v30x.o
                0x0000000020000074                SystemCoreClock
 .sdata.ADCPrescTable
                0x0000000020000078        0x4 ./Peripheral/src/ch32v30x_rcc.o
 .sdata.curbrk.5265
                0x000000002000007c        0x4 ./Debug/debug.o
 .sdata._impure_ptr
                0x0000000020000080        0x4 f:/mounriver_studio/toolchain/risc-v embedded gcc/bin/../lib/gcc/riscv-none-embed/8.2.0/../../../../riscv-none-embed/lib/rv32imacxw/ilp32\libg_nano.a(lib_a-impure.o)
                0x0000000020000080                _impure_ptr
 *(.sdata2.*)
 *(.gnu.linkonce.s.*)
                0x0000000020000088                . = ALIGN (0x8)
 *fill*         0x0000000020000084        0x4 
 *(.srodata.cst16)
 *(.srodata.cst8)
 *(.srodata.cst4)
 *(.srodata.cst2)
 *(.srodata .srodata.*)
                0x0000000020000088                . = ALIGN (0x4)
                0x0000000020000088                PROVIDE (_edata = .)

.bss            0x0000000020000088       0x3c load address 0x00000000000072a0
                0x0000000020000088                . = ALIGN (0x4)
                0x0000000020000088                PROVIDE (_sbss = .)
 *(.sbss*)
 .sbss.BACK_COLOR
                0x0000000020000088        0x2 ./User/lcd.o
                0x0000000020000088                BACK_COLOR
 .sbss.RxState.5492
                0x000000002000008a        0x1 ./User/serial.o
 .sbss.Serial_RxData
                0x000000002000008b        0x1 ./User/serial.o
                0x000000002000008b                Serial_RxData
 .sbss.buf_size
                0x000000002000008c        0x2 ./User/serial.o
                0x000000002000008c                buf_size
 .sbss.p_ms     0x000000002000008e        0x2 ./Debug/debug.o
 .sbss.p_us     0x0000000020000090        0x1 ./Debug/debug.o
 *fill*         0x0000000020000091        0x3 
 .sbss.__malloc_free_list
                0x0000000020000094        0x4 f:/mounriver_studio/toolchain/risc-v embedded gcc/bin/../lib/gcc/riscv-none-embed/8.2.0/../../../../riscv-none-embed/lib/rv32imacxw/ilp32\libg_nano.a(lib_a-nano-mallocr.o)
                0x0000000020000094                __malloc_free_list
 .sbss.__malloc_sbrk_start
                0x0000000020000098        0x4 f:/mounriver_studio/toolchain/risc-v embedded gcc/bin/../lib/gcc/riscv-none-embed/8.2.0/../../../../riscv-none-embed/lib/rv32imacxw/ilp32\libg_nano.a(lib_a-nano-mallocr.o)
                0x0000000020000098                __malloc_sbrk_start
 *(.gnu.linkonce.sb.*)
 *(.bss*)
 .bss.Serial_RxPacket
                0x000000002000009c       0x22 ./User/serial.o
                0x000000002000009c                Serial_RxPacket
 *(.gnu.linkonce.b.*)
 *(COMMON*)
 *fill*         0x00000000200000be        0x2 
 COMMON         0x00000000200000c0        0x4 f:/mounriver_studio/toolchain/risc-v embedded gcc/bin/../lib/gcc/riscv-none-embed/8.2.0/../../../../riscv-none-embed/lib/rv32imacxw/ilp32\libg_nano.a(lib_a-reent.o)
                0x00000000200000c0                errno
                0x00000000200000c4                . = ALIGN (0x4)
                0x00000000200000c4                PROVIDE (_ebss = .)
                0x00000000200000c4                PROVIDE (_end = _ebss)
                [!provide]                        PROVIDE (end = .)

.stack          0x0000000020007800      0x800
                0x0000000020007800                PROVIDE (_heap_end = .)
                0x0000000020007800                . = ALIGN (0x4)
                [!provide]                        PROVIDE (_susrstack = .)
                0x0000000020008000                . = (. + __stack_size)
 *fill*         0x0000000020007800      0x800 
                0x0000000020008000                PROVIDE (_eusrstack = .)
OUTPUT(USART_Interrupt4.elf elf32-littleriscv)

.debug_info     0x0000000000000000    0x11ba7
 .debug_info    0x0000000000000000      0xfe4 ./User/AP3216C.o
 .debug_info    0x0000000000000fe4     0x13c2 ./User/IIC.o
 .debug_info    0x00000000000023a6      0x962 ./User/ch32v30x_it.o
 .debug_info    0x0000000000002d08     0x29ea ./User/lcd.o
 .debug_info    0x00000000000056f2      0xcd2 ./User/main.o
 .debug_info    0x00000000000063c4     0x144c ./User/serial.o
 .debug_info    0x0000000000007810      0xb99 ./User/system_ch32v30x.o
 .debug_info    0x00000000000083a9       0x22 ./Startup/startup_ch32v30x_D8C.o
 .debug_info    0x00000000000083cb      0xf08 ./Peripheral/src/ch32v30x_fsmc.o
 .debug_info    0x00000000000092d3     0x11cb ./Peripheral/src/ch32v30x_gpio.o
 .debug_info    0x000000000000a49e     0x1481 ./Peripheral/src/ch32v30x_i2c.o
 .debug_info    0x000000000000b91f     0x156e ./Peripheral/src/ch32v30x_rcc.o
 .debug_info    0x000000000000ce8d     0x2a16 ./Peripheral/src/ch32v30x_tim.o
 .debug_info    0x000000000000f8a3     0x13b1 ./Peripheral/src/ch32v30x_usart.o
 .debug_info    0x0000000000010c54      0xf53 ./Debug/debug.o

.debug_abbrev   0x0000000000000000     0x2c24
 .debug_abbrev  0x0000000000000000      0x350 ./User/AP3216C.o
 .debug_abbrev  0x0000000000000350      0x2da ./User/IIC.o
 .debug_abbrev  0x000000000000062a      0x1cf ./User/ch32v30x_it.o
 .debug_abbrev  0x00000000000007f9      0x478 ./User/lcd.o
 .debug_abbrev  0x0000000000000c71      0x258 ./User/main.o
 .debug_abbrev  0x0000000000000ec9      0x38f ./User/serial.o
 .debug_abbrev  0x0000000000001258      0x2c0 ./User/system_ch32v30x.o
 .debug_abbrev  0x0000000000001518       0x12 ./Startup/startup_ch32v30x_D8C.o
 .debug_abbrev  0x000000000000152a      0x2d9 ./Peripheral/src/ch32v30x_fsmc.o
 .debug_abbrev  0x0000000000001803      0x31a ./Peripheral/src/ch32v30x_gpio.o
 .debug_abbrev  0x0000000000001b1d      0x3a7 ./Peripheral/src/ch32v30x_i2c.o
 .debug_abbrev  0x0000000000001ec4      0x351 ./Peripheral/src/ch32v30x_rcc.o
 .debug_abbrev  0x0000000000002215      0x408 ./Peripheral/src/ch32v30x_tim.o
 .debug_abbrev  0x000000000000261d      0x312 ./Peripheral/src/ch32v30x_usart.o
 .debug_abbrev  0x000000000000292f      0x2f5 ./Debug/debug.o

.debug_loc      0x0000000000000000     0x5a36
 .debug_loc     0x0000000000000000      0x154 ./User/AP3216C.o
 .debug_loc     0x0000000000000154      0x26d ./User/IIC.o
 .debug_loc     0x00000000000003c1     0x1513 ./User/lcd.o
 .debug_loc     0x00000000000018d4      0x286 ./User/serial.o
 .debug_loc     0x0000000000001b5a      0x163 ./User/system_ch32v30x.o
 .debug_loc     0x0000000000001cbd      0x2ae ./Peripheral/src/ch32v30x_fsmc.o
 .debug_loc     0x0000000000001f6b      0x6d6 ./Peripheral/src/ch32v30x_gpio.o
 .debug_loc     0x0000000000002641      0x6cc ./Peripheral/src/ch32v30x_i2c.o
 .debug_loc     0x0000000000002d0d      0xadb ./Peripheral/src/ch32v30x_rcc.o
 .debug_loc     0x00000000000037e8     0x195e ./Peripheral/src/ch32v30x_tim.o
 .debug_loc     0x0000000000005146      0x779 ./Peripheral/src/ch32v30x_usart.o
 .debug_loc     0x00000000000058bf      0x177 ./Debug/debug.o

.debug_aranges  0x0000000000000000      0xa48
 .debug_aranges
                0x0000000000000000       0x38 ./User/AP3216C.o
 .debug_aranges
                0x0000000000000038       0x40 ./User/IIC.o
 .debug_aranges
                0x0000000000000078       0x28 ./User/ch32v30x_it.o
 .debug_aranges
                0x00000000000000a0       0xf0 ./User/lcd.o
 .debug_aranges
                0x0000000000000190       0x20 ./User/main.o
 .debug_aranges
                0x00000000000001b0       0x58 ./User/serial.o
 .debug_aranges
                0x0000000000000208       0x28 ./User/system_ch32v30x.o
 .debug_aranges
                0x0000000000000230       0x30 ./Startup/startup_ch32v30x_D8C.o
 .debug_aranges
                0x0000000000000260       0x70 ./Peripheral/src/ch32v30x_fsmc.o
 .debug_aranges
                0x00000000000002d0       0xb0 ./Peripheral/src/ch32v30x_gpio.o
 .debug_aranges
                0x0000000000000380      0x110 ./Peripheral/src/ch32v30x_i2c.o
 .debug_aranges
                0x0000000000000490      0x1a8 ./Peripheral/src/ch32v30x_rcc.o
 .debug_aranges
                0x0000000000000638      0x2d0 ./Peripheral/src/ch32v30x_tim.o
 .debug_aranges
                0x0000000000000908       0xf0 ./Peripheral/src/ch32v30x_usart.o
 .debug_aranges
                0x00000000000009f8       0x50 ./Debug/debug.o

.debug_ranges   0x0000000000000000      0xac0
 .debug_ranges  0x0000000000000000       0x28 ./User/AP3216C.o
 .debug_ranges  0x0000000000000028       0x30 ./User/IIC.o
 .debug_ranges  0x0000000000000058       0x18 ./User/ch32v30x_it.o
 .debug_ranges  0x0000000000000070      0x148 ./User/lcd.o
 .debug_ranges  0x00000000000001b8       0x48 ./User/main.o
 .debug_ranges  0x0000000000000200       0xb8 ./User/serial.o
 .debug_ranges  0x00000000000002b8       0x38 ./User/system_ch32v30x.o
 .debug_ranges  0x00000000000002f0       0x28 ./Startup/startup_ch32v30x_D8C.o
 .debug_ranges  0x0000000000000318       0x60 ./Peripheral/src/ch32v30x_fsmc.o
 .debug_ranges  0x0000000000000378       0xa0 ./Peripheral/src/ch32v30x_gpio.o
 .debug_ranges  0x0000000000000418      0x100 ./Peripheral/src/ch32v30x_i2c.o
 .debug_ranges  0x0000000000000518      0x198 ./Peripheral/src/ch32v30x_rcc.o
 .debug_ranges  0x00000000000006b0      0x2f0 ./Peripheral/src/ch32v30x_tim.o
 .debug_ranges  0x00000000000009a0       0xe0 ./Peripheral/src/ch32v30x_usart.o
 .debug_ranges  0x0000000000000a80       0x40 ./Debug/debug.o

.debug_line     0x0000000000000000     0xdee4
 .debug_line    0x0000000000000000      0x739 ./User/AP3216C.o
 .debug_line    0x0000000000000739      0x99e ./User/IIC.o
 .debug_line    0x00000000000010d7      0x235 ./User/ch32v30x_it.o
 .debug_line    0x000000000000130c     0x21bc ./User/lcd.o
 .debug_line    0x00000000000034c8      0x423 ./User/main.o
 .debug_line    0x00000000000038eb      0xa0c ./User/serial.o
 .debug_line    0x00000000000042f7      0x8f0 ./User/system_ch32v30x.o
 .debug_line    0x0000000000004be7      0x158 ./Startup/startup_ch32v30x_D8C.o
 .debug_line    0x0000000000004d3f      0xc4e ./Peripheral/src/ch32v30x_fsmc.o
 .debug_line    0x000000000000598d     0x1056 ./Peripheral/src/ch32v30x_gpio.o
 .debug_line    0x00000000000069e3     0x1171 ./Peripheral/src/ch32v30x_i2c.o
 .debug_line    0x0000000000007b54     0x19c1 ./Peripheral/src/ch32v30x_rcc.o
 .debug_line    0x0000000000009515     0x332e ./Peripheral/src/ch32v30x_tim.o
 .debug_line    0x000000000000c843      0xf2e ./Peripheral/src/ch32v30x_usart.o
 .debug_line    0x000000000000d771      0x773 ./Debug/debug.o

.debug_str      0x0000000000000000     0x35d1
 .debug_str     0x0000000000000000      0x6de ./User/AP3216C.o
                                        0x778 (size before relaxing)
 .debug_str     0x00000000000006de      0x267 ./User/IIC.o
                                        0x973 (size before relaxing)
 .debug_str     0x0000000000000945       0x34 ./User/ch32v30x_it.o
                                        0x5ca (size before relaxing)
 .debug_str     0x0000000000000979      0x79c ./User/lcd.o
                                        0xf6e (size before relaxing)
 .debug_str     0x0000000000001115       0x88 ./User/main.o
                                        0x646 (size before relaxing)
 .debug_str     0x000000000000119d      0x7cd ./User/serial.o
                                        0xfae (size before relaxing)
 .debug_str     0x000000000000196a      0x114 ./User/system_ch32v30x.o
                                        0x6e9 (size before relaxing)
 .debug_str     0x0000000000001a7e       0x64 ./Startup/startup_ch32v30x_D8C.o
                                         0xb4 (size before relaxing)
 .debug_str     0x0000000000001ae2      0x2c2 ./Peripheral/src/ch32v30x_fsmc.o
                                        0xaaa (size before relaxing)
 .debug_str     0x0000000000001da4      0x27e ./Peripheral/src/ch32v30x_gpio.o
                                        0x9fa (size before relaxing)
 .debug_str     0x0000000000002022      0x350 ./Peripheral/src/ch32v30x_i2c.o
                                        0xb2a (size before relaxing)
 .debug_str     0x0000000000002372      0x52b ./Peripheral/src/ch32v30x_rcc.o
                                        0xd14 (size before relaxing)
 .debug_str     0x000000000000289d      0x97b ./Peripheral/src/ch32v30x_tim.o
                                       0x12c5 (size before relaxing)
 .debug_str     0x0000000000003218      0x30f ./Peripheral/src/ch32v30x_usart.o
                                        0xb34 (size before relaxing)
 .debug_str     0x0000000000003527       0xaa ./Debug/debug.o
                                        0x972 (size before relaxing)

.comment        0x0000000000000000       0x33
 .comment       0x0000000000000000       0x33 ./User/AP3216C.o
                                         0x34 (size before relaxing)
 .comment       0x0000000000000033       0x34 ./User/IIC.o
 .comment       0x0000000000000033       0x34 ./User/ch32v30x_it.o
 .comment       0x0000000000000033       0x34 ./User/lcd.o
 .comment       0x0000000000000033       0x34 ./User/main.o
 .comment       0x0000000000000033       0x34 ./User/serial.o
 .comment       0x0000000000000033       0x34 ./User/system_ch32v30x.o
 .comment       0x0000000000000033       0x34 ./Peripheral/src/ch32v30x_fsmc.o
 .comment       0x0000000000000033       0x34 ./Peripheral/src/ch32v30x_gpio.o
 .comment       0x0000000000000033       0x34 ./Peripheral/src/ch32v30x_i2c.o
 .comment       0x0000000000000033       0x34 ./Peripheral/src/ch32v30x_rcc.o
 .comment       0x0000000000000033       0x34 ./Peripheral/src/ch32v30x_tim.o
 .comment       0x0000000000000033       0x34 ./Peripheral/src/ch32v30x_usart.o
 .comment       0x0000000000000033       0x34 ./Debug/debug.o
 .comment       0x0000000000000033       0x34 f:/mounriver_studio/toolchain/risc-v embedded gcc/bin/../lib/gcc/riscv-none-embed/8.2.0/../../../../riscv-none-embed/lib/rv32imacxw/ilp32\libprintfloat.a(printfloat.o)

.debug_frame    0x0000000000000000     0x1ca0
 .debug_frame   0x0000000000000000       0xac ./User/AP3216C.o
 .debug_frame   0x00000000000000ac      0x100 ./User/IIC.o
 .debug_frame   0x00000000000001ac       0x30 ./User/ch32v30x_it.o
 .debug_frame   0x00000000000001dc      0x3cc ./User/lcd.o
 .debug_frame   0x00000000000005a8       0x34 ./User/main.o
 .debug_frame   0x00000000000005dc      0x100 ./User/serial.o
 .debug_frame   0x00000000000006dc       0x3c ./User/system_ch32v30x.o
 .debug_frame   0x0000000000000718       0xc0 ./Peripheral/src/ch32v30x_fsmc.o
 .debug_frame   0x00000000000007d8      0x174 ./Peripheral/src/ch32v30x_gpio.o
 .debug_frame   0x000000000000094c      0x264 ./Peripheral/src/ch32v30x_i2c.o
 .debug_frame   0x0000000000000bb0      0x344 ./Peripheral/src/ch32v30x_rcc.o
 .debug_frame   0x0000000000000ef4      0x614 ./Peripheral/src/ch32v30x_tim.o
 .debug_frame   0x0000000000001508      0x1e4 ./Peripheral/src/ch32v30x_usart.o
 .debug_frame   0x00000000000016ec       0xb8 ./Debug/debug.o
 .debug_frame   0x00000000000017a4       0x20 f:/mounriver_studio/toolchain/risc-v embedded gcc/bin/../lib/gcc/riscv-none-embed/8.2.0/rv32imacxw/ilp32\libgcc.a(ledf2.o)
 .debug_frame   0x00000000000017c4       0x54 f:/mounriver_studio/toolchain/risc-v embedded gcc/bin/../lib/gcc/riscv-none-embed/8.2.0/rv32imacxw/ilp32\libgcc.a(muldf3.o)
 .debug_frame   0x0000000000001818       0x44 f:/mounriver_studio/toolchain/risc-v embedded gcc/bin/../lib/gcc/riscv-none-embed/8.2.0/rv32imacxw/ilp32\libgcc.a(subdf3.o)
 .debug_frame   0x000000000000185c       0x20 f:/mounriver_studio/toolchain/risc-v embedded gcc/bin/../lib/gcc/riscv-none-embed/8.2.0/rv32imacxw/ilp32\libgcc.a(fixdfdi.o)
 .debug_frame   0x000000000000187c       0x40 f:/mounriver_studio/toolchain/risc-v embedded gcc/bin/../lib/gcc/riscv-none-embed/8.2.0/rv32imacxw/ilp32\libgcc.a(floatdidf.o)
 .debug_frame   0x00000000000018bc       0x20 f:/mounriver_studio/toolchain/risc-v embedded gcc/bin/../lib/gcc/riscv-none-embed/8.2.0/rv32imacxw/ilp32\libgcc.a(_clzsi2.o)
 .debug_frame   0x00000000000018dc       0x48 f:/mounriver_studio/toolchain/risc-v embedded gcc/bin/../lib/gcc/riscv-none-embed/8.2.0/../../../../riscv-none-embed/lib/rv32imacxw/ilp32\libg_nano.a(lib_a-vsnprintf.o)
 .debug_frame   0x0000000000001924       0xe0 f:/mounriver_studio/toolchain/risc-v embedded gcc/bin/../lib/gcc/riscv-none-embed/8.2.0/../../../../riscv-none-embed/lib/rv32imacxw/ilp32\libg_nano.a(lib_a-nano-svfprintf.o)
 .debug_frame   0x0000000000001a04       0x8c f:/mounriver_studio/toolchain/risc-v embedded gcc/bin/../lib/gcc/riscv-none-embed/8.2.0/../../../../riscv-none-embed/lib/rv32imacxw/ilp32\libg_nano.a(lib_a-nano-vfprintf_i.o)
 .debug_frame   0x0000000000001a90       0x20 f:/mounriver_studio/toolchain/risc-v embedded gcc/bin/../lib/gcc/riscv-none-embed/8.2.0/../../../../riscv-none-embed/lib/rv32imacxw/ilp32\libg_nano.a(lib_a-memchr.o)
 .debug_frame   0x0000000000001ab0       0x20 f:/mounriver_studio/toolchain/risc-v embedded gcc/bin/../lib/gcc/riscv-none-embed/8.2.0/../../../../riscv-none-embed/lib/rv32imacxw/ilp32\libg_nano.a(lib_a-memcpy.o)
 .debug_frame   0x0000000000001ad0       0x20 f:/mounriver_studio/toolchain/risc-v embedded gcc/bin/../lib/gcc/riscv-none-embed/8.2.0/../../../../riscv-none-embed/lib/rv32imacxw/ilp32\libg_nano.a(lib_a-memmove.o)
 .debug_frame   0x0000000000001af0       0x40 f:/mounriver_studio/toolchain/risc-v embedded gcc/bin/../lib/gcc/riscv-none-embed/8.2.0/../../../../riscv-none-embed/lib/rv32imacxw/ilp32\libg_nano.a(lib_a-nano-freer.o)
 .debug_frame   0x0000000000001b30       0x40 f:/mounriver_studio/toolchain/risc-v embedded gcc/bin/../lib/gcc/riscv-none-embed/8.2.0/../../../../riscv-none-embed/lib/rv32imacxw/ilp32\libg_nano.a(lib_a-nano-mallocr.o)
 .debug_frame   0x0000000000001b70       0x40 f:/mounriver_studio/toolchain/risc-v embedded gcc/bin/../lib/gcc/riscv-none-embed/8.2.0/../../../../riscv-none-embed/lib/rv32imacxw/ilp32\libg_nano.a(lib_a-nano-reallocr.o)
 .debug_frame   0x0000000000001bb0       0x30 f:/mounriver_studio/toolchain/risc-v embedded gcc/bin/../lib/gcc/riscv-none-embed/8.2.0/../../../../riscv-none-embed/lib/rv32imacxw/ilp32\libg_nano.a(lib_a-sbrkr.o)
 .debug_frame   0x0000000000001be0       0x30 f:/mounriver_studio/toolchain/risc-v embedded gcc/bin/../lib/gcc/riscv-none-embed/8.2.0/../../../../riscv-none-embed/lib/rv32imacxw/ilp32\libg_nano.a(lib_a-mlock.o)
 .debug_frame   0x0000000000001c10       0x20 f:/mounriver_studio/toolchain/risc-v embedded gcc/bin/../lib/gcc/riscv-none-embed/8.2.0/../../../../riscv-none-embed/lib/rv32imacxw/ilp32\libg_nano.a(lib_a-nano-msizer.o)
 .debug_frame   0x0000000000001c30       0x70 f:/mounriver_studio/toolchain/risc-v embedded gcc/bin/../lib/gcc/riscv-none-embed/8.2.0/../../../../riscv-none-embed/lib/rv32imacxw/ilp32\libg_nano.a(lib_a-reent.o)
