Archive member included to satisfy reference by file (symbol)

f:/mounriver_studio/toolchain/risc-v embedded gcc/bin/../lib/gcc/riscv-none-embed/8.2.0/../../../../riscv-none-embed/lib/rv32imacxw/ilp32\libprintfloat.a(printfloat.o)
                              ./User/main.o (putchar)
f:/mounriver_studio/toolchain/risc-v embedded gcc/bin/../lib/gcc/riscv-none-embed/8.2.0/rv32imacxw/ilp32\libgcc.a(_udivdi3.o)
                              f:/mounriver_studio/toolchain/risc-v embedded gcc/bin/../lib/gcc/riscv-none-embed/8.2.0/../../../../riscv-none-embed/lib/rv32imacxw/ilp32\libprintfloat.a(printfloat.o) (__udivdi3)
f:/mounriver_studio/toolchain/risc-v embedded gcc/bin/../lib/gcc/riscv-none-embed/8.2.0/rv32imacxw/ilp32\libgcc.a(_umoddi3.o)
                              f:/mounriver_studio/toolchain/risc-v embedded gcc/bin/../lib/gcc/riscv-none-embed/8.2.0/../../../../riscv-none-embed/lib/rv32imacxw/ilp32\libprintfloat.a(printfloat.o) (__umoddi3)
f:/mounriver_studio/toolchain/risc-v embedded gcc/bin/../lib/gcc/riscv-none-embed/8.2.0/rv32imacxw/ilp32\libgcc.a(adddf3.o)
                              ./User/main.o (__adddf3)
f:/mounriver_studio/toolchain/risc-v embedded gcc/bin/../lib/gcc/riscv-none-embed/8.2.0/rv32imacxw/ilp32\libgcc.a(ledf2.o)
                              f:/mounriver_studio/toolchain/risc-v embedded gcc/bin/../lib/gcc/riscv-none-embed/8.2.0/../../../../riscv-none-embed/lib/rv32imacxw/ilp32\libprintfloat.a(printfloat.o) (__ltdf2)
f:/mounriver_studio/toolchain/risc-v embedded gcc/bin/../lib/gcc/riscv-none-embed/8.2.0/rv32imacxw/ilp32\libgcc.a(muldf3.o)
                              f:/mounriver_studio/toolchain/risc-v embedded gcc/bin/../lib/gcc/riscv-none-embed/8.2.0/../../../../riscv-none-embed/lib/rv32imacxw/ilp32\libprintfloat.a(printfloat.o) (__muldf3)
f:/mounriver_studio/toolchain/risc-v embedded gcc/bin/../lib/gcc/riscv-none-embed/8.2.0/rv32imacxw/ilp32\libgcc.a(subdf3.o)
                              f:/mounriver_studio/toolchain/risc-v embedded gcc/bin/../lib/gcc/riscv-none-embed/8.2.0/../../../../riscv-none-embed/lib/rv32imacxw/ilp32\libprintfloat.a(printfloat.o) (__subdf3)
f:/mounriver_studio/toolchain/risc-v embedded gcc/bin/../lib/gcc/riscv-none-embed/8.2.0/rv32imacxw/ilp32\libgcc.a(fixdfdi.o)
                              f:/mounriver_studio/toolchain/risc-v embedded gcc/bin/../lib/gcc/riscv-none-embed/8.2.0/../../../../riscv-none-embed/lib/rv32imacxw/ilp32\libprintfloat.a(printfloat.o) (__fixdfdi)
f:/mounriver_studio/toolchain/risc-v embedded gcc/bin/../lib/gcc/riscv-none-embed/8.2.0/rv32imacxw/ilp32\libgcc.a(floatdidf.o)
                              f:/mounriver_studio/toolchain/risc-v embedded gcc/bin/../lib/gcc/riscv-none-embed/8.2.0/../../../../riscv-none-embed/lib/rv32imacxw/ilp32\libprintfloat.a(printfloat.o) (__floatdidf)
f:/mounriver_studio/toolchain/risc-v embedded gcc/bin/../lib/gcc/riscv-none-embed/8.2.0/rv32imacxw/ilp32\libgcc.a(save-restore.o)
                              ./User/lcd.o (__riscv_save_12)
f:/mounriver_studio/toolchain/risc-v embedded gcc/bin/../lib/gcc/riscv-none-embed/8.2.0/rv32imacxw/ilp32\libgcc.a(_clz.o)
                              f:/mounriver_studio/toolchain/risc-v embedded gcc/bin/../lib/gcc/riscv-none-embed/8.2.0/rv32imacxw/ilp32\libgcc.a(_udivdi3.o) (__clz_tab)
f:/mounriver_studio/toolchain/risc-v embedded gcc/bin/../lib/gcc/riscv-none-embed/8.2.0/rv32imacxw/ilp32\libgcc.a(_clzsi2.o)
                              f:/mounriver_studio/toolchain/risc-v embedded gcc/bin/../lib/gcc/riscv-none-embed/8.2.0/rv32imacxw/ilp32\libgcc.a(adddf3.o) (__clzsi2)
f:/mounriver_studio/toolchain/risc-v embedded gcc/bin/../lib/gcc/riscv-none-embed/8.2.0/../../../../riscv-none-embed/lib/rv32imacxw/ilp32\libg_nano.a(lib_a-memset.o)
                              ./User/lcd.o (memset)
f:/mounriver_studio/toolchain/risc-v embedded gcc/bin/../lib/gcc/riscv-none-embed/8.2.0/../../../../riscv-none-embed/lib/rv32imacxw/ilp32\libg_nano.a(lib_a-strchr.o)
                              ./User/main.o (strchr)
f:/mounriver_studio/toolchain/risc-v embedded gcc/bin/../lib/gcc/riscv-none-embed/8.2.0/../../../../riscv-none-embed/lib/rv32imacxw/ilp32\libg_nano.a(lib_a-strcpy.o)
                              ./User/main.o (strcpy)
f:/mounriver_studio/toolchain/risc-v embedded gcc/bin/../lib/gcc/riscv-none-embed/8.2.0/../../../../riscv-none-embed/lib/rv32imacxw/ilp32\libg_nano.a(lib_a-strncpy.o)
                              ./User/main.o (strncpy)
f:/mounriver_studio/toolchain/risc-v embedded gcc/bin/../lib/gcc/riscv-none-embed/8.2.0/../../../../riscv-none-embed/lib/rv32imacxw/ilp32\libg_nano.a(lib_a-strstr.o)
                              ./User/main.o (strstr)
f:/mounriver_studio/toolchain/risc-v embedded gcc/bin/../lib/gcc/riscv-none-embed/8.2.0/../../../../riscv-none-embed/lib/rv32imacxw/ilp32\libg_nano.a(lib_a-vsnprintf.o)
                              ./User/lcd.o (vsnprintf)
[...]
Memory Configuration

Name             Origin             Length             Attributes
FLASH            0x0000000000000000 0x0000000000048000 xr
RAM              0x0000000020000000 0x0000000000008000 xrw
*default*        0x0000000000000000 0xffffffffffffffff

Linker script and memory map

LOAD ./User/ch32v30x_it.o
LOAD ./User/lcd.o
LOAD ./User/main.o
LOAD ./User/serial.o
LOAD ./User/system_ch32v30x.o
LOAD ./Startup/startup_ch32v30x_D8C.o
LOAD ./Peripheral/src/ch32v30x_adc.o
LOAD ./Peripheral/src/ch32v30x_bkp.o
LOAD ./Peripheral/src/ch32v30x_can.o
LOAD ./Peripheral/src/ch32v30x_crc.o
LOAD ./Peripheral/src/ch32v30x_dac.o
LOAD ./Peripheral/src/ch32v30x_dbgmcu.o
LOAD ./Peripheral/src/ch32v30x_dma.o
LOAD ./Peripheral/src/ch32v30x_dvp.o
LOAD ./Peripheral/src/ch32v30x_eth.o
LOAD ./Peripheral/src/ch32v30x_exti.o
LOAD ./Peripheral/src/ch32v30x_flash.o
LOAD ./Peripheral/src/ch32v30x_fsmc.o
LOAD ./Peripheral/src/ch32v30x_gpio.o
LOAD ./Peripheral/src/ch32v30x_i2c.o
LOAD ./Peripheral/src/ch32v30x_iwdg.o
LOAD ./Peripheral/src/ch32v30x_misc.o
LOAD ./Peripheral/src/ch32v30x_opa.o
LOAD ./Peripheral/src/ch32v30x_pwr.o
LOAD ./Peripheral/src/ch32v30x_rcc.o
LOAD ./Peripheral/src/ch32v30x_rng.o
LOAD ./Peripheral/src/ch32v30x_rtc.o
LOAD ./Peripheral/src/ch32v30x_sdio.o
LOAD ./Peripheral/src/ch32v30x_spi.o
LOAD ./Peripheral/src/ch32v30x_tim.o
LOAD ./Peripheral/src/ch32v30x_usart.o
LOAD ./Peripheral/src/ch32v30x_wwdg.o
LOAD ./Debug/debug.o
LOAD ./Core/core_riscv.o
LOAD f:/mounriver_studio/toolchain/risc-v embedded gcc/bin/../lib/gcc/riscv-none-embed/8.2.0/../../../../riscv-none-embed/lib/rv32imacxw/ilp32\libm.a
LOAD f:/mounriver_studio/toolchain/risc-v embedded gcc/bin/../lib/gcc/riscv-none-embed/8.2.0/../../../../riscv-none-embed/lib/rv32imacxw/ilp32\libprintfloat.a
LOAD f:/mounriver_studio/toolchain/risc-v embedded gcc/bin/../lib/gcc/riscv-none-embed/8.2.0/rv32imacxw/ilp32\libgcc.a
LOAD f:/mounriver_studio/toolchain/risc-v embedded gcc/bin/../lib/gcc/riscv-none-embed/8.2.0/../../../../riscv-none-embed/lib/rv32imacxw/ilp32\libg_nano.a
LOAD f:/mounriver_studio/toolchain/risc-v embedded gcc/bin/../lib/gcc/riscv-none-embed/8.2.0/../../../../riscv-none-embed/lib/rv32imacxw/ilp32\libc_nano.a
LOAD f:/mounriver_studio/toolchain/risc-v embedded gcc/bin/../lib/gcc/riscv-none-embed/8.2.0/rv32imacxw/ilp32\libgcc.a
START GROUP
LOAD f:/mounriver_studio/toolchain/risc-v embedded gcc/bin/../lib/gcc/riscv-none-embed/8.2.0/rv32imacxw/ilp32\libgcc.a
LOAD f:/mounriver_studio/toolchain/risc-v embedded gcc/bin/../lib/gcc/riscv-none-embed/8.2.0/../../../../riscv-none-embed/lib/rv32imacxw/ilp32\libc_nano.a
LOAD f:/mounriver_studio/toolchain/risc-v embedded gcc/bin/../lib/gcc/riscv-none-embed/8.2.0/../../../../riscv-none-embed/lib/rv32imacxw/ilp32\libnosys.a
END GROUP
START GROUP
LOAD f:/mounriver_studio/toolchain/risc-v embedded gcc/bin/../lib/gcc/riscv-none-embed/8.2.0/rv32imacxw/ilp32\libgcc.a
LOAD f:/mounriver_studio/toolchain/risc-v embedded gcc/bin/../lib/gcc/riscv-none-embed/8.2.0/../../../../riscv-none-embed/lib/rv32imacxw/ilp32\libc_nano.a
LOAD f:/mounriver_studio/toolchain/risc-v embedded gcc/bin/../lib/gcc/riscv-none-embed/8.2.0/../../../../riscv-none-embed/lib/rv32imacxw/ilp32\libnosys.a
END GROUP
                0x0000000000000800                __stack_size = 0x800
                [!provide]                        PROVIDE (_stack_size = __stack_size)

.init           0x0000000000000000        0x4
                0x0000000000000000                _sinit = .
                0x0000000000000000                . = ALIGN (0x4)
 *(SORT_NONE(.init))
 .init          0x0000000000000000        0x4 ./Startup/startup_ch32v30x_D8C.o
                0x0000000000000000                _start
                0x0000000000000004                . = ALIGN (0x4)
                0x0000000000000004                _einit = .

.vector         0x0000000000000004      0x1bc
 *(.vector)
 .vector        0x0000000000000004      0x1a0 ./Startup/startup_ch32v30x_D8C.o
                0x00000000000001c0                . = ALIGN (0x40)
 *fill*         0x00000000000001a4       0x1c 

.text           0x00000000000001c0     0x7f2c
                0x00000000000001c0                . = ALIGN (0x4)
 *(.text)
 .text          0x00000000000001c0       0x60 f:/mounriver_studio/toolchain/risc-v embedded gcc/bin/../lib/gcc/riscv-none-embed/8.2.0/rv32imacxw/ilp32\libgcc.a(save-restore.o)
                0x00000000000001c0                __riscv_save_12
                0x00000000000001c8                __riscv_save_9
                0x00000000000001c8                __riscv_save_11
                0x00000000000001c8                __riscv_save_10
                0x00000000000001c8                __riscv_save_8
                0x00000000000001d6                __riscv_save_4
                0x00000000000001d6                __riscv_save_6
                0x00000000000001d6                __riscv_save_5
                0x00000000000001d6                __riscv_save_7
                0x00000000000001f0                __riscv_save_3
                0x00000000000001f0                __riscv_save_2
                0x00000000000001f0                __riscv_save_1
                0x00000000000001f0                __riscv_save_0
                0x00000000000001fc                __riscv_restore_12
                0x0000000000000200                __riscv_restore_11
                0x0000000000000200                __riscv_restore_9
                0x0000000000000200                __riscv_restore_10
                0x0000000000000200                __riscv_restore_8
                0x000000000000020a                __riscv_restore_5
                0x000000000000020a                __riscv_restore_7
                0x000000000000020a                __riscv_restore_6
                0x000000000000020a                __riscv_restore_4
                0x0000000000000214                __riscv_restore_3
                0x0000000000000214                __riscv_restore_0
                0x0000000000000214                __riscv_restore_2
                0x0000000000000214                __riscv_restore_1
 .text          0x0000000000000220       0xa8 f:/mounriver_studio/toolchain/risc-v embedded gcc/bin/../lib/gcc/riscv-none-embed/8.2.0/../../../../riscv-none-embed/lib/rv32imacxw/ilp32\libg_nano.a(lib_a-memset.o)
                0x0000000000000220                memset
 *(.text.*)
 .text.NMI_Handler
                0x00000000000002c8        0x2 ./User/ch32v30x_it.o
                0x00000000000002c8                NMI_Handler
 .text.HardFault_Handler
                0x00000000000002ca        0x2 ./User/ch32v30x_it.o
                0x00000000000002ca                HardFault_Handler
 .text.lcd_write_half_word
                0x00000000000002cc       0x12 ./User/lcd.o
                0x00000000000002cc                lcd_write_half_word
 .text.lcd_read_data
                0x00000000000002de       0x14 ./User/lcd.o
                0x00000000000002de                lcd_read_data
 .text.lcd_fsmc_init
                0x00000000000002f2       0xf2 ./User/lcd.o
                0x00000000000002f2                lcd_fsmc_init
 .text.TIM1_PWMOut_Init
                0x00000000000003e4       0x6e ./User/lcd.o
                0x00000000000003e4                TIM1_PWMOut_Init
 .text.lcd_gpio_init
                0x0000000000000452       0x46 ./User/lcd.o
                0x0000000000000452                lcd_gpio_init
 .text.lcd_set_color
                0x0000000000000498        0xe ./User/lcd.o
                0x0000000000000498                lcd_set_color
 .text.lcd_address_set
                0x00000000000004a6       0x4e ./User/lcd.o
                0x00000000000004a6                lcd_address_set
 .text.lcd_clear
                0x00000000000004f4       0x3c ./User/lcd.o
                0x00000000000004f4                lcd_clear
 .text.lcd_init
                0x0000000000000530      0x18c ./User/lcd.o
                0x0000000000000530                lcd_init
 .text.lcd_show_char
                0x00000000000006bc      0x170 ./User/lcd.o
                0x00000000000006bc                lcd_show_char
 .text.lcd_show_string
                0x000000000000082c       0xc6 ./User/lcd.o
                0x000000000000082c                lcd_show_string
 .text.USARTx_CFG
                0x00000000000008f2       0x82 ./User/main.o
                0x00000000000008f2                USARTx_CFG
 .text.DMA_INIT
                0x0000000000000974       0x72 ./User/main.o
                0x0000000000000974                DMA_INIT
 .text.uartWriteWiFi
                0x00000000000009e6       0x4c ./User/main.o
                0x00000000000009e6                uartWriteWiFi
 .text.uartWriteWiFiStr
                0x0000000000000a32       0x1e ./User/main.o
                0x0000000000000a32                uartWriteWiFiStr
 .text.uartReadWiFi
                0x0000000000000a50       0x76 ./User/main.o
                0x0000000000000a50                uartReadWiFi
 .text.uartAvailableWiFi
                0x0000000000000ac6       0x34 ./User/main.o
                0x0000000000000ac6                uartAvailableWiFi
 .text.TIM6_Init
                0x0000000000000afa       0x4e ./User/main.o
                0x0000000000000afa                TIM6_Init
 .text.Interrupt_Init
                0x0000000000000b48       0x24 ./User/main.o
                0x0000000000000b48                Interrupt_Init
 .text.system_time_increase
                0x0000000000000b6c       0x62 ./User/main.o
                0x0000000000000b6c                system_time_increase
 .text.startup.main
                0x0000000000000bce      0x30a ./User/main.o
                0x0000000000000bce                main
 .text.TIM6_IRQHandler
                0x0000000000000ed8       0x10 ./User/main.o
                0x0000000000000ed8                TIM6_IRQHandler
 .text.Serial_SendByte
                0x0000000000000ee8       0x26 ./User/serial.o
                0x0000000000000ee8                Serial_SendByte
 .text.Serial_SendArray
                0x0000000000000f0e       0x2a ./User/serial.o
                0x0000000000000f0e                Serial_SendArray
 .text.crc16    0x0000000000000f38       0x3e ./User/serial.o
                0x0000000000000f38                crc16
 .text.USART2_IRQHandler
                0x0000000000000f76       0x86 ./User/serial.o
                0x0000000000000f76                USART2_IRQHandler
 .text.SystemInit
                0x0000000000000ffc       0xfa ./User/system_ch32v30x.o
                0x0000000000000ffc                SystemInit
 .text.vector_handler
                0x00000000000010f6        0x2 ./Startup/startup_ch32v30x_D8C.o
                0x00000000000010f6                EXTI2_IRQHandler
                0x00000000000010f6                TIM8_TRG_COM_IRQHandler
                0x00000000000010f6                TIM8_CC_IRQHandler
                0x00000000000010f6                UART8_IRQHandler
                0x00000000000010f6                TIM1_CC_IRQHandler
                0x00000000000010f6                SysTick_Handler
                0x00000000000010f6                PVD_IRQHandler
                0x00000000000010f6                SDIO_IRQHandler
                0x00000000000010f6                TIM9_BRK_IRQHandler
                0x00000000000010f6                DMA2_Channel8_IRQHandler
                0x00000000000010f6                CAN2_RX1_IRQHandler
                0x00000000000010f6                EXTI3_IRQHandler
                0x00000000000010f6                USBHS_IRQHandler
                0x00000000000010f6                DMA2_Channel9_IRQHandler
                0x00000000000010f6                TIM10_CC_IRQHandler
                0x00000000000010f6                USBFS_IRQHandler
                0x00000000000010f6                EXTI0_IRQHandler
                0x00000000000010f6                I2C2_EV_IRQHandler
                0x00000000000010f6                TIM10_TRG_COM_IRQHandler
                0x00000000000010f6                CAN2_SCE_IRQHandler
                0x00000000000010f6                ADC1_2_IRQHandler
                0x00000000000010f6                Break_Point_Handler
                0x00000000000010f6                SPI1_IRQHandler
                0x00000000000010f6                TAMPER_IRQHandler
                0x00000000000010f6                CAN2_RX0_IRQHandler
                0x00000000000010f6                TIM8_UP_IRQHandler
                0x00000000000010f6                Ecall_M_Mode_Handler
                0x00000000000010f6                DMA2_Channel2_IRQHandler
                0x00000000000010f6                DMA1_Channel4_IRQHandler
                0x00000000000010f6                TIM9_UP_IRQHandler
                0x00000000000010f6                USART3_IRQHandler
                0x00000000000010f6                RTC_IRQHandler
                0x00000000000010f6                DMA1_Channel7_IRQHandler
                0x00000000000010f6                CAN1_RX1_IRQHandler
                0x00000000000010f6                DVP_IRQHandler
                0x00000000000010f6                UART5_IRQHandler
                0x00000000000010f6                TIM4_IRQHandler
                0x00000000000010f6                DMA2_Channel1_IRQHandler
                0x00000000000010f6                I2C1_EV_IRQHandler
                0x00000000000010f6                DMA1_Channel6_IRQHandler
                0x00000000000010f6                UART4_IRQHandler
                0x00000000000010f6                DMA2_Channel4_IRQHandler
                0x00000000000010f6                TIM3_IRQHandler
                0x00000000000010f6                RCC_IRQHandler
                0x00000000000010f6                TIM1_TRG_COM_IRQHandler
                0x00000000000010f6                DMA1_Channel1_IRQHandler
                0x00000000000010f6                DMA2_Channel7_IRQHandler
                0x00000000000010f6                EXTI15_10_IRQHandler
                0x00000000000010f6                TIM7_IRQHandler
                0x00000000000010f6                CAN2_TX_IRQHandler
                0x00000000000010f6                TIM5_IRQHandler
                0x00000000000010f6                EXTI9_5_IRQHandler
                0x00000000000010f6                ETH_WKUP_IRQHandler
                0x00000000000010f6                SPI2_IRQHandler
                0x00000000000010f6                TIM10_BRK_IRQHandler
                0x00000000000010f6                TIM9_CC_IRQHandler
                0x00000000000010f6                DMA2_Channel5_IRQHandler
                0x00000000000010f6                DMA1_Channel5_IRQHandler
                0x00000000000010f6                EXTI4_IRQHandler
                0x00000000000010f6                USB_LP_CAN1_RX0_IRQHandler
                0x00000000000010f6                RNG_IRQHandler
                0x00000000000010f6                USB_HP_CAN1_TX_IRQHandler
                0x00000000000010f6                DMA1_Channel3_IRQHandler
                0x00000000000010f6                ETH_IRQHandler
                0x00000000000010f6                TIM1_UP_IRQHandler
                0x00000000000010f6                WWDG_IRQHandler
                0x00000000000010f6                USBHSWakeup_IRQHandler
                0x00000000000010f6                DMA2_Channel11_IRQHandler
                0x00000000000010f6                Ecall_U_Mode_Handler
                0x00000000000010f6                DMA2_Channel6_IRQHandler
                0x00000000000010f6                TIM2_IRQHandler
                0x00000000000010f6                SW_Handler
                0x00000000000010f6                TIM1_BRK_IRQHandler
                0x00000000000010f6                DMA2_Channel10_IRQHandler
                0x00000000000010f6                EXTI1_IRQHandler
                0x00000000000010f6                RTCAlarm_IRQHandler
                0x00000000000010f6                TIM10_UP_IRQHandler
                0x00000000000010f6                TIM9_TRG_COM_IRQHandler
                0x00000000000010f6                UART7_IRQHandler
                0x00000000000010f6                UART6_IRQHandler
                0x00000000000010f6                I2C2_ER_IRQHandler
                0x00000000000010f6                DMA1_Channel2_IRQHandler
                0x00000000000010f6                TIM8_BRK_IRQHandler
                0x00000000000010f6                CAN1_SCE_IRQHandler
                0x00000000000010f6                FLASH_IRQHandler
                0x00000000000010f6                USART1_IRQHandler
                0x00000000000010f6                SPI3_IRQHandler
                0x00000000000010f6                I2C1_ER_IRQHandler
                0x00000000000010f6                USBWakeUp_IRQHandler
                0x00000000000010f6                DMA2_Channel3_IRQHandler
 .text.handle_reset
                0x00000000000010f8       0x8a ./Startup/startup_ch32v30x_D8C.o
                0x00000000000010f8                handle_reset
 .text.DMA_DeInit
                0x0000000000001182      0x16c ./Peripheral/src/ch32v30x_dma.o
                0x0000000000001182                DMA_DeInit
 .text.DMA_Init
                0x00000000000012ee       0x38 ./Peripheral/src/ch32v30x_dma.o
                0x00000000000012ee                DMA_Init
 .text.DMA_Cmd  0x0000000000001326       0x14 ./Peripheral/src/ch32v30x_dma.o
                0x0000000000001326                DMA_Cmd
 .text.DMA_SetCurrDataCounter
                0x000000000000133a        0x4 ./Peripheral/src/ch32v30x_dma.o
                0x000000000000133a                DMA_SetCurrDataCounter
 .text.DMA_GetCurrDataCounter
                0x000000000000133e        0x8 ./Peripheral/src/ch32v30x_dma.o
                0x000000000000133e                DMA_GetCurrDataCounter
 .text.DMA_ClearFlag
                0x0000000000001346       0x2c ./Peripheral/src/ch32v30x_dma.o
                0x0000000000001346                DMA_ClearFlag
 .text.FSMC_NORSRAMInit
                0x0000000000001372       0xae ./Peripheral/src/ch32v30x_fsmc.o
                0x0000000000001372                FSMC_NORSRAMInit
 .text.FSMC_NORSRAMCmd
                0x0000000000001420       0x1e ./Peripheral/src/ch32v30x_fsmc.o
                0x0000000000001420                FSMC_NORSRAMCmd
 .text.GPIO_Init
                0x000000000000143e       0xc0 ./Peripheral/src/ch32v30x_gpio.o
                0x000000000000143e                GPIO_Init
 .text.GPIO_SetBits
                0x00000000000014fe        0x4 ./Peripheral/src/ch32v30x_gpio.o
                0x00000000000014fe                GPIO_SetBits
 .text.NVIC_PriorityGroupConfig
                0x0000000000001502        0x6 ./Peripheral/src/ch32v30x_misc.o
                0x0000000000001502                NVIC_PriorityGroupConfig
 .text.NVIC_Init
                0x0000000000001508       0x4e ./Peripheral/src/ch32v30x_misc.o
                0x0000000000001508                NVIC_Init
 .text.RCC_GetClocksFreq
                0x0000000000001556      0x176 ./Peripheral/src/ch32v30x_rcc.o
                0x0000000000001556                RCC_GetClocksFreq
 .text.RCC_AHBPeriphClockCmd
                0x00000000000016cc       0x1e ./Peripheral/src/ch32v30x_rcc.o
                0x00000000000016cc                RCC_AHBPeriphClockCmd
 .text.RCC_APB2PeriphClockCmd
                0x00000000000016ea       0x1e ./Peripheral/src/ch32v30x_rcc.o
                0x00000000000016ea                RCC_APB2PeriphClockCmd
 .text.RCC_APB1PeriphClockCmd
                0x0000000000001708       0x1e ./Peripheral/src/ch32v30x_rcc.o
                0x0000000000001708                RCC_APB1PeriphClockCmd
 .text.TIM_TimeBaseInit
                0x0000000000001726       0xaa ./Peripheral/src/ch32v30x_tim.o
                0x0000000000001726                TIM_TimeBaseInit
 .text.TIM_OC2Init
                0x00000000000017d0       0xae ./Peripheral/src/ch32v30x_tim.o
                0x00000000000017d0                TIM_OC2Init
 .text.TIM_Cmd  0x000000000000187e       0x18 ./Peripheral/src/ch32v30x_tim.o
                0x000000000000187e                TIM_Cmd
 .text.TIM_CtrlPWMOutputs
                0x0000000000001896       0x16 ./Peripheral/src/ch32v30x_tim.o
                0x0000000000001896                TIM_CtrlPWMOutputs
 .text.TIM_ITConfig
                0x00000000000018ac       0x12 ./Peripheral/src/ch32v30x_tim.o
                0x00000000000018ac                TIM_ITConfig
 .text.TIM_ARRPreloadConfig
                0x00000000000018be       0x1a ./Peripheral/src/ch32v30x_tim.o
                0x00000000000018be                TIM_ARRPreloadConfig
 .text.TIM_OC2PreloadConfig
                0x00000000000018d8       0x16 ./Peripheral/src/ch32v30x_tim.o
                0x00000000000018d8                TIM_OC2PreloadConfig
 .text.TIM_ClearFlag
                0x00000000000018ee        0xc ./Peripheral/src/ch32v30x_tim.o
                0x00000000000018ee                TIM_ClearFlag
 .text.USART_Init
                0x00000000000018fa       0x8e ./Peripheral/src/ch32v30x_usart.o
                0x00000000000018fa                USART_Init
 .text.USART_Cmd
                0x0000000000001988       0x16 ./Peripheral/src/ch32v30x_usart.o
                0x0000000000001988                USART_Cmd
 .text.USART_DMACmd
                0x000000000000199e       0x12 ./Peripheral/src/ch32v30x_usart.o
                0x000000000000199e                USART_DMACmd
 .text.USART_SendData
                0x00000000000019b0        0x8 ./Peripheral/src/ch32v30x_usart.o
                0x00000000000019b0                USART_SendData
 .text.USART_ReceiveData
                0x00000000000019b8        0x8 ./Peripheral/src/ch32v30x_usart.o
                0x00000000000019b8                USART_ReceiveData
 .text.USART_GetFlagStatus
                0x00000000000019c0        0xa ./Peripheral/src/ch32v30x_usart.o
                0x00000000000019c0                USART_GetFlagStatus
 .text.USART_GetITStatus
                0x00000000000019ca       0x3c ./Peripheral/src/ch32v30x_usart.o
                0x00000000000019ca                USART_GetITStatus
 .text.Delay_Init
                0x0000000000001a06       0x26 ./Debug/debug.o
                0x0000000000001a06                Delay_Init
 .text.Delay_Ms
                0x0000000000001a2c       0x36 ./Debug/debug.o
                0x0000000000001a2c                Delay_Ms
 .text.USART_Printf_Init
                0x0000000000001a62       0x58 ./Debug/debug.o
                0x0000000000001a62                USART_Printf_Init
 .text._write   0x0000000000001aba       0x3a ./Debug/debug.o
                0x0000000000001aba                _write
 .text._sbrk    0x0000000000001af4       0x26 ./Debug/debug.o
                0x0000000000001af4                _sbrk
 .text.printchar
                0x0000000000001b1a       0x48 f:/mounriver_studio/toolchain/risc-v embedded gcc/bin/../lib/gcc/riscv-none-embed/8.2.0/../../../../riscv-none-embed/lib/rv32imacxw/ilp32\libprintfloat.a(printfloat.o)
                0x0000000000001b1a                printchar
 .text.prints   0x0000000000001b62       0xd8 f:/mounriver_studio/toolchain/risc-v embedded gcc/bin/../lib/gcc/riscv-none-embed/8.2.0/../../../../riscv-none-embed/lib/rv32imacxw/ilp32\libprintfloat.a(printfloat.o)
                0x0000000000001b62                prints
 .text.printInt
                0x0000000000001c3a       0xe6 f:/mounriver_studio/toolchain/risc-v embedded gcc/bin/../lib/gcc/riscv-none-embed/8.2.0/../../../../riscv-none-embed/lib/rv32imacxw/ilp32\libprintfloat.a(printfloat.o)
                0x0000000000001c3a                printInt
 .text.printLongLongInt
                0x0000000000001d20      0x11a f:/mounriver_studio/toolchain/risc-v embedded gcc/bin/../lib/gcc/riscv-none-embed/8.2.0/../../../../riscv-none-embed/lib/rv32imacxw/ilp32\libprintfloat.a(printfloat.o)
                0x0000000000001d20                printLongLongInt
 .text.printDouble
                0x0000000000001e3a       0xfa f:/mounriver_studio/toolchain/risc-v embedded gcc/bin/../lib/gcc/riscv-none-embed/8.2.0/../../../../riscv-none-embed/lib/rv32imacxw/ilp32\libprintfloat.a(printfloat.o)
                0x0000000000001e3a                printDouble
 .text.print    0x0000000000001f34      0x358 f:/mounriver_studio/toolchain/risc-v embedded gcc/bin/../lib/gcc/riscv-none-embed/8.2.0/../../../../riscv-none-embed/lib/rv32imacxw/ilp32\libprintfloat.a(printfloat.o)
                0x0000000000001f34                print
 .text.printf   0x000000000000228c       0x24 f:/mounriver_studio/toolchain/risc-v embedded gcc/bin/../lib/gcc/riscv-none-embed/8.2.0/../../../../riscv-none-embed/lib/rv32imacxw/ilp32\libprintfloat.a(printfloat.o)
                0x000000000000228c                printf
 .text.sprintf  0x00000000000022b0       0x28 f:/mounriver_studio/toolchain/risc-v embedded gcc/bin/../lib/gcc/riscv-none-embed/8.2.0/../../../../riscv-none-embed/lib/rv32imacxw/ilp32\libprintfloat.a(printfloat.o)
                0x00000000000022b0                sprintf
 .text.puts     0x00000000000022d8       0x4a f:/mounriver_studio/toolchain/risc-v embedded gcc/bin/../lib/gcc/riscv-none-embed/8.2.0/../../../../riscv-none-embed/lib/rv32imacxw/ilp32\libprintfloat.a(printfloat.o)
                0x00000000000022d8                puts
 .text.__udivdi3
                0x0000000000002322      0x392 f:/mounriver_studio/toolchain/risc-v embedded gcc/bin/../lib/gcc/riscv-none-embed/8.2.0/rv32imacxw/ilp32\libgcc.a(_udivdi3.o)
                0x0000000000002322                __udivdi3
 .text.__umoddi3
                0x00000000000026b4      0x38a f:/mounriver_studio/toolchain/risc-v embedded gcc/bin/../lib/gcc/riscv-none-embed/8.2.0/rv32imacxw/ilp32\libgcc.a(_umoddi3.o)
                0x00000000000026b4                __umoddi3
 .text.__adddf3
                0x0000000000002a3e      0x730 f:/mounriver_studio/toolchain/risc-v embedded gcc/bin/../lib/gcc/riscv-none-embed/8.2.0/rv32imacxw/ilp32\libgcc.a(adddf3.o)
                0x0000000000002a3e                __adddf3
 .text.__ledf2  0x000000000000316e       0xb6 f:/mounriver_studio/toolchain/risc-v embedded gcc/bin/../lib/gcc/riscv-none-embed/8.2.0/rv32imacxw/ilp32\libgcc.a(ledf2.o)
                0x000000000000316e                __ledf2
                0x000000000000316e                __ltdf2
 .text.__muldf3
                0x0000000000003224      0x4b8 f:/mounriver_studio/toolchain/risc-v embedded gcc/bin/../lib/gcc/riscv-none-embed/8.2.0/rv32imacxw/ilp32\libgcc.a(muldf3.o)
                0x0000000000003224                __muldf3
 .text.__subdf3
                0x00000000000036dc      0x73c f:/mounriver_studio/toolchain/risc-v embedded gcc/bin/../lib/gcc/riscv-none-embed/8.2.0/rv32imacxw/ilp32\libgcc.a(subdf3.o)
                0x00000000000036dc                __subdf3
 .text.__fixdfdi
                0x0000000000003e18       0xbc f:/mounriver_studio/toolchain/risc-v embedded gcc/bin/../lib/gcc/riscv-none-embed/8.2.0/rv32imacxw/ilp32\libgcc.a(fixdfdi.o)
                0x0000000000003e18                __fixdfdi
 .text.__floatdidf
                0x0000000000003ed4      0x1b2 f:/mounriver_studio/toolchain/risc-v embedded gcc/bin/../lib/gcc/riscv-none-embed/8.2.0/rv32imacxw/ilp32\libgcc.a(floatdidf.o)
                0x0000000000003ed4                __floatdidf
 .text.__clzsi2
                0x0000000000004086       0x6e f:/mounriver_studio/toolchain/risc-v embedded gcc/bin/../lib/gcc/riscv-none-embed/8.2.0/rv32imacxw/ilp32\libgcc.a(_clzsi2.o)
                0x0000000000004086                __clzsi2
 .text._vsnprintf_r
                0x00000000000040f4       0x5a f:/mounriver_studio/toolchain/risc-v embedded gcc/bin/../lib/gcc/riscv-none-embed/8.2.0/../../../../riscv-none-embed/lib/rv32imacxw/ilp32\libg_nano.a(lib_a-vsnprintf.o)
                0x00000000000040f4                _vsniprintf_r
                0x00000000000040f4                _vsnprintf_r
 .text.vsnprintf
                0x000000000000414e       0x10 f:/mounriver_studio/toolchain/risc-v embedded gcc/bin/../lib/gcc/riscv-none-embed/8.2.0/../../../../riscv-none-embed/lib/rv32imacxw/ilp32\libg_nano.a(lib_a-vsnprintf.o)
                0x000000000000414e                vsniprintf
                0x000000000000414e                vsnprintf
 .text.__ssputs_r
                0x000000000000415e       0xde f:/mounriver_studio/toolchain/risc-v embedded gcc/bin/../lib/gcc/riscv-none-embed/8.2.0/../../../../riscv-none-embed/lib/rv32imacxw/ilp32\libg_nano.a(lib_a-nano-svfprintf.o)
                0x000000000000415e                __ssputs_r
 .text._svfprintf_r
                0x000000000000423c      0x260 f:/mounriver_studio/toolchain/risc-v embedded gcc/bin/../lib/gcc/riscv-none-embed/8.2.0/../../../../riscv-none-embed/lib/rv32imacxw/ilp32\libg_nano.a(lib_a-nano-svfprintf.o)
                0x000000000000423c                _svfiprintf_r
                0x000000000000423c                _svfprintf_r
 .text._printf_common
                0x000000000000449c      0x10c f:/mounriver_studio/toolchain/risc-v embedded gcc/bin/../lib/gcc/riscv-none-embed/8.2.0/../../../../riscv-none-embed/lib/rv32imacxw/ilp32\libg_nano.a(lib_a-nano-vfprintf_i.o)
                0x000000000000449c                _printf_common
 .text._printf_i
                0x00000000000045a8      0x2a0 f:/mounriver_studio/toolchain/risc-v embedded gcc/bin/../lib/gcc/riscv-none-embed/8.2.0/../../../../riscv-none-embed/lib/rv32imacxw/ilp32\libg_nano.a(lib_a-nano-vfprintf_i.o)
                0x00000000000045a8                _printf_i
 .text.memchr   0x0000000000004848       0x18 f:/mounriver_studio/toolchain/risc-v embedded gcc/bin/../lib/gcc/riscv-none-embed/8.2.0/../../../../riscv-none-embed/lib/rv32imacxw/ilp32\libg_nano.a(lib_a-memchr.o)
                0x0000000000004848                memchr
 .text.memcpy   0x0000000000004860       0xb2 f:/mounriver_studio/toolchain/risc-v embedded gcc/bin/../lib/gcc/riscv-none-embed/8.2.0/../../../../riscv-none-embed/lib/rv32imacxw/ilp32\libg_nano.a(lib_a-memcpy.o)
                0x0000000000004860                memcpy
 .text.memmove  0x0000000000004912       0x46 f:/mounriver_studio/toolchain/risc-v embedded gcc/bin/../lib/gcc/riscv-none-embed/8.2.0/../../../../riscv-none-embed/lib/rv32imacxw/ilp32\libg_nano.a(lib_a-memmove.o)
                0x0000000000004912                memmove
 .text._free_r  0x0000000000004958       0xa4 f:/mounriver_studio/toolchain/risc-v embedded gcc/bin/../lib/gcc/riscv-none-embed/8.2.0/../../../../riscv-none-embed/lib/rv32imacxw/ilp32\libg_nano.a(lib_a-nano-freer.o)
                0x0000000000004958                _free_r
 .text._malloc_r
                0x00000000000049fc       0xce f:/mounriver_studio/toolchain/risc-v embedded gcc/bin/../lib/gcc/riscv-none-embed/8.2.0/../../../../riscv-none-embed/lib/rv32imacxw/ilp32\libg_nano.a(lib_a-nano-mallocr.o)
                0x00000000000049fc                _malloc_r
 .text._realloc_r
                0x0000000000004aca       0x50 f:/mounriver_studio/toolchain/risc-v embedded gcc/bin/../lib/gcc/riscv-none-embed/8.2.0/../../../../riscv-none-embed/lib/rv32imacxw/ilp32\libg_nano.a(lib_a-nano-reallocr.o)
                0x0000000000004aca                _realloc_r
 .text._sbrk_r  0x0000000000004b1a       0x2a f:/mounriver_studio/toolchain/risc-v embedded gcc/bin/../lib/gcc/riscv-none-embed/8.2.0/../../../../riscv-none-embed/lib/rv32imacxw/ilp32\libg_nano.a(lib_a-sbrkr.o)
                0x0000000000004b1a                _sbrk_r
 .text.__malloc_lock
                0x0000000000004b44        0x2 f:/mounriver_studio/toolchain/risc-v embedded gcc/bin/../lib/gcc/riscv-none-embed/8.2.0/../../../../riscv-none-embed/lib/rv32imacxw/ilp32\libg_nano.a(lib_a-mlock.o)
                0x0000000000004b44                __malloc_lock
 .text.__malloc_unlock
                0x0000000000004b46        0x2 f:/mounriver_studio/toolchain/risc-v embedded gcc/bin/../lib/gcc/riscv-none-embed/8.2.0/../../../../riscv-none-embed/lib/rv32imacxw/ilp32\libg_nano.a(lib_a-mlock.o)
                0x0000000000004b46                __malloc_unlock
 .text._malloc_usable_size_r
                0x0000000000004b48       0x14 f:/mounriver_studio/toolchain/risc-v embedded gcc/bin/../lib/gcc/riscv-none-embed/8.2.0/../../../../riscv-none-embed/lib/rv32imacxw/ilp32\libg_nano.a(lib_a-nano-msizer.o)
                0x0000000000004b48                _malloc_usable_size_r
 *(.rodata)
 *fill*         0x0000000000004b5c        0x0 
 .rodata        0x0000000000004b5c       0x64 ./User/main.o
 *(.rodata*)
 .rodata.asc2_1608
                0x0000000000004bc0      0x5e0 ./User/lcd.o
                0x0000000000004bc0                asc2_1608
 .rodata.asc2_2412
                0x00000000000051a0     0x11a0 ./User/lcd.o
                0x00000000000051a0                asc2_2412
 .rodata.asc2_3216
                0x0000000000006340     0x1780 ./User/lcd.o
                0x0000000000006340                asc2_3216
 .rodata.lcd_init.str1.4
                0x0000000000007ac0        0xa ./User/lcd.o
 *fill*         0x0000000000007aca        0x2 
 .rodata.lcd_show_char.str1.4
                0x0000000000007acc       0x4a ./User/lcd.o
 *fill*         0x0000000000007b16        0x2 
 .rodata.lcd_show_string.str1.4
                0x0000000000007b18       0x1e ./User/lcd.o
 *fill*         0x0000000000007b36        0x2 
 .rodata.get_true_time.str1.4
                0x0000000000007b38      0x141 ./User/main.o
                                        0x145 (size before relaxing)
 *fill*         0x0000000000007c79        0x7 
 .rodata.main.cst8
                0x0000000000007c80       0x10 ./User/main.o
 .rodata.main.str1.4
                0x0000000000007c90      0x2d7 ./User/main.o
 *fill*         0x0000000000007f67        0x1 
 .rodata.print.str1.4
                0x0000000000007f68        0x7 f:/mounriver_studio/toolchain/risc-v embedded gcc/bin/../lib/gcc/riscv-none-embed/8.2.0/../../../../riscv-none-embed/lib/rv32imacxw/ilp32\libprintfloat.a(printfloat.o)
 *fill*         0x0000000000007f6f        0x1 
 .rodata.__muldf3
                0x0000000000007f70       0x40 f:/mounriver_studio/toolchain/risc-v embedded gcc/bin/../lib/gcc/riscv-none-embed/8.2.0/rv32imacxw/ilp32\libgcc.a(muldf3.o)
 .rodata.__clz_tab
                0x0000000000007fb0      0x100 f:/mounriver_studio/toolchain/risc-v embedded gcc/bin/../lib/gcc/riscv-none-embed/8.2.0/rv32imacxw/ilp32\libgcc.a(_clz.o)
                0x0000000000007fb0                __clz_tab
 .rodata._svfprintf_r.str1.4
                0x00000000000080b0       0x13 f:/mounriver_studio/toolchain/risc-v embedded gcc/bin/../lib/gcc/riscv-none-embed/8.2.0/../../../../riscv-none-embed/lib/rv32imacxw/ilp32\libg_nano.a(lib_a-nano-svfprintf.o)
 *fill*         0x00000000000080c3        0x1 
 .rodata._printf_i.str1.4
                0x00000000000080c4       0x28 f:/mounriver_studio/toolchain/risc-v embedded gcc/bin/../lib/gcc/riscv-none-embed/8.2.0/../../../../riscv-none-embed/lib/rv32imacxw/ilp32\libg_nano.a(lib_a-nano-vfprintf_i.o)
                                         0x25 (size before relaxing)
 *(.gnu.linkonce.t.*)
                0x00000000000080ec                . = ALIGN (0x4)

.rela.dyn       0x00000000000080ec        0x0
 .rela.text.lcd_init
                0x00000000000080ec        0x0 ./User/ch32v30x_it.o
 .rela.text.lcd_show_char
                0x00000000000080ec        0x0 ./User/ch32v30x_it.o
 .rela.text.lcd_show_string
                0x00000000000080ec        0x0 ./User/ch32v30x_it.o
 .rela.text.startup.main
                0x00000000000080ec        0x0 ./User/ch32v30x_it.o
 .rela.init     0x00000000000080ec        0x0 ./User/ch32v30x_it.o
 .rela.vector   0x00000000000080ec        0x0 ./User/ch32v30x_it.o
 .rela.text.handle_reset
                0x00000000000080ec        0x0 ./User/ch32v30x_it.o
 .rela.text._sbrk
                0x00000000000080ec        0x0 ./User/ch32v30x_it.o
 .rela.sdata.curbrk.5265
                0x00000000000080ec        0x0 ./User/ch32v30x_it.o
 .rela.text.prints
                0x00000000000080ec        0x0 ./User/ch32v30x_it.o
 .rela.text.printInt
                0x00000000000080ec        0x0 ./User/ch32v30x_it.o
 .rela.text.printLongLongInt
                0x00000000000080ec        0x0 ./User/ch32v30x_it.o
 .rela.text.printDouble
                0x00000000000080ec        0x0 ./User/ch32v30x_it.o
 .rela.text.print
                0x00000000000080ec        0x0 ./User/ch32v30x_it.o
 .rela.text.printf
                0x00000000000080ec        0x0 ./User/ch32v30x_it.o
 .rela.text.sprintf
                0x00000000000080ec        0x0 ./User/ch32v30x_it.o
 .rela.data.impure_data
                0x00000000000080ec        0x0 ./User/ch32v30x_it.o
 .rela.text._svfprintf_r
                0x00000000000080ec        0x0 ./User/ch32v30x_it.o
 .rela.text._sbrk_r
                0x00000000000080ec        0x0 ./User/ch32v30x_it.o

.fini           0x00000000000080ec        0x0
 *(SORT_NONE(.fini))
                0x00000000000080ec                . = ALIGN (0x4)
                [!provide]                        PROVIDE (_etext = .)
                [!provide]                        PROVIDE (_eitcm = .)

.preinit_array  0x00000000000080ec        0x0
                [!provide]                        PROVIDE (__preinit_array_start = .)
 *(.preinit_array)
                [!provide]                        PROVIDE (__preinit_array_end = .)

.init_array     0x00000000000080ec        0x0
                [!provide]                        PROVIDE (__init_array_start = .)
 *(SORT_BY_INIT_PRIORITY(.init_array.*) SORT_BY_INIT_PRIORITY(.ctors.*))
 *(.init_array EXCLUDE_FILE(*crtend?.o *crtend.o *crtbegin?.o *crtbegin.o) .ctors)
                [!provide]                        PROVIDE (__init_array_end = .)

.fini_array     0x00000000000080ec        0x0
                [!provide]                        PROVIDE (__fini_array_start = .)
 *(SORT_BY_INIT_PRIORITY(.fini_array.*) SORT_BY_INIT_PRIORITY(.dtors.*))
 *(.fini_array EXCLUDE_FILE(*crtend?.o *crtend.o *crtbegin?.o *crtbegin.o) .dtors)
                [!provide]                        PROVIDE (__fini_array_end = .)

.ctors
 *crtbegin.o(.ctors)
 *crtbegin?.o(.ctors)
 *(EXCLUDE_FILE(*crtend?.o *crtend.o) .ctors)
 *(SORT_BY_NAME(.ctors.*))
 *(.ctors)

.dtors
 *crtbegin.o(.dtors)
 *crtbegin?.o(.dtors)
 *(EXCLUDE_FILE(*crtend?.o *crtend.o) .dtors)
 *(SORT_BY_NAME(.dtors.*))
 *(.dtors)

.dalign         0x0000000020000000        0x0 load address 0x00000000000080ec
                0x0000000020000000                . = ALIGN (0x4)
                0x0000000020000000                PROVIDE (_data_vma = .)

.dlalign        0x00000000000080ec        0x0
                0x00000000000080ec                . = ALIGN (0x4)
                0x00000000000080ec                PROVIDE (_data_lma = .)

.data           0x0000000020000000       0xa0 load address 0x00000000000080ec
 *(.gnu.linkonce.r.*)
 *(.data .data.*)
 .data.crc_test_data
                0x0000000020000000        0xb ./User/main.o
                0x0000000020000000                crc_test_data
 *fill*         0x000000002000000b        0x1 
 .data.soil_detect_command
                0x000000002000000c        0x9 ./User/main.o
                0x000000002000000c                soil_detect_command
 *fill*         0x0000000020000015        0x3 
 .data.APBAHBPrescTable
                0x0000000020000018       0x10 ./Peripheral/src/ch32v30x_rcc.o
 .data.impure_data
                0x0000000020000028       0x60 f:/mounriver_studio/toolchain/risc-v embedded gcc/bin/../lib/gcc/riscv-none-embed/8.2.0/../../../../riscv-none-embed/lib/rv32imacxw/ilp32\libg_nano.a(lib_a-impure.o)
 *(.gnu.linkonce.d.*)
                0x0000000020000088                . = ALIGN (0x8)
                0x0000000020000888                PROVIDE (__global_pointer$ = (. + 0x800))
 *(.sdata .sdata.*)
 .sdata.FORE_COLOR
                0x0000000020000088        0x2 ./User/lcd.o
                0x0000000020000088                FORE_COLOR
 *fill*         0x000000002000008a        0x2 
 .sdata.TxBuffer
                0x000000002000008c        0x2 ./User/main.o
                0x000000002000008c                TxBuffer
 .sdata.timeout
                0x000000002000008e        0x1 ./User/main.o
                0x000000002000008e                timeout
 *fill*         0x000000002000008f        0x1 
 .sdata.SystemCoreClock
                0x0000000020000090        0x4 ./User/system_ch32v30x.o
                0x0000000020000090                SystemCoreClock
 .sdata.ADCPrescTable
                0x0000000020000094        0x4 ./Peripheral/src/ch32v30x_rcc.o
 .sdata.curbrk.5265
                0x0000000020000098        0x4 ./Debug/debug.o
 .sdata._impure_ptr
                0x000000002000009c        0x4 f:/mounriver_studio/toolchain/risc-v embedded gcc/bin/../lib/gcc/riscv-none-embed/8.2.0/../../../../riscv-none-embed/lib/rv32imacxw/ilp32\libg_nano.a(lib_a-impure.o)
                0x000000002000009c                _impure_ptr
 *(.sdata2.*)
 *(.gnu.linkonce.s.*)
                0x00000000200000a0                . = ALIGN (0x8)
 *(.srodata.cst16)
 *(.srodata.cst8)
 *(.srodata.cst4)
 *(.srodata.cst2)
 *(.srodata .srodata.*)
                0x00000000200000a0                . = ALIGN (0x4)
                0x00000000200000a0                PROVIDE (_edata = .)

.bss            0x00000000200000a0      0x55c load address 0x000000000000818c
                0x00000000200000a0                . = ALIGN (0x4)
                0x00000000200000a0                PROVIDE (_sbss = .)
 *(.sbss*)
 .sbss.BACK_COLOR
                0x00000000200000a0        0x2 ./User/lcd.o
                0x00000000200000a0                BACK_COLOR
 *fill*         0x00000000200000a2        0x2 
 .sbss.TIME     0x00000000200000a4        0x4 ./User/main.o
                0x00000000200000a4                TIME
 .sbss.rxBufferReadPos
                0x00000000200000a8        0x2 ./User/main.o
                0x00000000200000a8                rxBufferReadPos
 *fill*         0x00000000200000aa        0x6 
 .sbss.temp     0x00000000200000b0        0x8 ./User/main.o
                0x00000000200000b0                temp
 .sbss.RxState.5485
                0x00000000200000b8        0x1 ./User/serial.o
 .sbss.Serial_RxData
                0x00000000200000b9        0x1 ./User/serial.o
                0x00000000200000b9                Serial_RxData
 .sbss.buf_size
                0x00000000200000ba        0x2 ./User/serial.o
                0x00000000200000ba                buf_size
 .sbss.NVIC_Priority_Group
                0x00000000200000bc        0x4 ./Peripheral/src/ch32v30x_misc.o
                0x00000000200000bc                NVIC_Priority_Group
 .sbss.p_ms     0x00000000200000c0        0x2 ./Debug/debug.o
 .sbss.p_us     0x00000000200000c2        0x1 ./Debug/debug.o
 *fill*         0x00000000200000c3        0x1 
 .sbss.__malloc_free_list
                0x00000000200000c4        0x4 f:/mounriver_studio/toolchain/risc-v embedded gcc/bin/../lib/gcc/riscv-none-embed/8.2.0/../../../../riscv-none-embed/lib/rv32imacxw/ilp32\libg_nano.a(lib_a-nano-mallocr.o)
                0x00000000200000c4                __malloc_free_list
 .sbss.__malloc_sbrk_start
                0x00000000200000c8        0x4 f:/mounriver_studio/toolchain/risc-v embedded gcc/bin/../lib/gcc/riscv-none-embed/8.2.0/../../../../riscv-none-embed/lib/rv32imacxw/ilp32\libg_nano.a(lib_a-nano-mallocr.o)
                0x00000000200000c8                __malloc_sbrk_start
 *(.gnu.linkonce.sb.*)
 *(.bss*)
 .bss.RxBuffer  0x00000000200000cc      0x400 ./User/main.o
                0x00000000200000cc                RxBuffer
 .bss.atstr     0x00000000200004cc      0x100 ./User/main.o
                0x00000000200004cc                atstr
 .bss.Serial_RxPacket
                0x00000000200005cc       0x1a ./User/serial.o
                0x00000000200005cc                Serial_RxPacket
 *fill*         0x00000000200005e6        0x2 
 .bss.rxbuf_no_crc
                0x00000000200005e8       0x10 ./User/serial.o
                0x00000000200005e8                rxbuf_no_crc
 *(.gnu.linkonce.b.*)
 *(COMMON*)
 COMMON         0x00000000200005f8        0x4 f:/mounriver_studio/toolchain/risc-v embedded gcc/bin/../lib/gcc/riscv-none-embed/8.2.0/../../../../riscv-none-embed/lib/rv32imacxw/ilp32\libg_nano.a(lib_a-reent.o)
                0x00000000200005f8                errno
                0x00000000200005fc                . = ALIGN (0x4)
                0x00000000200005fc                PROVIDE (_ebss = .)
                0x00000000200005fc                PROVIDE (_end = _ebss)
                [!provide]                        PROVIDE (end = .)

.stack          0x0000000020007800      0x800
                0x0000000020007800                PROVIDE (_heap_end = .)
                0x0000000020007800                . = ALIGN (0x4)
                [!provide]                        PROVIDE (_susrstack = .)
                0x0000000020008000                . = (. + __stack_size)
 *fill*         0x0000000020007800      0x800 
                0x0000000020008000                PROVIDE (_eusrstack = .)
OUTPUT(USART_Interrupt.elf elf32-littleriscv)

.debug_info     0x0000000000000000    0x1112f
 .debug_info    0x0000000000000000      0x962 ./User/ch32v30x_it.o
 .debug_info    0x0000000000000962     0x29ea ./User/lcd.o
 .debug_info    0x000000000000334c     0x2453 ./User/main.o
 .debug_info    0x000000000000579f      0xe04 ./User/serial.o
 .debug_info    0x00000000000065a3      0xb99 ./User/system_ch32v30x.o
 .debug_info    0x000000000000713c       0x22 ./Startup/startup_ch32v30x_D8C.o
 .debug_info    0x000000000000715e      0xd16 ./Peripheral/src/ch32v30x_dma.o
 .debug_info    0x0000000000007e74      0xf08 ./Peripheral/src/ch32v30x_fsmc.o
 .debug_info    0x0000000000008d7c     0x11cb ./Peripheral/src/ch32v30x_gpio.o
 .debug_info    0x0000000000009f47      0xf60 ./Peripheral/src/ch32v30x_misc.o
 .debug_info    0x000000000000aea7     0x156e ./Peripheral/src/ch32v30x_rcc.o
 .debug_info    0x000000000000c415     0x2a16 ./Peripheral/src/ch32v30x_tim.o
 .debug_info    0x000000000000ee2b     0x13b1 ./Peripheral/src/ch32v30x_usart.o
 .debug_info    0x00000000000101dc      0xf53 ./Debug/debug.o

.debug_abbrev   0x0000000000000000     0x29fd
 .debug_abbrev  0x0000000000000000      0x1cf ./User/ch32v30x_it.o
 .debug_abbrev  0x00000000000001cf      0x478 ./User/lcd.o
 .debug_abbrev  0x0000000000000647      0x457 ./User/main.o
 .debug_abbrev  0x0000000000000a9e      0x35a ./User/serial.o
 .debug_abbrev  0x0000000000000df8      0x2c0 ./User/system_ch32v30x.o
 .debug_abbrev  0x00000000000010b8       0x12 ./Startup/startup_ch32v30x_D8C.o
 .debug_abbrev  0x00000000000010ca      0x2fd ./Peripheral/src/ch32v30x_dma.o
 .debug_abbrev  0x00000000000013c7      0x2d9 ./Peripheral/src/ch32v30x_fsmc.o
 .debug_abbrev  0x00000000000016a0      0x31a ./Peripheral/src/ch32v30x_gpio.o
 .debug_abbrev  0x00000000000019ba      0x2e3 ./Peripheral/src/ch32v30x_misc.o
 .debug_abbrev  0x0000000000001c9d      0x351 ./Peripheral/src/ch32v30x_rcc.o
 .debug_abbrev  0x0000000000001fee      0x408 ./Peripheral/src/ch32v30x_tim.o
 .debug_abbrev  0x00000000000023f6      0x312 ./Peripheral/src/ch32v30x_usart.o
 .debug_abbrev  0x0000000000002708      0x2f5 ./Debug/debug.o

.debug_aranges  0x0000000000000000      0x998
 .debug_aranges
                0x0000000000000000       0x28 ./User/ch32v30x_it.o
 .debug_aranges
                0x0000000000000028       0xf0 ./User/lcd.o
 .debug_aranges
                0x0000000000000118       0x80 ./User/main.o
 .debug_aranges
                0x0000000000000198       0x48 ./User/serial.o
 .debug_aranges
                0x00000000000001e0       0x28 ./User/system_ch32v30x.o
 .debug_aranges
                0x0000000000000208       0x30 ./Startup/startup_ch32v30x_D8C.o
 .debug_aranges
                0x0000000000000238       0x60 ./Peripheral/src/ch32v30x_dma.o
 .debug_aranges
                0x0000000000000298       0x70 ./Peripheral/src/ch32v30x_fsmc.o
 .debug_aranges
                0x0000000000000308       0xb0 ./Peripheral/src/ch32v30x_gpio.o
 .debug_aranges
                0x00000000000003b8       0x28 ./Peripheral/src/ch32v30x_misc.o
 .debug_aranges
                0x00000000000003e0      0x1a8 ./Peripheral/src/ch32v30x_rcc.o
 .debug_aranges
                0x0000000000000588      0x2d0 ./Peripheral/src/ch32v30x_tim.o
 .debug_aranges
                0x0000000000000858       0xf0 ./Peripheral/src/ch32v30x_usart.o
 .debug_aranges
                0x0000000000000948       0x50 ./Debug/debug.o

.debug_ranges   0x0000000000000000      0xa50
 .debug_ranges  0x0000000000000000       0x18 ./User/ch32v30x_it.o
 .debug_ranges  0x0000000000000018      0x148 ./User/lcd.o
 .debug_ranges  0x0000000000000160       0xa8 ./User/main.o
 .debug_ranges  0x0000000000000208       0xa8 ./User/serial.o
 .debug_ranges  0x00000000000002b0       0x38 ./User/system_ch32v30x.o
 .debug_ranges  0x00000000000002e8       0x28 ./Startup/startup_ch32v30x_D8C.o
 .debug_ranges  0x0000000000000310       0x50 ./Peripheral/src/ch32v30x_dma.o
 .debug_ranges  0x0000000000000360       0x60 ./Peripheral/src/ch32v30x_fsmc.o
 .debug_ranges  0x00000000000003c0       0xa0 ./Peripheral/src/ch32v30x_gpio.o
 .debug_ranges  0x0000000000000460       0x48 ./Peripheral/src/ch32v30x_misc.o
 .debug_ranges  0x00000000000004a8      0x198 ./Peripheral/src/ch32v30x_rcc.o
 .debug_ranges  0x0000000000000640      0x2f0 ./Peripheral/src/ch32v30x_tim.o
 .debug_ranges  0x0000000000000930       0xe0 ./Peripheral/src/ch32v30x_usart.o
 .debug_ranges  0x0000000000000a10       0x40 ./Debug/debug.o

.debug_line     0x0000000000000000     0xd7d9
 .debug_line    0x0000000000000000      0x235 ./User/ch32v30x_it.o
 .debug_line    0x0000000000000235     0x21bc ./User/lcd.o
 .debug_line    0x00000000000023f1     0x14d1 ./User/main.o
 .debug_line    0x00000000000038c2      0x68c ./User/serial.o
 .debug_line    0x0000000000003f4e      0x8f0 ./User/system_ch32v30x.o
 .debug_line    0x000000000000483e      0x158 ./Startup/startup_ch32v30x_D8C.o
 .debug_line    0x0000000000004996      0xa09 ./Peripheral/src/ch32v30x_dma.o
 .debug_line    0x000000000000539f      0xc4e ./Peripheral/src/ch32v30x_fsmc.o
 .debug_line    0x0000000000005fed     0x1056 ./Peripheral/src/ch32v30x_gpio.o
 .debug_line    0x0000000000007043      0x406 ./Peripheral/src/ch32v30x_misc.o
 .debug_line    0x0000000000007449     0x19c1 ./Peripheral/src/ch32v30x_rcc.o
 .debug_line    0x0000000000008e0a     0x332e ./Peripheral/src/ch32v30x_tim.o
 .debug_line    0x000000000000c138      0xf2e ./Peripheral/src/ch32v30x_usart.o
 .debug_line    0x000000000000d066      0x773 ./Debug/debug.o

.debug_str      0x0000000000000000     0x35e8
 .debug_str     0x0000000000000000      0x55d ./User/ch32v30x_it.o
                                        0x5ca (size before relaxing)
 .debug_str     0x000000000000055d      0x98b ./User/lcd.o
                                        0xf6e (size before relaxing)
 .debug_str     0x0000000000000ee8      0xa35 ./User/main.o
                                       0x1433 (size before relaxing)
 .debug_str     0x000000000000191d       0xed ./User/serial.o
                                        0x781 (size before relaxing)
 .debug_str     0x0000000000001a0a      0x114 ./User/system_ch32v30x.o
                                        0x6e9 (size before relaxing)
 .debug_str     0x0000000000001b1e       0x64 ./Startup/startup_ch32v30x_D8C.o
                                         0xb4 (size before relaxing)
 .debug_str     0x0000000000001b82      0x119 ./Peripheral/src/ch32v30x_dma.o
                                        0x83d (size before relaxing)
 .debug_str     0x0000000000001c9b      0x2af ./Peripheral/src/ch32v30x_fsmc.o
                                        0xaaa (size before relaxing)
 .debug_str     0x0000000000001f4a      0x277 ./Peripheral/src/ch32v30x_gpio.o
                                        0x9fa (size before relaxing)
 .debug_str     0x00000000000021c1      0x129 ./Peripheral/src/ch32v30x_misc.o
                                        0xd03 (size before relaxing)
 .debug_str     0x00000000000022ea      0x5cb ./Peripheral/src/ch32v30x_rcc.o
                                        0xd14 (size before relaxing)
 .debug_str     0x00000000000028b5      0x960 ./Peripheral/src/ch32v30x_tim.o
                                       0x12c5 (size before relaxing)
 .debug_str     0x0000000000003215      0x329 ./Peripheral/src/ch32v30x_usart.o
                                        0xb34 (size before relaxing)
 .debug_str     0x000000000000353e       0xaa ./Debug/debug.o
                                        0x972 (size before relaxing)

.comment        0x0000000000000000       0x33
 .comment       0x0000000000000000       0x33 ./User/ch32v30x_it.o
                                         0x34 (size before relaxing)
 .comment       0x0000000000000033       0x34 ./User/lcd.o
 .comment       0x0000000000000033       0x34 ./User/main.o
 .comment       0x0000000000000033       0x34 ./User/serial.o
 .comment       0x0000000000000033       0x34 ./User/system_ch32v30x.o
 .comment       0x0000000000000033       0x34 ./Peripheral/src/ch32v30x_dma.o
 .comment       0x0000000000000033       0x34 ./Peripheral/src/ch32v30x_fsmc.o
 .comment       0x0000000000000033       0x34 ./Peripheral/src/ch32v30x_gpio.o
 .comment       0x0000000000000033       0x34 ./Peripheral/src/ch32v30x_misc.o
 .comment       0x0000000000000033       0x34 ./Peripheral/src/ch32v30x_rcc.o
 .comment       0x0000000000000033       0x34 ./Peripheral/src/ch32v30x_tim.o
 .comment       0x0000000000000033       0x34 ./Peripheral/src/ch32v30x_usart.o
 .comment       0x0000000000000033       0x34 ./Debug/debug.o
 .comment       0x0000000000000033       0x34 f:/mounriver_studio/toolchain/risc-v embedded gcc/bin/../lib/gcc/riscv-none-embed/8.2.0/../../../../riscv-none-embed/lib/rv32imacxw/ilp32\libprintfloat.a(printfloat.o)

.debug_frame    0x0000000000000000     0x1b28
 .debug_frame   0x0000000000000000       0x30 ./User/ch32v30x_it.o
 .debug_frame   0x0000000000000030      0x3cc ./User/lcd.o
 .debug_frame   0x00000000000003fc      0x1c0 ./User/main.o
 .debug_frame   0x00000000000005bc       0xc0 ./User/serial.o
 .debug_frame   0x000000000000067c       0x3c ./User/system_ch32v30x.o
 .debug_frame   0x00000000000006b8       0xd8 ./Peripheral/src/ch32v30x_dma.o
 .debug_frame   0x0000000000000790       0xc0 ./Peripheral/src/ch32v30x_fsmc.o
 .debug_frame   0x0000000000000850      0x174 ./Peripheral/src/ch32v30x_gpio.o
 .debug_frame   0x00000000000009c4       0x30 ./Peripheral/src/ch32v30x_misc.o
 .debug_frame   0x00000000000009f4      0x344 ./Peripheral/src/ch32v30x_rcc.o
 .debug_frame   0x0000000000000d38      0x614 ./Peripheral/src/ch32v30x_tim.o
 .debug_frame   0x000000000000134c      0x1e4 ./Peripheral/src/ch32v30x_usart.o
 .debug_frame   0x0000000000001530       0xb8 ./Debug/debug.o
 .debug_frame   0x00000000000015e8       0x44 f:/mounriver_studio/toolchain/risc-v embedded gcc/bin/../lib/gcc/riscv-none-embed/8.2.0/rv32imacxw/ilp32\libgcc.a(adddf3.o)
 .debug_frame   0x000000000000162c       0x20 f:/mounriver_studio/toolchain/risc-v embedded gcc/bin/../lib/gcc/riscv-none-embed/8.2.0/rv32imacxw/ilp32\libgcc.a(ledf2.o)
 .debug_frame   0x000000000000164c       0x54 f:/mounriver_studio/toolchain/risc-v embedded gcc/bin/../lib/gcc/riscv-none-embed/8.2.0/rv32imacxw/ilp32\libgcc.a(muldf3.o)
 .debug_frame   0x00000000000016a0       0x44 f:/mounriver_studio/toolchain/risc-v embedded gcc/bin/../lib/gcc/riscv-none-embed/8.2.0/rv32imacxw/ilp32\libgcc.a(subdf3.o)
 .debug_frame   0x00000000000016e4       0x20 f:/mounriver_studio/toolchain/risc-v embedded gcc/bin/../lib/gcc/riscv-none-embed/8.2.0/rv32imacxw/ilp32\libgcc.a(fixdfdi.o)
 .debug_frame   0x0000000000001704       0x40 f:/mounriver_studio/toolchain/risc-v embedded gcc/bin/../lib/gcc/riscv-none-embed/8.2.0/rv32imacxw/ilp32\libgcc.a(floatdidf.o)
 .debug_frame   0x0000000000001744       0x20 f:/mounriver_studio/toolchain/risc-v embedded gcc/bin/../lib/gcc/riscv-none-embed/8.2.0/rv32imacxw/ilp32\libgcc.a(_clzsi2.o)
 .debug_frame   0x0000000000001764       0x48 f:/mounriver_studio/toolchain/risc-v embedded gcc/bin/../lib/gcc/riscv-none-embed/8.2.0/../../../../riscv-none-embed/lib/rv32imacxw/ilp32\libg_nano.a(lib_a-vsnprintf.o)
 .debug_frame   0x00000000000017ac       0xe0 f:/mounriver_studio/toolchain/risc-v embedded gcc/bin/../lib/gcc/riscv-none-embed/8.2.0/../../../../riscv-none-embed/lib/rv32imacxw/ilp32\libg_nano.a(lib_a-nano-svfprintf.o)
 .debug_frame   0x000000000000188c       0x8c f:/mounriver_studio/toolchain/risc-v embedded gcc/bin/../lib/gcc/riscv-none-embed/8.2.0/../../../../riscv-none-embed/lib/rv32imacxw/ilp32\libg_nano.a(lib_a-nano-vfprintf_i.o)
 .debug_frame   0x0000000000001918       0x20 f:/mounriver_studio/toolchain/risc-v embedded gcc/bin/../lib/gcc/riscv-none-embed/8.2.0/../../../../riscv-none-embed/lib/rv32imacxw/ilp32\libg_nano.a(lib_a-memchr.o)
 .debug_frame   0x0000000000001938       0x20 f:/mounriver_studio/toolchain/risc-v embedded gcc/bin/../lib/gcc/riscv-none-embed/8.2.0/../../../../riscv-none-embed/lib/rv32imacxw/ilp32\libg_nano.a(lib_a-memcpy.o)
 .debug_frame   0x0000000000001958       0x20 f:/mounriver_studio/toolchain/risc-v embedded gcc/bin/../lib/gcc/riscv-none-embed/8.2.0/../../../../riscv-none-embed/lib/rv32imacxw/ilp32\libg_nano.a(lib_a-memmove.o)
 .debug_frame   0x0000000000001978       0x40 f:/mounriver_studio/toolchain/risc-v embedded gcc/bin/../lib/gcc/riscv-none-embed/8.2.0/../../../../riscv-none-embed/lib/rv32imacxw/ilp32\libg_nano.a(lib_a-nano-freer.o)
 .debug_frame   0x00000000000019b8       0x40 f:/mounriver_studio/toolchain/risc-v embedded gcc/bin/../lib/gcc/riscv-none-embed/8.2.0/../../../../riscv-none-embed/lib/rv32imacxw/ilp32\libg_nano.a(lib_a-nano-mallocr.o)
 .debug_frame   0x00000000000019f8       0x40 f:/mounriver_studio/toolchain/risc-v embedded gcc/bin/../lib/gcc/riscv-none-embed/8.2.0/../../../../riscv-none-embed/lib/rv32imacxw/ilp32\libg_nano.a(lib_a-nano-reallocr.o)
 .debug_frame   0x0000000000001a38       0x30 f:/mounriver_studio/toolchain/risc-v embedded gcc/bin/../lib/gcc/riscv-none-embed/8.2.0/../../../../riscv-none-embed/lib/rv32imacxw/ilp32\libg_nano.a(lib_a-sbrkr.o)
 .debug_frame   0x0000000000001a68       0x30 f:/mounriver_studio/toolchain/risc-v embedded gcc/bin/../lib/gcc/riscv-none-embed/8.2.0/../../../../riscv-none-embed/lib/rv32imacxw/ilp32\libg_nano.a(lib_a-mlock.o)
 .debug_frame   0x0000000000001a98       0x20 f:/mounriver_studio/toolchain/risc-v embedded gcc/bin/../lib/gcc/riscv-none-embed/8.2.0/../../../../riscv-none-embed/lib/rv32imacxw/ilp32\libg_nano.a(lib_a-nano-msizer.o)
 .debug_frame   0x0000000000001ab8       0x70 f:/mounriver_studio/toolchain/risc-v embedded gcc/bin/../lib/gcc/riscv-none-embed/8.2.0/../../../../riscv-none-embed/lib/rv32imacxw/ilp32\libg_nano.a(lib_a-reent.o)

.debug_loc      0x0000000000000000     0x5462
 .debug_loc     0x0000000000000000     0x1513 ./User/lcd.o
 .debug_loc     0x0000000000001513      0x2d8 ./User/main.o
 .debug_loc     0x00000000000017eb      0x286 ./User/serial.o
 .debug_loc     0x0000000000001a71      0x163 ./User/system_ch32v30x.o
 .debug_loc     0x0000000000001bd4      0x19a ./Peripheral/src/ch32v30x_dma.o
 .debug_loc     0x0000000000001d6e      0x2ae ./Peripheral/src/ch32v30x_fsmc.o
 .debug_loc     0x000000000000201c      0x6d6 ./Peripheral/src/ch32v30x_gpio.o
 .debug_loc     0x00000000000026f2       0x47 ./Peripheral/src/ch32v30x_misc.o
 .debug_loc     0x0000000000002739      0xadb ./Peripheral/src/ch32v30x_rcc.o
 .debug_loc     0x0000000000003214     0x195e ./Peripheral/src/ch32v30x_tim.o
 .debug_loc     0x0000000000004b72      0x779 ./Peripheral/src/ch32v30x_usart.o
 .debug_loc     0x00000000000052eb      0x177 ./Debug/debug.o
